[14-May-2026 15:51:47 UTC] 🔔 [MERC_LOG] Inicializado logger diario: /home/u727114368/domains/mercourier.com/public_html/wp-content/merc_logs/merc-debug-2026-05-14.log
[14-May-2026 15:51:47 UTC] 🌅 [RESETEO DIARIO AUTOMÁTICO] Ejecutado para 2026-05-14
[14-May-2026 15:51:49 UTC] 🔔 [MERC_LOG] Inicializado logger diario: /home/u727114368/domains/mercourier.com/public_html/wp-content/merc_logs/merc-debug-2026-05-14.log
[14-May-2026 18:13:24 UTC] 🔔 [MERC_LOG] Inicializado logger diario: /home/u727114368/domains/mercourier.com/public_html/wp-content/merc_logs/merc-debug-2026-05-14.log
[14-May-2026 18:13:24 UTC] 🔔 [MERC_LOG] Inicializado logger diario: /home/u727114368/domains/mercourier.com/public_html/wp-content/merc_logs/merc-debug-2026-05-14.log
[14-May-2026 18:13:25 UTC] MERC_DEBUG_META_UPDATE - meta_id=36263 post_id=3415 meta_key=_elementor_migrations_state_8b2d meta_value=4.0.5:6235a6c47f65a3aca2fc5a7c56ad64e4
[14-May-2026 18:13:25 UTC] MERC_DEBUG_META_UPDATE - Ignorado (no es wpcargo_status)
[14-May-2026 18:13:25 UTC] 
════════════════════════════════════════════════════════════
[14-May-2026 18:13:25 UTC] 🧹 [LIMPIEZA DIARIA] Eliminando merc_motorizo_recojo_default de todos los usuarios
[14-May-2026 18:13:25 UTC] ════════════════════════════════════════════════════════════
[14-May-2026 18:13:25 UTC] 📊 Usuarios con motorizado_recojo_default: 0
[14-May-2026 18:13:25 UTC] 🔄 Total usuarios limpios: 0
[14-May-2026 18:13:25 UTC] ✅ [LIMPIEZA DIARIA COMPLETADA] Próxima ejecución en 24 horas
[14-May-2026 18:13:25 UTC] ════════════════════════════════════════════════════════════

[14-May-2026 18:13:39 UTC] 🔔 [MERC_LOG] Inicializado logger diario: /home/u727114368/domains/mercourier.com/public_html/wp-content/merc_logs/merc-debug-2026-05-14.log
[14-May-2026 18:13:39 UTC] 🔔 [MERC_LOG] Inicializado logger diario: /home/u727114368/domains/mercourier.com/public_html/wp-content/merc_logs/merc-debug-2026-05-14.log
[14-May-2026 18:13:39 UTC] 🔔 [MERC_LOG] Inicializado logger diario: /home/u727114368/domains/mercourier.com/public_html/wp-content/merc_logs/merc-debug-2026-05-14.log
[14-May-2026 18:13:49 UTC] 🔔 [MERC_LOG] Inicializado logger diario: /home/u727114368/domains/mercourier.com/public_html/wp-content/merc_logs/merc-debug-2026-05-14.log
[14-May-2026 18:13:49 UTC] 🔔 [MERC_LOG] Inicializado logger diario: /home/u727114368/domains/mercourier.com/public_html/wp-content/merc_logs/merc-debug-2026-05-14.log
[14-May-2026 18:13:50 UTC] 🔔 [MERC_LOG] Inicializado logger diario: /home/u727114368/domains/mercourier.com/public_html/wp-content/merc_logs/merc-debug-2026-05-14.log
[14-May-2026 18:13:50 UTC] 🔔 [MERC_LOG] Inicializado logger diario: /home/u727114368/domains/mercourier.com/public_html/wp-content/merc_logs/merc-debug-2026-05-14.log
[14-May-2026 18:13:53 UTC] 🔔 [MERC_LOG] Inicializado logger diario: /home/u727114368/domains/mercourier.com/public_html/wp-content/merc_logs/merc-debug-2026-05-14.log
[14-May-2026 18:13:56 UTC] 🔔 [MERC_LOG] Inicializado logger diario: /home/u727114368/domains/mercourier.com/public_html/wp-content/merc_logs/merc-debug-2026-05-14.log
[14-May-2026 18:13:56 UTC] 🔔 [MERC_LOG] Inicializado logger diario: /home/u727114368/domains/mercourier.com/public_html/wp-content/merc_logs/merc-debug-2026-05-14.log
[14-May-2026 18:13:57 UTC] 🔔 [MERC_LOG] Inicializado logger diario: /home/u727114368/domains/mercourier.com/public_html/wp-content/merc_logs/merc-debug-2026-05-14.log
[14-May-2026 18:14:28 UTC] 🔔 [MERC_LOG] Inicializado logger diario: /home/u727114368/domains/mercourier.com/public_html/wp-content/merc_logs/merc-debug-2026-05-14.log
[14-May-2026 18:14:41 UTC] 🔔 [MERC_LOG] Inicializado logger diario: /home/u727114368/domains/mercourier.com/public_html/wp-content/merc_logs/merc-debug-2026-05-14.log
[14-May-2026 18:14:42 UTC] 🔔 [MERC_LOG] Inicializado logger diario: /home/u727114368/domains/mercourier.com/public_html/wp-content/merc_logs/merc-debug-2026-05-14.log
[14-May-2026 18:14:57 UTC] 🔔 [MERC_LOG] Inicializado logger diario: /home/u727114368/domains/mercourier.com/public_html/wp-content/merc_logs/merc-debug-2026-05-14.log
[14-May-2026 18:15:38 UTC] 🔔 [MERC_LOG] Inicializado logger diario: /home/u727114368/domains/mercourier.com/public_html/wp-content/merc_logs/merc-debug-2026-05-14.log
[14-May-2026 18:15:38 UTC] 🔔 [MERC_LOG] Inicializado logger diario: /home/u727114368/domains/mercourier.com/public_html/wp-content/merc_logs/merc-debug-2026-05-14.log
[14-May-2026 18:15:57 UTC] 🔔 [MERC_LOG] Inicializado logger diario: /home/u727114368/domains/mercourier.com/public_html/wp-content/merc_logs/merc-debug-2026-05-14.log
[14-May-2026 18:16:22 UTC] 🔔 [MERC_LOG] Inicializado logger diario: /home/u727114368/domains/mercourier.com/public_html/wp-content/merc_logs/merc-debug-2026-05-14.log
[14-May-2026 18:16:58 UTC] 🔔 [MERC_LOG] Inicializado logger diario: /home/u727114368/domains/mercourier.com/public_html/wp-content/merc_logs/merc-debug-2026-05-14.log
[14-May-2026 18:16:59 UTC] 🔔 [MERC_LOG] Inicializado logger diario: /home/u727114368/domains/mercourier.com/public_html/wp-content/merc_logs/merc-debug-2026-05-14.log
[14-May-2026 18:18:10 UTC] 🔔 [MERC_LOG] Inicializado logger diario: /home/u727114368/domains/mercourier.com/public_html/wp-content/merc_logs/merc-debug-2026-05-14.log
[14-May-2026 18:18:10 UTC] 🔔 [MERC_LOG] Inicializado logger diario: /home/u727114368/domains/mercourier.com/public_html/wp-content/merc_logs/merc-debug-2026-05-14.log
[14-May-2026 18:21:19 UTC] 🔔 [MERC_LOG] Inicializado logger diario: /home/u727114368/domains/mercourier.com/public_html/wp-content/merc_logs/merc-debug-2026-05-14.log
[14-May-2026 18:21:19 UTC] 🔔 [MERC_LOG] Inicializado logger diario: /home/u727114368/domains/mercourier.com/public_html/wp-content/merc_logs/merc-debug-2026-05-14.log
[14-May-2026 18:23:14 UTC] 🔔 [MERC_LOG] Inicializado logger diario: /home/u727114368/domains/mercourier.com/public_html/wp-content/merc_logs/merc-debug-2026-05-14.log
[14-May-2026 18:23:15 UTC] 🔔 [MERC_LOG] Inicializado logger diario: /home/u727114368/domains/mercourier.com/public_html/wp-content/merc_logs/merc-debug-2026-05-14.log
[14-May-2026 18:27:23 UTC] 🔔 [MERC_LOG] Inicializado logger diario: /home/u727114368/domains/mercourier.com/public_html/wp-content/merc_logs/merc-debug-2026-05-14.log
[14-May-2026 18:27:23 UTC] 🔔 [MERC_LOG] Inicializado logger diario: /home/u727114368/domains/mercourier.com/public_html/wp-content/merc_logs/merc-debug-2026-05-14.log
[14-May-2026 18:50:26 UTC] 🔔 [MERC_LOG] Inicializado logger diario: /home/u727114368/domains/mercourier.com/public_html/wp-content/merc_logs/merc-debug-2026-05-14.log
[14-May-2026 18:50:27 UTC] 🔔 [MERC_LOG] Inicializado logger diario: /home/u727114368/domains/mercourier.com/public_html/wp-content/merc_logs/merc-debug-2026-05-14.log
[14-May-2026 21:32:41 UTC] 🔔 [MERC_LOG] Inicializado logger diario: /home/u727114368/domains/mercourier.com/public_html/wp-content/merc_logs/merc-debug-2026-05-14.log
[14-May-2026 21:32:42 UTC] 🔔 [MERC_LOG] Inicializado logger diario: /home/u727114368/domains/mercourier.com/public_html/wp-content/merc_logs/merc-debug-2026-05-14.log
[14-May-2026 21:32:42 UTC] 
════════════════════════════════════════════════════════════
[14-May-2026 21:32:42 UTC] 🧹 [LIMPIEZA DIARIA] Eliminando merc_motorizo_recojo_default de todos los usuarios
[14-May-2026 21:32:42 UTC] ════════════════════════════════════════════════════════════
[14-May-2026 21:32:42 UTC] 📊 Usuarios con motorizado_recojo_default: 0
[14-May-2026 21:32:42 UTC] 🔄 Total usuarios limpios: 0
[14-May-2026 21:32:42 UTC] ✅ [LIMPIEZA DIARIA COMPLETADA] Próxima ejecución en 24 horas
[14-May-2026 21:32:42 UTC] ════════════════════════════════════════════════════════════

[14-May-2026 21:32:54 UTC] 🔔 [MERC_LOG] Inicializado logger diario: /home/u727114368/domains/mercourier.com/public_html/wp-content/merc_logs/merc-debug-2026-05-14.log
[14-May-2026 21:32:55 UTC] 🔔 [MERC_LOG] Inicializado logger diario: /home/u727114368/domains/mercourier.com/public_html/wp-content/merc_logs/merc-debug-2026-05-14.log
[14-May-2026 21:32:59 UTC] 🔔 [MERC_LOG] Inicializado logger diario: /home/u727114368/domains/mercourier.com/public_html/wp-content/merc_logs/merc-debug-2026-05-14.log
[14-May-2026 21:33:03 UTC] 🔔 [MERC_LOG] Inicializado logger diario: /home/u727114368/domains/mercourier.com/public_html/wp-content/merc_logs/merc-debug-2026-05-14.log
[14-May-2026 21:34:00 UTC] 🔔 [MERC_LOG] Inicializado logger diario: /home/u727114368/domains/mercourier.com/public_html/wp-content/merc_logs/merc-debug-2026-05-14.log
[14-May-2026 21:34:01 UTC] 🔔 [MERC_LOG] Inicializado logger diario: /home/u727114368/domains/mercourier.com/public_html/wp-content/merc_logs/merc-debug-2026-05-14.log
