[18-Apr-2026 15:27:28 UTC] 🔔 [MERC_LOG] Inicializado logger diario: /home/u727114368/domains/mercourier.com/public_html/wp-content/merc_logs/merc-debug-2026-04-18.log
[18-Apr-2026 15:27:28 UTC] 🌅 [RESETEO DIARIO AUTOMÁTICO] Ejecutado para 2026-04-18
[18-Apr-2026 18:23:49 UTC] 🔔 [MERC_LOG] Inicializado logger diario: /home/u727114368/domains/mercourier.com/public_html/wp-content/merc_logs/merc-debug-2026-04-18.log
[18-Apr-2026 18:23:51 UTC] 🔔 [MERC_LOG] Inicializado logger diario: /home/u727114368/domains/mercourier.com/public_html/wp-content/merc_logs/merc-debug-2026-04-18.log
[18-Apr-2026 18:23:51 UTC] 🔔 [MERC_LOG] Inicializado logger diario: /home/u727114368/domains/mercourier.com/public_html/wp-content/merc_logs/merc-debug-2026-04-18.log
[18-Apr-2026 18:23:54 UTC] 🔔 [MERC_LOG] Inicializado logger diario: /home/u727114368/domains/mercourier.com/public_html/wp-content/merc_logs/merc-debug-2026-04-18.log
[18-Apr-2026 18:24:13 UTC] 🔔 [MERC_LOG] Inicializado logger diario: /home/u727114368/domains/mercourier.com/public_html/wp-content/merc_logs/merc-debug-2026-04-18.log
[18-Apr-2026 18:24:14 UTC] 🔔 [MERC_LOG] Inicializado logger diario: /home/u727114368/domains/mercourier.com/public_html/wp-content/merc_logs/merc-debug-2026-04-18.log
[18-Apr-2026 18:24:15 UTC] 🔔 [MERC_LOG] Inicializado logger diario: /home/u727114368/domains/mercourier.com/public_html/wp-content/merc_logs/merc-debug-2026-04-18.log
[18-Apr-2026 18:24:21 UTC] 🔔 [MERC_LOG] Inicializado logger diario: /home/u727114368/domains/mercourier.com/public_html/wp-content/merc_logs/merc-debug-2026-04-18.log
[18-Apr-2026 18:24:22 UTC] 🔔 [MERC_LOG] Inicializado logger diario: /home/u727114368/domains/mercourier.com/public_html/wp-content/merc_logs/merc-debug-2026-04-18.log
[18-Apr-2026 18:24:22 UTC] 🔔 [MERC_LOG] Inicializado logger diario: /home/u727114368/domains/mercourier.com/public_html/wp-content/merc_logs/merc-debug-2026-04-18.log
[18-Apr-2026 18:24:22 UTC] 🔔 [MERC_LOG] Inicializado logger diario: /home/u727114368/domains/mercourier.com/public_html/wp-content/merc_logs/merc-debug-2026-04-18.log
[18-Apr-2026 18:24:22 UTC] 🔔 [MERC_LOG] Inicializado logger diario: /home/u727114368/domains/mercourier.com/public_html/wp-content/merc_logs/merc-debug-2026-04-18.log
[18-Apr-2026 18:24:22 UTC] 🔔 [MERC_LOG] Inicializado logger diario: /home/u727114368/domains/mercourier.com/public_html/wp-content/merc_logs/merc-debug-2026-04-18.log
[18-Apr-2026 18:24:22 UTC] 🔔 [MERC_LOG] Inicializado logger diario: /home/u727114368/domains/mercourier.com/public_html/wp-content/merc_logs/merc-debug-2026-04-18.log
[18-Apr-2026 18:24:22 UTC] 🔔 [MERC_LOG] Inicializado logger diario: /home/u727114368/domains/mercourier.com/public_html/wp-content/merc_logs/merc-debug-2026-04-18.log
[18-Apr-2026 18:24:22 UTC] 🔔 [MERC_LOG] Inicializado logger diario: /home/u727114368/domains/mercourier.com/public_html/wp-content/merc_logs/merc-debug-2026-04-18.log
[18-Apr-2026 18:24:23 UTC] Hostinger AI Assistant Log: JWT token generated for user ID: 1
[18-Apr-2026 18:24:23 UTC] 🔵 [FILTER] filter_shipment_by_date_and_tiendaname llamado
[18-Apr-2026 18:24:23 UTC] 🔵 [FILTER] Usuario actual: 1
[18-Apr-2026 18:24:23 UTC] 🔵 [FILTER] Args iniciales: {"post_type":"wpcargo_shipment","post_status":"publish","posts_per_page":"100","paged":1,"s":"","meta_query":{"relation":"AND","0":[]},"date_query":[{"after":"2026-02-17","before":"2026-04-18","inclusive":true}]}
[18-Apr-2026 18:24:23 UTC] 🔵 [FILTER] GET params: Array
(
)

[18-Apr-2026 18:24:23 UTC] 🔵 [FILTER] Sin parámetros de fecha, aplicando HOY por defecto: 2026-04-18
[18-Apr-2026 18:24:23 UTC] 🔵 [FILTER] Fecha desde: '2026-04-18' | Fecha hasta: '2026-04-18'
[18-Apr-2026 18:24:23 UTC] 🔵 [FILTER] has_from: true | has_to: true
[18-Apr-2026 18:24:23 UTC] 🔵 [FILTER] REMOVIENDO date_query para evitar conflicto
[18-Apr-2026 18:24:23 UTC] 🔵 [FILTER] SQL Query: 
            SELECT DISTINCT p.ID 
            FROM wp_posts p
            INNER JOIN wp_postmeta pm ON p.ID = pm.post_id
            WHERE p.post_type = 'wpcargo_shipment'
            AND pm.meta_key IN ('wpcargo_pickup_date_picker', 'wpcargo_pickup_date', 'calendarenvio', 'wpcargo_fecha_envio')
            AND (STR_TO_DATE(pm.meta_value, '%d/%m/%Y') >= STR_TO_DATE('2026-04-18', '%Y-%m-%d') AND STR_TO_DATE(pm.meta_value, '%d/%m/%Y') <= STR_TO_DATE('2026-04-18', '%Y-%m-%d'))
        
[18-Apr-2026 18:24:23 UTC] 🔵 [FILTER] IDs encontrados por fecha: 0
[18-Apr-2026 18:24:23 UTC] 🔵 [FILTER] Sin resultados de fecha, forzando búsqueda vacía
[18-Apr-2026 18:24:23 UTC] 🔵 [FILTER] Args finales: {"post_type":"wpcargo_shipment","post_status":"publish","posts_per_page":"100","paged":1,"s":"","meta_query":{"relation":"AND","0":[]},"post__in":[0]}
[18-Apr-2026 18:24:26 UTC] 🔔 [MERC_LOG] Inicializado logger diario: /home/u727114368/domains/mercourier.com/public_html/wp-content/merc_logs/merc-debug-2026-04-18.log
[18-Apr-2026 18:24:26 UTC] PHP Deprecated:  ¡La función WP_User-&gt;id ha sido llamada con un argumento que está <strong>obsoleto</strong> desde la versión 2.1.0! Utiliza <code>WP_User-&gt;ID</code> en su lugar. in /home/u727114368/domains/mercourier.com/public_html/wp-includes/functions.php on line 6121
[18-Apr-2026 18:24:26 UTC] 🔍 TABLA USUARIOS - Verificando bloqueo para User #36 (correo@gmail.com)
[18-Apr-2026 18:24:26 UTC]    ✓ Es cliente WPCargo
[18-Apr-2026 18:24:26 UTC]    ✓ Función de bloqueo por envíos pendientes existe, ejecutando...
[18-Apr-2026 18:24:26 UTC] =====================================
[18-Apr-2026 18:24:26 UTC] 🔍 VERIFICANDO BLOQUEO - Cliente: #36 | Fecha: 2026-04-18
[18-Apr-2026 18:24:26 UTC] URL actual: /wpcumanage-users/
[18-Apr-2026 18:24:26 UTC] =====================================
[18-Apr-2026 18:24:26 UTC] 🔎 SQL Query: 
        SELECT 
            p.ID, 
            p.post_date,
            pm_status.meta_value as estado,
            pm_pago.meta_value as estado_pago,
            pm_fecha_reprog.meta_value as fecha_reprogramada
        FROM wp_posts p
        LEFT JOIN wp_postmeta pm_shipper 
            ON p.ID = pm_shipper.post_id 
            AND pm_shipper.meta_key = 'registered_shipper'
        LEFT JOIN wp_postmeta pm_status 
            ON p.ID = pm_status.post_id 
            AND pm_status.meta_key = 'wpcargo_status'
        LEFT JOIN wp_postmeta pm_pago 
            ON p.ID = pm_pago.post_id 
            AND pm_pago.meta_key = 'wpcargo_estado_pago_remitente'
        LEFT JOIN wp_postmeta pm_fecha_reprog 
            ON p.ID = pm_fecha_reprog.post_id 
            AND pm_fecha_reprog.meta_key = 'wpcargo_pickup_date_picker'
        WHERE p.post_type = 'wpcargo_shipment'
        AND p.post_status = 'publish'
        AND pm_shipper.meta_value = '36'
    
[18-Apr-2026 18:24:26 UTC] 📊 Total envíos del cliente (sin filtrar): 4
[18-Apr-2026 18:24:26 UTC]    📅 Envío #6601: post_date_raw='2026-02-22 15:32:45' | fecha_reprog_raw='22/2/2026' | fecha_efectiva='2026-02-22' | hoy='2026-04-18'
[18-Apr-2026 18:24:26 UTC]       ❌ NO incluido (fecha no coincide)
[18-Apr-2026 18:24:26 UTC]    📅 Envío #6602: post_date_raw='2026-02-22 15:32:45' | fecha_reprog_raw='22/2/2026' | fecha_efectiva='2026-02-22' | hoy='2026-04-18'
[18-Apr-2026 18:24:26 UTC]       ❌ NO incluido (fecha no coincide)
[18-Apr-2026 18:24:26 UTC]    📅 Envío #6603: post_date_raw='2026-02-22 15:32:45' | fecha_reprog_raw='22/2/2026' | fecha_efectiva='2026-02-22' | hoy='2026-04-18'
[18-Apr-2026 18:24:26 UTC]       ❌ NO incluido (fecha no coincide)
[18-Apr-2026 18:24:26 UTC]    📅 Envío #6604: post_date_raw='2026-02-22 15:32:45' | fecha_reprog_raw='22/2/2026' | fecha_efectiva='2026-02-22' | hoy='2026-04-18'
[18-Apr-2026 18:24:26 UTC]       ❌ NO incluido (fecha no coincide)
[18-Apr-2026 18:24:26 UTC] 📦 Total envíos encontrados para HOY: 0
[18-Apr-2026 18:24:26 UTC] ✅ PERMITIDO: Cliente #36 sin envíos hoy - Puede crear
[18-Apr-2026 18:24:26 UTC] =====================================
[18-Apr-2026 18:24:26 UTC]    📊 Bloqueo automático por envíos pendientes: NO BLOQUEADO
[18-Apr-2026 18:24:26 UTC] 🔍 [NORMAL] Verificando bloqueo para cliente #36 - Hora: 13:24
[18-Apr-2026 18:24:26 UTC] 🔴 [NORMAL] BLOQUEADO: Sin envíos y pasadas las 10:00 AM
[18-Apr-2026 18:24:26 UTC]    ✓ BLOQUEADO: Es tarde para envíos NORMAL
[18-Apr-2026 18:24:26 UTC] 🔍 [EXPRESS] Verificando bloqueo para cliente #36 - Hora: 13:24
[18-Apr-2026 18:24:26 UTC] 🔴 [EXPRESS] BLOQUEADO: Sin envíos y pasadas las 12:30 PM
[18-Apr-2026 18:24:26 UTC]    ✓ BLOQUEADO: Es tarde para envíos EXPRESS
[18-Apr-2026 18:24:26 UTC] 🔍 [FULL_FITMENT] Verificando bloqueo para cliente #36 - Hora: 13:24
[18-Apr-2026 18:24:26 UTC] 🔴 [FULL_FITMENT] BLOQUEADO: Sin envíos y pasadas las 11:30 AM
[18-Apr-2026 18:24:26 UTC]    ✓ BLOQUEADO: Es tarde para envíos FULL FITMENT
[18-Apr-2026 18:24:26 UTC]    📊 Bloqueo automático por horario: BLOQUEADO
[18-Apr-2026 18:24:26 UTC]    📊 Resultado final: BLOQUEADO
[18-Apr-2026 18:24:26 UTC] PHP Deprecated:  ¡La función WP_User-&gt;id ha sido llamada con un argumento que está <strong>obsoleto</strong> desde la versión 2.1.0! Utiliza <code>WP_User-&gt;ID</code> en su lugar. in /home/u727114368/domains/mercourier.com/public_html/wp-includes/functions.php on line 6121
[18-Apr-2026 18:24:26 UTC] 🔍 TABLA USUARIOS - Verificando bloqueo para User #2 (david)
[18-Apr-2026 18:24:26 UTC]    ℹ️ No es cliente WPCargo (roles: wpcargo_driver)
[18-Apr-2026 18:24:26 UTC] PHP Deprecated:  ¡La función WP_User-&gt;id ha sido llamada con un argumento que está <strong>obsoleto</strong> desde la versión 2.1.0! Utiliza <code>WP_User-&gt;ID</code> en su lugar. in /home/u727114368/domains/mercourier.com/public_html/wp-includes/functions.php on line 6121
[18-Apr-2026 18:24:26 UTC] 🔍 TABLA USUARIOS - Verificando bloqueo para User #3 (davidmorilloacuna@gmail.com)
[18-Apr-2026 18:24:26 UTC]    ✓ Es cliente WPCargo
[18-Apr-2026 18:24:26 UTC]    ✓ Función de bloqueo por envíos pendientes existe, ejecutando...
[18-Apr-2026 18:24:26 UTC] =====================================
[18-Apr-2026 18:24:26 UTC] 🔍 VERIFICANDO BLOQUEO - Cliente: #3 | Fecha: 2026-04-18
[18-Apr-2026 18:24:26 UTC] URL actual: /wpcumanage-users/
[18-Apr-2026 18:24:26 UTC] =====================================
[18-Apr-2026 18:24:26 UTC] 🔎 SQL Query: 
        SELECT 
            p.ID, 
            p.post_date,
            pm_status.meta_value as estado,
            pm_pago.meta_value as estado_pago,
            pm_fecha_reprog.meta_value as fecha_reprogramada
        FROM wp_posts p
        LEFT JOIN wp_postmeta pm_shipper 
            ON p.ID = pm_shipper.post_id 
            AND pm_shipper.meta_key = 'registered_shipper'
        LEFT JOIN wp_postmeta pm_status 
            ON p.ID = pm_status.post_id 
            AND pm_status.meta_key = 'wpcargo_status'
        LEFT JOIN wp_postmeta pm_pago 
            ON p.ID = pm_pago.post_id 
            AND pm_pago.meta_key = 'wpcargo_estado_pago_remitente'
        LEFT JOIN wp_postmeta pm_fecha_reprog 
            ON p.ID = pm_fecha_reprog.post_id 
            AND pm_fecha_reprog.meta_key = 'wpcargo_pickup_date_picker'
        WHERE p.post_type = 'wpcargo_shipment'
        AND p.post_status = 'publish'
        AND pm_shipper.meta_value = '3'
    
[18-Apr-2026 18:24:26 UTC] 📊 Total envíos del cliente (sin filtrar): 5
[18-Apr-2026 18:24:26 UTC]    📅 Envío #6584: post_date_raw='2026-02-21 14:30:19' | fecha_reprog_raw='21/02/2026' | fecha_efectiva='2026-02-21' | hoy='2026-04-18'
[18-Apr-2026 18:24:26 UTC]       ❌ NO incluido (fecha no coincide)
[18-Apr-2026 18:24:26 UTC]    📅 Envío #6641: post_date_raw='2026-02-22 21:51:11' | fecha_reprog_raw='22/2/2026' | fecha_efectiva='2026-02-22' | hoy='2026-04-18'
[18-Apr-2026 18:24:26 UTC]       ❌ NO incluido (fecha no coincide)
[18-Apr-2026 18:24:26 UTC]    📅 Envío #6642: post_date_raw='2026-02-22 21:51:11' | fecha_reprog_raw='22/2/2026' | fecha_efectiva='2026-02-22' | hoy='2026-04-18'
[18-Apr-2026 18:24:26 UTC]       ❌ NO incluido (fecha no coincide)
[18-Apr-2026 18:24:26 UTC]    📅 Envío #6643: post_date_raw='2026-02-22 21:51:11' | fecha_reprog_raw='22/2/2026' | fecha_efectiva='2026-02-22' | hoy='2026-04-18'
[18-Apr-2026 18:24:26 UTC]       ❌ NO incluido (fecha no coincide)
[18-Apr-2026 18:24:26 UTC]    📅 Envío #6644: post_date_raw='2026-02-22 21:51:11' | fecha_reprog_raw='22/2/2026' | fecha_efectiva='2026-02-22' | hoy='2026-04-18'
[18-Apr-2026 18:24:26 UTC]       ❌ NO incluido (fecha no coincide)
[18-Apr-2026 18:24:26 UTC] 📦 Total envíos encontrados para HOY: 0
[18-Apr-2026 18:24:26 UTC] ✅ PERMITIDO: Cliente #3 sin envíos hoy - Puede crear
[18-Apr-2026 18:24:26 UTC] =====================================
[18-Apr-2026 18:24:26 UTC]    📊 Bloqueo automático por envíos pendientes: NO BLOQUEADO
[18-Apr-2026 18:24:26 UTC] 🔍 [NORMAL] Verificando bloqueo para cliente #3 - Hora: 13:24
[18-Apr-2026 18:24:26 UTC] 🔴 [NORMAL] BLOQUEADO: Sin envíos y pasadas las 10:00 AM
[18-Apr-2026 18:24:26 UTC]    ✓ BLOQUEADO: Es tarde para envíos NORMAL
[18-Apr-2026 18:24:26 UTC] 🔍 [EXPRESS] Verificando bloqueo para cliente #3 - Hora: 13:24
[18-Apr-2026 18:24:26 UTC] 🔴 [EXPRESS] BLOQUEADO: Sin envíos y pasadas las 12:30 PM
[18-Apr-2026 18:24:26 UTC]    ✓ BLOQUEADO: Es tarde para envíos EXPRESS
[18-Apr-2026 18:24:26 UTC] 🔍 [FULL_FITMENT] Verificando bloqueo para cliente #3 - Hora: 13:24
[18-Apr-2026 18:24:26 UTC] 🔴 [FULL_FITMENT] BLOQUEADO: Sin envíos y pasadas las 11:30 AM
[18-Apr-2026 18:24:26 UTC]    ✓ BLOQUEADO: Es tarde para envíos FULL FITMENT
[18-Apr-2026 18:24:26 UTC]    📊 Bloqueo automático por horario: BLOQUEADO
[18-Apr-2026 18:24:26 UTC]    📊 Resultado final: BLOQUEADO
[18-Apr-2026 18:24:26 UTC] PHP Deprecated:  ¡La función WP_User-&gt;id ha sido llamada con un argumento que está <strong>obsoleto</strong> desde la versión 2.1.0! Utiliza <code>WP_User-&gt;ID</code> en su lugar. in /home/u727114368/domains/mercourier.com/public_html/wp-includes/functions.php on line 6121
[18-Apr-2026 18:24:26 UTC] 🔍 TABLA USUARIOS - Verificando bloqueo para User #18 (diffcode10@gmail.com)
[18-Apr-2026 18:24:26 UTC]    ✓ Es cliente WPCargo
[18-Apr-2026 18:24:26 UTC]    ✓ Función de bloqueo por envíos pendientes existe, ejecutando...
[18-Apr-2026 18:24:26 UTC] =====================================
[18-Apr-2026 18:24:26 UTC] 🔍 VERIFICANDO BLOQUEO - Cliente: #18 | Fecha: 2026-04-18
[18-Apr-2026 18:24:26 UTC] URL actual: /wpcumanage-users/
[18-Apr-2026 18:24:26 UTC] =====================================
[18-Apr-2026 18:24:26 UTC] 🔎 SQL Query: 
        SELECT 
            p.ID, 
            p.post_date,
            pm_status.meta_value as estado,
            pm_pago.meta_value as estado_pago,
            pm_fecha_reprog.meta_value as fecha_reprogramada
        FROM wp_posts p
        LEFT JOIN wp_postmeta pm_shipper 
            ON p.ID = pm_shipper.post_id 
            AND pm_shipper.meta_key = 'registered_shipper'
        LEFT JOIN wp_postmeta pm_status 
            ON p.ID = pm_status.post_id 
            AND pm_status.meta_key = 'wpcargo_status'
        LEFT JOIN wp_postmeta pm_pago 
            ON p.ID = pm_pago.post_id 
            AND pm_pago.meta_key = 'wpcargo_estado_pago_remitente'
        LEFT JOIN wp_postmeta pm_fecha_reprog 
            ON p.ID = pm_fecha_reprog.post_id 
            AND pm_fecha_reprog.meta_key = 'wpcargo_pickup_date_picker'
        WHERE p.post_type = 'wpcargo_shipment'
        AND p.post_status = 'publish'
        AND pm_shipper.meta_value = '18'
    
[18-Apr-2026 18:24:26 UTC] 📊 Total envíos del cliente (sin filtrar): 0
[18-Apr-2026 18:24:26 UTC] 📦 Total envíos encontrados para HOY: 0
[18-Apr-2026 18:24:26 UTC] ✅ PERMITIDO: Cliente #18 sin envíos hoy - Puede crear
[18-Apr-2026 18:24:26 UTC] =====================================
[18-Apr-2026 18:24:26 UTC]    📊 Bloqueo automático por envíos pendientes: NO BLOQUEADO
[18-Apr-2026 18:24:26 UTC] 🔍 [NORMAL] Verificando bloqueo para cliente #18 - Hora: 13:24
[18-Apr-2026 18:24:26 UTC] 🔴 [NORMAL] BLOQUEADO: Sin envíos y pasadas las 10:00 AM
[18-Apr-2026 18:24:26 UTC]    ✓ BLOQUEADO: Es tarde para envíos NORMAL
[18-Apr-2026 18:24:26 UTC] 🔍 [EXPRESS] Verificando bloqueo para cliente #18 - Hora: 13:24
[18-Apr-2026 18:24:26 UTC] 🔴 [EXPRESS] BLOQUEADO: Sin envíos y pasadas las 12:30 PM
[18-Apr-2026 18:24:26 UTC]    ✓ BLOQUEADO: Es tarde para envíos EXPRESS
[18-Apr-2026 18:24:26 UTC] 🔍 [FULL_FITMENT] Verificando bloqueo para cliente #18 - Hora: 13:24
[18-Apr-2026 18:24:26 UTC] 🔴 [FULL_FITMENT] BLOQUEADO: Sin envíos y pasadas las 11:30 AM
[18-Apr-2026 18:24:26 UTC]    ✓ BLOQUEADO: Es tarde para envíos FULL FITMENT
[18-Apr-2026 18:24:26 UTC]    📊 Bloqueo automático por horario: BLOQUEADO
[18-Apr-2026 18:24:26 UTC]    📊 Resultado final: BLOQUEADO
[18-Apr-2026 18:24:26 UTC] PHP Deprecated:  ¡La función WP_User-&gt;id ha sido llamada con un argumento que está <strong>obsoleto</strong> desde la versión 2.1.0! Utiliza <code>WP_User-&gt;ID</code> en su lugar. in /home/u727114368/domains/mercourier.com/public_html/wp-includes/functions.php on line 6121
[18-Apr-2026 18:24:26 UTC] 🔍 TABLA USUARIOS - Verificando bloqueo para User #23 (gcavdahunEr@seoflagman.ru)
[18-Apr-2026 18:24:26 UTC]    ✓ Es cliente WPCargo
[18-Apr-2026 18:24:26 UTC]    ✓ Función de bloqueo por envíos pendientes existe, ejecutando...
[18-Apr-2026 18:24:26 UTC] =====================================
[18-Apr-2026 18:24:26 UTC] 🔍 VERIFICANDO BLOQUEO - Cliente: #23 | Fecha: 2026-04-18
[18-Apr-2026 18:24:26 UTC] URL actual: /wpcumanage-users/
[18-Apr-2026 18:24:26 UTC] =====================================
[18-Apr-2026 18:24:26 UTC] 🔎 SQL Query: 
        SELECT 
            p.ID, 
            p.post_date,
            pm_status.meta_value as estado,
            pm_pago.meta_value as estado_pago,
            pm_fecha_reprog.meta_value as fecha_reprogramada
        FROM wp_posts p
        LEFT JOIN wp_postmeta pm_shipper 
            ON p.ID = pm_shipper.post_id 
            AND pm_shipper.meta_key = 'registered_shipper'
        LEFT JOIN wp_postmeta pm_status 
            ON p.ID = pm_status.post_id 
            AND pm_status.meta_key = 'wpcargo_status'
        LEFT JOIN wp_postmeta pm_pago 
            ON p.ID = pm_pago.post_id 
            AND pm_pago.meta_key = 'wpcargo_estado_pago_remitente'
        LEFT JOIN wp_postmeta pm_fecha_reprog 
            ON p.ID = pm_fecha_reprog.post_id 
            AND pm_fecha_reprog.meta_key = 'wpcargo_pickup_date_picker'
        WHERE p.post_type = 'wpcargo_shipment'
        AND p.post_status = 'publish'
        AND pm_shipper.meta_value = '23'
    
[18-Apr-2026 18:24:26 UTC] 📊 Total envíos del cliente (sin filtrar): 0
[18-Apr-2026 18:24:26 UTC] 📦 Total envíos encontrados para HOY: 0
[18-Apr-2026 18:24:26 UTC] ✅ PERMITIDO: Cliente #23 sin envíos hoy - Puede crear
[18-Apr-2026 18:24:26 UTC] =====================================
[18-Apr-2026 18:24:26 UTC]    📊 Bloqueo automático por envíos pendientes: NO BLOQUEADO
[18-Apr-2026 18:24:26 UTC] 🔍 [NORMAL] Verificando bloqueo para cliente #23 - Hora: 13:24
[18-Apr-2026 18:24:26 UTC] 🔴 [NORMAL] BLOQUEADO: Sin envíos y pasadas las 10:00 AM
[18-Apr-2026 18:24:26 UTC]    ✓ BLOQUEADO: Es tarde para envíos NORMAL
[18-Apr-2026 18:24:26 UTC] 🔍 [EXPRESS] Verificando bloqueo para cliente #23 - Hora: 13:24
[18-Apr-2026 18:24:26 UTC] 🔴 [EXPRESS] BLOQUEADO: Sin envíos y pasadas las 12:30 PM
[18-Apr-2026 18:24:26 UTC]    ✓ BLOQUEADO: Es tarde para envíos EXPRESS
[18-Apr-2026 18:24:26 UTC] 🔍 [FULL_FITMENT] Verificando bloqueo para cliente #23 - Hora: 13:24
[18-Apr-2026 18:24:26 UTC] 🔴 [FULL_FITMENT] BLOQUEADO: Sin envíos y pasadas las 11:30 AM
[18-Apr-2026 18:24:26 UTC]    ✓ BLOQUEADO: Es tarde para envíos FULL FITMENT
[18-Apr-2026 18:24:26 UTC]    📊 Bloqueo automático por horario: BLOQUEADO
[18-Apr-2026 18:24:26 UTC]    📊 Resultado final: BLOQUEADO
[18-Apr-2026 18:24:26 UTC] PHP Deprecated:  ¡La función WP_User-&gt;id ha sido llamada con un argumento que está <strong>obsoleto</strong> desde la versión 2.1.0! Utiliza <code>WP_User-&gt;ID</code> en su lugar. in /home/u727114368/domains/mercourier.com/public_html/wp-includes/functions.php on line 6121
[18-Apr-2026 18:24:26 UTC] 🔍 TABLA USUARIOS - Verificando bloqueo para User #29 (giuseepiggwp@gmail.com)
[18-Apr-2026 18:24:26 UTC]    ℹ️ No es cliente WPCargo (roles: wpcargo_pending_client)
[18-Apr-2026 18:24:26 UTC] PHP Deprecated:  ¡La función WP_User-&gt;id ha sido llamada con un argumento que está <strong>obsoleto</strong> desde la versión 2.1.0! Utiliza <code>WP_User-&gt;ID</code> en su lugar. in /home/u727114368/domains/mercourier.com/public_html/wp-includes/functions.php on line 6121
[18-Apr-2026 18:24:26 UTC] 🔍 TABLA USUARIOS - Verificando bloqueo para User #24 (grissel.6@gmail.com)
[18-Apr-2026 18:24:26 UTC]    ✓ Es cliente WPCargo
[18-Apr-2026 18:24:26 UTC]    ✓ Función de bloqueo por envíos pendientes existe, ejecutando...
[18-Apr-2026 18:24:26 UTC] =====================================
[18-Apr-2026 18:24:26 UTC] 🔍 VERIFICANDO BLOQUEO - Cliente: #24 | Fecha: 2026-04-18
[18-Apr-2026 18:24:26 UTC] URL actual: /wpcumanage-users/
[18-Apr-2026 18:24:26 UTC] =====================================
[18-Apr-2026 18:24:27 UTC] 🔎 SQL Query: 
        SELECT 
            p.ID, 
            p.post_date,
            pm_status.meta_value as estado,
            pm_pago.meta_value as estado_pago,
            pm_fecha_reprog.meta_value as fecha_reprogramada
        FROM wp_posts p
        LEFT JOIN wp_postmeta pm_shipper 
            ON p.ID = pm_shipper.post_id 
            AND pm_shipper.meta_key = 'registered_shipper'
        LEFT JOIN wp_postmeta pm_status 
            ON p.ID = pm_status.post_id 
            AND pm_status.meta_key = 'wpcargo_status'
        LEFT JOIN wp_postmeta pm_pago 
            ON p.ID = pm_pago.post_id 
            AND pm_pago.meta_key = 'wpcargo_estado_pago_remitente'
        LEFT JOIN wp_postmeta pm_fecha_reprog 
            ON p.ID = pm_fecha_reprog.post_id 
            AND pm_fecha_reprog.meta_key = 'wpcargo_pickup_date_picker'
        WHERE p.post_type = 'wpcargo_shipment'
        AND p.post_status = 'publish'
        AND pm_shipper.meta_value = '24'
    
[18-Apr-2026 18:24:27 UTC] 📊 Total envíos del cliente (sin filtrar): 0
[18-Apr-2026 18:24:27 UTC] 📦 Total envíos encontrados para HOY: 0
[18-Apr-2026 18:24:27 UTC] ✅ PERMITIDO: Cliente #24 sin envíos hoy - Puede crear
[18-Apr-2026 18:24:27 UTC] =====================================
[18-Apr-2026 18:24:27 UTC]    📊 Bloqueo automático por envíos pendientes: NO BLOQUEADO
[18-Apr-2026 18:24:27 UTC] 🔍 [NORMAL] Verificando bloqueo para cliente #24 - Hora: 13:24
[18-Apr-2026 18:24:27 UTC] 🔴 [NORMAL] BLOQUEADO: Sin envíos y pasadas las 10:00 AM
[18-Apr-2026 18:24:27 UTC]    ✓ BLOQUEADO: Es tarde para envíos NORMAL
[18-Apr-2026 18:24:27 UTC] 🔍 [EXPRESS] Verificando bloqueo para cliente #24 - Hora: 13:24
[18-Apr-2026 18:24:27 UTC] 🔴 [EXPRESS] BLOQUEADO: Sin envíos y pasadas las 12:30 PM
[18-Apr-2026 18:24:27 UTC]    ✓ BLOQUEADO: Es tarde para envíos EXPRESS
[18-Apr-2026 18:24:27 UTC] 🔍 [FULL_FITMENT] Verificando bloqueo para cliente #24 - Hora: 13:24
[18-Apr-2026 18:24:27 UTC] 🔴 [FULL_FITMENT] BLOQUEADO: Sin envíos y pasadas las 11:30 AM
[18-Apr-2026 18:24:27 UTC]    ✓ BLOQUEADO: Es tarde para envíos FULL FITMENT
[18-Apr-2026 18:24:27 UTC]    📊 Bloqueo automático por horario: BLOQUEADO
[18-Apr-2026 18:24:27 UTC]    📊 Resultado final: BLOQUEADO
[18-Apr-2026 18:24:27 UTC] PHP Deprecated:  ¡La función WP_User-&gt;id ha sido llamada con un argumento que está <strong>obsoleto</strong> desde la versión 2.1.0! Utiliza <code>WP_User-&gt;ID</code> en su lugar. in /home/u727114368/domains/mercourier.com/public_html/wp-includes/functions.php on line 6121
[18-Apr-2026 18:24:27 UTC] 🔍 TABLA USUARIOS - Verificando bloqueo para User #12 (haroldalvaradotineo@gmail.com)
[18-Apr-2026 18:24:27 UTC]    ℹ️ No es cliente WPCargo (roles: wpcargo_driver)
[18-Apr-2026 18:24:27 UTC] PHP Deprecated:  ¡La función WP_User-&gt;id ha sido llamada con un argumento que está <strong>obsoleto</strong> desde la versión 2.1.0! Utiliza <code>WP_User-&gt;ID</code> en su lugar. in /home/u727114368/domains/mercourier.com/public_html/wp-includes/functions.php on line 6121
[18-Apr-2026 18:24:27 UTC] 🔍 TABLA USUARIOS - Verificando bloqueo para User #34 (isaiasjossep.sanchezgutierrez@gmail.com)
[18-Apr-2026 18:24:27 UTC]    ✓ Es cliente WPCargo
[18-Apr-2026 18:24:27 UTC]    ✓ Función de bloqueo por envíos pendientes existe, ejecutando...
[18-Apr-2026 18:24:27 UTC] =====================================
[18-Apr-2026 18:24:27 UTC] 🔍 VERIFICANDO BLOQUEO - Cliente: #34 | Fecha: 2026-04-18
[18-Apr-2026 18:24:27 UTC] URL actual: /wpcumanage-users/
[18-Apr-2026 18:24:27 UTC] =====================================
[18-Apr-2026 18:24:27 UTC] 🔎 SQL Query: 
        SELECT 
            p.ID, 
            p.post_date,
            pm_status.meta_value as estado,
            pm_pago.meta_value as estado_pago,
            pm_fecha_reprog.meta_value as fecha_reprogramada
        FROM wp_posts p
        LEFT JOIN wp_postmeta pm_shipper 
            ON p.ID = pm_shipper.post_id 
            AND pm_shipper.meta_key = 'registered_shipper'
        LEFT JOIN wp_postmeta pm_status 
            ON p.ID = pm_status.post_id 
            AND pm_status.meta_key = 'wpcargo_status'
        LEFT JOIN wp_postmeta pm_pago 
            ON p.ID = pm_pago.post_id 
            AND pm_pago.meta_key = 'wpcargo_estado_pago_remitente'
        LEFT JOIN wp_postmeta pm_fecha_reprog 
            ON p.ID = pm_fecha_reprog.post_id 
            AND pm_fecha_reprog.meta_key = 'wpcargo_pickup_date_picker'
        WHERE p.post_type = 'wpcargo_shipment'
        AND p.post_status = 'publish'
        AND pm_shipper.meta_value = '34'
    
[18-Apr-2026 18:24:27 UTC] 📊 Total envíos del cliente (sin filtrar): 0
[18-Apr-2026 18:24:27 UTC] 📦 Total envíos encontrados para HOY: 0
[18-Apr-2026 18:24:27 UTC] ✅ PERMITIDO: Cliente #34 sin envíos hoy - Puede crear
[18-Apr-2026 18:24:27 UTC] =====================================
[18-Apr-2026 18:24:27 UTC]    📊 Bloqueo automático por envíos pendientes: NO BLOQUEADO
[18-Apr-2026 18:24:27 UTC] 🔍 [NORMAL] Verificando bloqueo para cliente #34 - Hora: 13:24
[18-Apr-2026 18:24:27 UTC] 🔴 [NORMAL] BLOQUEADO: Sin envíos y pasadas las 10:00 AM
[18-Apr-2026 18:24:27 UTC]    ✓ BLOQUEADO: Es tarde para envíos NORMAL
[18-Apr-2026 18:24:27 UTC] 🔍 [EXPRESS] Verificando bloqueo para cliente #34 - Hora: 13:24
[18-Apr-2026 18:24:27 UTC] 🔴 [EXPRESS] BLOQUEADO: Sin envíos y pasadas las 12:30 PM
[18-Apr-2026 18:24:27 UTC]    ✓ BLOQUEADO: Es tarde para envíos EXPRESS
[18-Apr-2026 18:24:27 UTC] 🔍 [FULL_FITMENT] Verificando bloqueo para cliente #34 - Hora: 13:24
[18-Apr-2026 18:24:27 UTC] 🔴 [FULL_FITMENT] BLOQUEADO: Sin envíos y pasadas las 11:30 AM
[18-Apr-2026 18:24:27 UTC]    ✓ BLOQUEADO: Es tarde para envíos FULL FITMENT
[18-Apr-2026 18:24:27 UTC]    📊 Bloqueo automático por horario: BLOQUEADO
[18-Apr-2026 18:24:27 UTC]    📊 Resultado final: BLOQUEADO
[18-Apr-2026 18:24:27 UTC] PHP Deprecated:  ¡La función WP_User-&gt;id ha sido llamada con un argumento que está <strong>obsoleto</strong> desde la versión 2.1.0! Utiliza <code>WP_User-&gt;ID</code> en su lugar. in /home/u727114368/domains/mercourier.com/public_html/wp-includes/functions.php on line 6121
[18-Apr-2026 18:24:27 UTC] 🔍 TABLA USUARIOS - Verificando bloqueo para User #14 (isaiasjossepsg@gmail.com)
[18-Apr-2026 18:24:27 UTC]    ℹ️ No es cliente WPCargo (roles: wpcargo_driver)
[18-Apr-2026 18:24:27 UTC] PHP Deprecated:  ¡La función WP_User-&gt;id ha sido llamada con un argumento que está <strong>obsoleto</strong> desde la versión 2.1.0! Utiliza <code>WP_User-&gt;ID</code> en su lugar. in /home/u727114368/domains/mercourier.com/public_html/wp-includes/functions.php on line 6121
[18-Apr-2026 18:24:27 UTC] 🔍 TABLA USUARIOS - Verificando bloqueo para User #35 (jojodeab@gmail.com)
[18-Apr-2026 18:24:27 UTC]    ℹ️ No es cliente WPCargo (roles: wpcargo_pending_client)
[18-Apr-2026 18:24:27 UTC] PHP Deprecated:  ¡La función WP_User-&gt;id ha sido llamada con un argumento que está <strong>obsoleto</strong> desde la versión 2.1.0! Utiliza <code>WP_User-&gt;ID</code> en su lugar. in /home/u727114368/domains/mercourier.com/public_html/wp-includes/functions.php on line 6121
[18-Apr-2026 18:24:27 UTC] 🔍 TABLA USUARIOS - Verificando bloqueo para User #25 (marisabel_16_02@hotmail.com)
[18-Apr-2026 18:24:27 UTC]    ✓ Es cliente WPCargo
[18-Apr-2026 18:24:27 UTC]    ✓ Función de bloqueo por envíos pendientes existe, ejecutando...
[18-Apr-2026 18:24:27 UTC] =====================================
[18-Apr-2026 18:24:27 UTC] 🔍 VERIFICANDO BLOQUEO - Cliente: #25 | Fecha: 2026-04-18
[18-Apr-2026 18:24:27 UTC] URL actual: /wpcumanage-users/
[18-Apr-2026 18:24:27 UTC] =====================================
[18-Apr-2026 18:24:27 UTC] 🔎 SQL Query: 
        SELECT 
            p.ID, 
            p.post_date,
            pm_status.meta_value as estado,
            pm_pago.meta_value as estado_pago,
            pm_fecha_reprog.meta_value as fecha_reprogramada
        FROM wp_posts p
        LEFT JOIN wp_postmeta pm_shipper 
            ON p.ID = pm_shipper.post_id 
            AND pm_shipper.meta_key = 'registered_shipper'
        LEFT JOIN wp_postmeta pm_status 
            ON p.ID = pm_status.post_id 
            AND pm_status.meta_key = 'wpcargo_status'
        LEFT JOIN wp_postmeta pm_pago 
            ON p.ID = pm_pago.post_id 
            AND pm_pago.meta_key = 'wpcargo_estado_pago_remitente'
        LEFT JOIN wp_postmeta pm_fecha_reprog 
            ON p.ID = pm_fecha_reprog.post_id 
            AND pm_fecha_reprog.meta_key = 'wpcargo_pickup_date_picker'
        WHERE p.post_type = 'wpcargo_shipment'
        AND p.post_status = 'publish'
        AND pm_shipper.meta_value = '25'
    
[18-Apr-2026 18:24:27 UTC] 📊 Total envíos del cliente (sin filtrar): 0
[18-Apr-2026 18:24:27 UTC] 📦 Total envíos encontrados para HOY: 0
[18-Apr-2026 18:24:27 UTC] ✅ PERMITIDO: Cliente #25 sin envíos hoy - Puede crear
[18-Apr-2026 18:24:27 UTC] =====================================
[18-Apr-2026 18:24:27 UTC]    📊 Bloqueo automático por envíos pendientes: NO BLOQUEADO
[18-Apr-2026 18:24:27 UTC] 🔍 [NORMAL] Verificando bloqueo para cliente #25 - Hora: 13:24
[18-Apr-2026 18:24:27 UTC] 🔴 [NORMAL] BLOQUEADO: Sin envíos y pasadas las 10:00 AM
[18-Apr-2026 18:24:27 UTC]    ✓ BLOQUEADO: Es tarde para envíos NORMAL
[18-Apr-2026 18:24:27 UTC] 🔍 [EXPRESS] Verificando bloqueo para cliente #25 - Hora: 13:24
[18-Apr-2026 18:24:27 UTC] 🔴 [EXPRESS] BLOQUEADO: Sin envíos y pasadas las 12:30 PM
[18-Apr-2026 18:24:27 UTC]    ✓ BLOQUEADO: Es tarde para envíos EXPRESS
[18-Apr-2026 18:24:27 UTC] 🔍 [FULL_FITMENT] Verificando bloqueo para cliente #25 - Hora: 13:24
[18-Apr-2026 18:24:27 UTC] 🔴 [FULL_FITMENT] BLOQUEADO: Sin envíos y pasadas las 11:30 AM
[18-Apr-2026 18:24:27 UTC]    ✓ BLOQUEADO: Es tarde para envíos FULL FITMENT
[18-Apr-2026 18:24:27 UTC]    📊 Bloqueo automático por horario: BLOQUEADO
[18-Apr-2026 18:24:27 UTC]    📊 Resultado final: BLOQUEADO
[18-Apr-2026 18:24:27 UTC] PHP Deprecated:  ¡La función WP_User-&gt;id ha sido llamada con un argumento que está <strong>obsoleto</strong> desde la versión 2.1.0! Utiliza <code>WP_User-&gt;ID</code> en su lugar. in /home/u727114368/domains/mercourier.com/public_html/wp-includes/functions.php on line 6121
[18-Apr-2026 18:24:27 UTC] 🔍 TABLA USUARIOS - Verificando bloqueo para User #26 (MIRELLAVU6@GMAIL.COM)
[18-Apr-2026 18:24:27 UTC]    ✓ Es cliente WPCargo
[18-Apr-2026 18:24:27 UTC]    ✓ Función de bloqueo por envíos pendientes existe, ejecutando...
[18-Apr-2026 18:24:27 UTC] =====================================
[18-Apr-2026 18:24:27 UTC] 🔍 VERIFICANDO BLOQUEO - Cliente: #26 | Fecha: 2026-04-18
[18-Apr-2026 18:24:27 UTC] URL actual: /wpcumanage-users/
[18-Apr-2026 18:24:27 UTC] =====================================
[18-Apr-2026 18:24:27 UTC] 🔎 SQL Query: 
        SELECT 
            p.ID, 
            p.post_date,
            pm_status.meta_value as estado,
            pm_pago.meta_value as estado_pago,
            pm_fecha_reprog.meta_value as fecha_reprogramada
        FROM wp_posts p
        LEFT JOIN wp_postmeta pm_shipper 
            ON p.ID = pm_shipper.post_id 
            AND pm_shipper.meta_key = 'registered_shipper'
        LEFT JOIN wp_postmeta pm_status 
            ON p.ID = pm_status.post_id 
            AND pm_status.meta_key = 'wpcargo_status'
        LEFT JOIN wp_postmeta pm_pago 
            ON p.ID = pm_pago.post_id 
            AND pm_pago.meta_key = 'wpcargo_estado_pago_remitente'
        LEFT JOIN wp_postmeta pm_fecha_reprog 
            ON p.ID = pm_fecha_reprog.post_id 
            AND pm_fecha_reprog.meta_key = 'wpcargo_pickup_date_picker'
        WHERE p.post_type = 'wpcargo_shipment'
        AND p.post_status = 'publish'
        AND pm_shipper.meta_value = '26'
    
[18-Apr-2026 18:24:27 UTC] 📊 Total envíos del cliente (sin filtrar): 0
[18-Apr-2026 18:24:27 UTC] 📦 Total envíos encontrados para HOY: 0
[18-Apr-2026 18:24:27 UTC] ✅ PERMITIDO: Cliente #26 sin envíos hoy - Puede crear
[18-Apr-2026 18:24:27 UTC] =====================================
[18-Apr-2026 18:24:27 UTC]    📊 Bloqueo automático por envíos pendientes: NO BLOQUEADO
[18-Apr-2026 18:24:27 UTC] 🔍 [NORMAL] Verificando bloqueo para cliente #26 - Hora: 13:24
[18-Apr-2026 18:24:27 UTC] 🔴 [NORMAL] BLOQUEADO: Sin envíos y pasadas las 10:00 AM
[18-Apr-2026 18:24:27 UTC]    ✓ BLOQUEADO: Es tarde para envíos NORMAL
[18-Apr-2026 18:24:27 UTC] 🔍 [EXPRESS] Verificando bloqueo para cliente #26 - Hora: 13:24
[18-Apr-2026 18:24:27 UTC] 🔴 [EXPRESS] BLOQUEADO: Sin envíos y pasadas las 12:30 PM
[18-Apr-2026 18:24:27 UTC]    ✓ BLOQUEADO: Es tarde para envíos EXPRESS
[18-Apr-2026 18:24:27 UTC] 🔍 [FULL_FITMENT] Verificando bloqueo para cliente #26 - Hora: 13:24
[18-Apr-2026 18:24:27 UTC] 🔴 [FULL_FITMENT] BLOQUEADO: Sin envíos y pasadas las 11:30 AM
[18-Apr-2026 18:24:27 UTC]    ✓ BLOQUEADO: Es tarde para envíos FULL FITMENT
[18-Apr-2026 18:24:27 UTC]    📊 Bloqueo automático por horario: BLOQUEADO
[18-Apr-2026 18:24:27 UTC]    📊 Resultado final: BLOQUEADO
[18-Apr-2026 18:24:27 UTC] PHP Deprecated:  ¡La función WP_User-&gt;id ha sido llamada con un argumento que está <strong>obsoleto</strong> desde la versión 2.1.0! Utiliza <code>WP_User-&gt;ID</code> en su lugar. in /home/u727114368/domains/mercourier.com/public_html/wp-includes/functions.php on line 6121
[18-Apr-2026 18:24:27 UTC] 🔍 TABLA USUARIOS - Verificando bloqueo para User #32 (motoejemplo)
[18-Apr-2026 18:24:27 UTC]    ℹ️ No es cliente WPCargo (roles: wpcargo_driver)
[18-Apr-2026 18:24:27 UTC] PHP Deprecated:  ¡La función WP_User-&gt;id ha sido llamada con un argumento que está <strong>obsoleto</strong> desde la versión 2.1.0! Utiliza <code>WP_User-&gt;ID</code> en su lugar. in /home/u727114368/domains/mercourier.com/public_html/wp-includes/functions.php on line 6121
[18-Apr-2026 18:24:27 UTC] 🔍 TABLA USUARIOS - Verificando bloqueo para User #5 (motorizado2)
[18-Apr-2026 18:24:27 UTC]    ℹ️ No es cliente WPCargo (roles: wpcargo_driver)
[18-Apr-2026 18:24:27 UTC] PHP Deprecated:  ¡La función WP_User-&gt;id ha sido llamada con un argumento que está <strong>obsoleto</strong> desde la versión 2.1.0! Utiliza <code>WP_User-&gt;ID</code> en su lugar. in /home/u727114368/domains/mercourier.com/public_html/wp-includes/functions.php on line 6121
[18-Apr-2026 18:24:27 UTC] 🔍 TABLA USUARIOS - Verificando bloqueo para User #33 (mrbrewerperu@gmail.com)
[18-Apr-2026 18:24:27 UTC]    ℹ️ No es cliente WPCargo (roles: wpcargo_pending_client)
[18-Apr-2026 18:24:27 UTC] PHP Deprecated:  ¡La función WP_User-&gt;id ha sido llamada con un argumento que está <strong>obsoleto</strong> desde la versión 2.1.0! Utiliza <code>WP_User-&gt;ID</code> en su lugar. in /home/u727114368/domains/mercourier.com/public_html/wp-includes/functions.php on line 6121
[18-Apr-2026 18:24:27 UTC] 🔍 TABLA USUARIOS - Verificando bloqueo para User #16 (Piero)
[18-Apr-2026 18:24:27 UTC]    ✓ Es cliente WPCargo
[18-Apr-2026 18:24:27 UTC]    ✓ Función de bloqueo por envíos pendientes existe, ejecutando...
[18-Apr-2026 18:24:27 UTC] =====================================
[18-Apr-2026 18:24:27 UTC] 🔍 VERIFICANDO BLOQUEO - Cliente: #16 | Fecha: 2026-04-18
[18-Apr-2026 18:24:27 UTC] URL actual: /wpcumanage-users/
[18-Apr-2026 18:24:27 UTC] =====================================
[18-Apr-2026 18:24:27 UTC] 🔎 SQL Query: 
        SELECT 
            p.ID, 
            p.post_date,
            pm_status.meta_value as estado,
            pm_pago.meta_value as estado_pago,
            pm_fecha_reprog.meta_value as fecha_reprogramada
        FROM wp_posts p
        LEFT JOIN wp_postmeta pm_shipper 
            ON p.ID = pm_shipper.post_id 
            AND pm_shipper.meta_key = 'registered_shipper'
        LEFT JOIN wp_postmeta pm_status 
            ON p.ID = pm_status.post_id 
            AND pm_status.meta_key = 'wpcargo_status'
        LEFT JOIN wp_postmeta pm_pago 
            ON p.ID = pm_pago.post_id 
            AND pm_pago.meta_key = 'wpcargo_estado_pago_remitente'
        LEFT JOIN wp_postmeta pm_fecha_reprog 
            ON p.ID = pm_fecha_reprog.post_id 
            AND pm_fecha_reprog.meta_key = 'wpcargo_pickup_date_picker'
        WHERE p.post_type = 'wpcargo_shipment'
        AND p.post_status = 'publish'
        AND pm_shipper.meta_value = '16'
    
[18-Apr-2026 18:24:27 UTC] 📊 Total envíos del cliente (sin filtrar): 4
[18-Apr-2026 18:24:27 UTC]    📅 Envío #6592: post_date_raw='2026-02-21 15:08:10' | fecha_reprog_raw='23/2/2026' | fecha_efectiva='2026-02-23' | hoy='2026-04-18'
[18-Apr-2026 18:24:27 UTC]       ❌ NO incluido (fecha no coincide)
[18-Apr-2026 18:24:27 UTC]    📅 Envío #6593: post_date_raw='2026-02-21 15:08:10' | fecha_reprog_raw='23/2/2026' | fecha_efectiva='2026-02-23' | hoy='2026-04-18'
[18-Apr-2026 18:24:27 UTC]       ❌ NO incluido (fecha no coincide)
[18-Apr-2026 18:24:27 UTC]    📅 Envío #6594: post_date_raw='2026-02-21 15:08:10' | fecha_reprog_raw='23/2/2026' | fecha_efectiva='2026-02-23' | hoy='2026-04-18'
[18-Apr-2026 18:24:27 UTC]       ❌ NO incluido (fecha no coincide)
[18-Apr-2026 18:24:27 UTC]    📅 Envío #6595: post_date_raw='2026-02-21 15:08:10' | fecha_reprog_raw='23/2/2026' | fecha_efectiva='2026-02-23' | hoy='2026-04-18'
[18-Apr-2026 18:24:27 UTC]       ❌ NO incluido (fecha no coincide)
[18-Apr-2026 18:24:27 UTC] 📦 Total envíos encontrados para HOY: 0
[18-Apr-2026 18:24:27 UTC] ✅ PERMITIDO: Cliente #16 sin envíos hoy - Puede crear
[18-Apr-2026 18:24:27 UTC] =====================================
[18-Apr-2026 18:24:27 UTC]    📊 Bloqueo automático por envíos pendientes: NO BLOQUEADO
[18-Apr-2026 18:24:27 UTC] 🔍 [NORMAL] Verificando bloqueo para cliente #16 - Hora: 13:24
[18-Apr-2026 18:24:27 UTC] 🔴 [NORMAL] BLOQUEADO: Sin envíos y pasadas las 10:00 AM
[18-Apr-2026 18:24:27 UTC]    ✓ BLOQUEADO: Es tarde para envíos NORMAL
[18-Apr-2026 18:24:27 UTC] 🔍 [EXPRESS] Verificando bloqueo para cliente #16 - Hora: 13:24
[18-Apr-2026 18:24:27 UTC] 🔴 [EXPRESS] BLOQUEADO: Sin envíos y pasadas las 12:30 PM
[18-Apr-2026 18:24:27 UTC]    ✓ BLOQUEADO: Es tarde para envíos EXPRESS
[18-Apr-2026 18:24:27 UTC] 🔍 [FULL_FITMENT] Verificando bloqueo para cliente #16 - Hora: 13:24
[18-Apr-2026 18:24:27 UTC] 🔴 [FULL_FITMENT] BLOQUEADO: Sin envíos y pasadas las 11:30 AM
[18-Apr-2026 18:24:27 UTC]    ✓ BLOQUEADO: Es tarde para envíos FULL FITMENT
[18-Apr-2026 18:24:27 UTC]    📊 Bloqueo automático por horario: BLOQUEADO
[18-Apr-2026 18:24:27 UTC]    📊 Resultado final: BLOQUEADO
[18-Apr-2026 18:24:27 UTC] PHP Deprecated:  ¡La función WP_User-&gt;id ha sido llamada con un argumento que está <strong>obsoleto</strong> desde la versión 2.1.0! Utiliza <code>WP_User-&gt;ID</code> en su lugar. in /home/u727114368/domains/mercourier.com/public_html/wp-includes/functions.php on line 6121
[18-Apr-2026 18:24:27 UTC] 🔍 TABLA USUARIOS - Verificando bloqueo para User #4 (pieropaguada@gmail.com)
[18-Apr-2026 18:24:27 UTC]    ✓ Es cliente WPCargo
[18-Apr-2026 18:24:27 UTC]    ✓ Función de bloqueo por envíos pendientes existe, ejecutando...
[18-Apr-2026 18:24:27 UTC] =====================================
[18-Apr-2026 18:24:27 UTC] 🔍 VERIFICANDO BLOQUEO - Cliente: #4 | Fecha: 2026-04-18
[18-Apr-2026 18:24:27 UTC] URL actual: /wpcumanage-users/
[18-Apr-2026 18:24:27 UTC] =====================================
[18-Apr-2026 18:24:27 UTC] 🔎 SQL Query: 
        SELECT 
            p.ID, 
            p.post_date,
            pm_status.meta_value as estado,
            pm_pago.meta_value as estado_pago,
            pm_fecha_reprog.meta_value as fecha_reprogramada
        FROM wp_posts p
        LEFT JOIN wp_postmeta pm_shipper 
            ON p.ID = pm_shipper.post_id 
            AND pm_shipper.meta_key = 'registered_shipper'
        LEFT JOIN wp_postmeta pm_status 
            ON p.ID = pm_status.post_id 
            AND pm_status.meta_key = 'wpcargo_status'
        LEFT JOIN wp_postmeta pm_pago 
            ON p.ID = pm_pago.post_id 
            AND pm_pago.meta_key = 'wpcargo_estado_pago_remitente'
        LEFT JOIN wp_postmeta pm_fecha_reprog 
            ON p.ID = pm_fecha_reprog.post_id 
            AND pm_fecha_reprog.meta_key = 'wpcargo_pickup_date_picker'
        WHERE p.post_type = 'wpcargo_shipment'
        AND p.post_status = 'publish'
        AND pm_shipper.meta_value = '4'
    
[18-Apr-2026 18:24:27 UTC] 📊 Total envíos del cliente (sin filtrar): 0
[18-Apr-2026 18:24:27 UTC] 📦 Total envíos encontrados para HOY: 0
[18-Apr-2026 18:24:27 UTC] ✅ PERMITIDO: Cliente #4 sin envíos hoy - Puede crear
[18-Apr-2026 18:24:27 UTC] =====================================
[18-Apr-2026 18:24:27 UTC]    📊 Bloqueo automático por envíos pendientes: NO BLOQUEADO
[18-Apr-2026 18:24:27 UTC] 🔍 [NORMAL] Verificando bloqueo para cliente #4 - Hora: 13:24
[18-Apr-2026 18:24:27 UTC] 🔴 [NORMAL] BLOQUEADO: Sin envíos y pasadas las 10:00 AM
[18-Apr-2026 18:24:27 UTC]    ✓ BLOQUEADO: Es tarde para envíos NORMAL
[18-Apr-2026 18:24:27 UTC] 🔍 [EXPRESS] Verificando bloqueo para cliente #4 - Hora: 13:24
[18-Apr-2026 18:24:27 UTC] 🔴 [EXPRESS] BLOQUEADO: Sin envíos y pasadas las 12:30 PM
[18-Apr-2026 18:24:27 UTC]    ✓ BLOQUEADO: Es tarde para envíos EXPRESS
[18-Apr-2026 18:24:27 UTC] 🔍 [FULL_FITMENT] Verificando bloqueo para cliente #4 - Hora: 13:24
[18-Apr-2026 18:24:27 UTC] 🔴 [FULL_FITMENT] BLOQUEADO: Sin envíos y pasadas las 11:30 AM
[18-Apr-2026 18:24:27 UTC]    ✓ BLOQUEADO: Es tarde para envíos FULL FITMENT
[18-Apr-2026 18:24:27 UTC]    📊 Bloqueo automático por horario: BLOQUEADO
[18-Apr-2026 18:24:27 UTC]    📊 Resultado final: BLOQUEADO
[18-Apr-2026 18:24:27 UTC] PHP Deprecated:  ¡La función WP_User-&gt;id ha sido llamada con un argumento que está <strong>obsoleto</strong> desde la versión 2.1.0! Utiliza <code>WP_User-&gt;ID</code> en su lugar. in /home/u727114368/domains/mercourier.com/public_html/wp-includes/functions.php on line 6121
[18-Apr-2026 18:24:27 UTC] 🔍 TABLA USUARIOS - Verificando bloqueo para User #17 (usuario.pruebadies@prueba.com)
[18-Apr-2026 18:24:27 UTC]    ✓ Es cliente WPCargo
[18-Apr-2026 18:24:27 UTC]    ✓ Función de bloqueo por envíos pendientes existe, ejecutando...
[18-Apr-2026 18:24:27 UTC] =====================================
[18-Apr-2026 18:24:27 UTC] 🔍 VERIFICANDO BLOQUEO - Cliente: #17 | Fecha: 2026-04-18
[18-Apr-2026 18:24:27 UTC] URL actual: /wpcumanage-users/
[18-Apr-2026 18:24:27 UTC] =====================================
[18-Apr-2026 18:24:27 UTC] 🔎 SQL Query: 
        SELECT 
            p.ID, 
            p.post_date,
            pm_status.meta_value as estado,
            pm_pago.meta_value as estado_pago,
            pm_fecha_reprog.meta_value as fecha_reprogramada
        FROM wp_posts p
        LEFT JOIN wp_postmeta pm_shipper 
            ON p.ID = pm_shipper.post_id 
            AND pm_shipper.meta_key = 'registered_shipper'
        LEFT JOIN wp_postmeta pm_status 
            ON p.ID = pm_status.post_id 
            AND pm_status.meta_key = 'wpcargo_status'
        LEFT JOIN wp_postmeta pm_pago 
            ON p.ID = pm_pago.post_id 
            AND pm_pago.meta_key = 'wpcargo_estado_pago_remitente'
        LEFT JOIN wp_postmeta pm_fecha_reprog 
            ON p.ID = pm_fecha_reprog.post_id 
            AND pm_fecha_reprog.meta_key = 'wpcargo_pickup_date_picker'
        WHERE p.post_type = 'wpcargo_shipment'
        AND p.post_status = 'publish'
        AND pm_shipper.meta_value = '17'
    
[18-Apr-2026 18:24:27 UTC] 📊 Total envíos del cliente (sin filtrar): 0
[18-Apr-2026 18:24:27 UTC] 📦 Total envíos encontrados para HOY: 0
[18-Apr-2026 18:24:27 UTC] ✅ PERMITIDO: Cliente #17 sin envíos hoy - Puede crear
[18-Apr-2026 18:24:27 UTC] =====================================
[18-Apr-2026 18:24:27 UTC]    📊 Bloqueo automático por envíos pendientes: NO BLOQUEADO
[18-Apr-2026 18:24:27 UTC] 🔍 [NORMAL] Verificando bloqueo para cliente #17 - Hora: 13:24
[18-Apr-2026 18:24:27 UTC] 🔴 [NORMAL] BLOQUEADO: Sin envíos y pasadas las 10:00 AM
[18-Apr-2026 18:24:27 UTC]    ✓ BLOQUEADO: Es tarde para envíos NORMAL
[18-Apr-2026 18:24:27 UTC] 🔍 [EXPRESS] Verificando bloqueo para cliente #17 - Hora: 13:24
[18-Apr-2026 18:24:27 UTC] 🔴 [EXPRESS] BLOQUEADO: Sin envíos y pasadas las 12:30 PM
[18-Apr-2026 18:24:27 UTC]    ✓ BLOQUEADO: Es tarde para envíos EXPRESS
[18-Apr-2026 18:24:27 UTC] 🔍 [FULL_FITMENT] Verificando bloqueo para cliente #17 - Hora: 13:24
[18-Apr-2026 18:24:27 UTC] 🔴 [FULL_FITMENT] BLOQUEADO: Sin envíos y pasadas las 11:30 AM
[18-Apr-2026 18:24:27 UTC]    ✓ BLOQUEADO: Es tarde para envíos FULL FITMENT
[18-Apr-2026 18:24:27 UTC]    📊 Bloqueo automático por horario: BLOQUEADO
[18-Apr-2026 18:24:27 UTC]    📊 Resultado final: BLOQUEADO
[18-Apr-2026 18:24:27 UTC] PHP Deprecated:  ¡La función WP_User-&gt;id ha sido llamada con un argumento que está <strong>obsoleto</strong> desde la versión 2.1.0! Utiliza <code>WP_User-&gt;ID</code> en su lugar. in /home/u727114368/domains/mercourier.com/public_html/wp-includes/functions.php on line 6121
[18-Apr-2026 18:24:27 UTC] 🔍 TABLA USUARIOS - Verificando bloqueo para User #22 (victor.castillodiaz2022@gmail.com)
[18-Apr-2026 18:24:27 UTC]    ✓ Es cliente WPCargo
[18-Apr-2026 18:24:27 UTC]    ✓ Función de bloqueo por envíos pendientes existe, ejecutando...
[18-Apr-2026 18:24:27 UTC] =====================================
[18-Apr-2026 18:24:27 UTC] 🔍 VERIFICANDO BLOQUEO - Cliente: #22 | Fecha: 2026-04-18
[18-Apr-2026 18:24:27 UTC] URL actual: /wpcumanage-users/
[18-Apr-2026 18:24:27 UTC] =====================================
[18-Apr-2026 18:24:27 UTC] 🔎 SQL Query: 
        SELECT 
            p.ID, 
            p.post_date,
            pm_status.meta_value as estado,
            pm_pago.meta_value as estado_pago,
            pm_fecha_reprog.meta_value as fecha_reprogramada
        FROM wp_posts p
        LEFT JOIN wp_postmeta pm_shipper 
            ON p.ID = pm_shipper.post_id 
            AND pm_shipper.meta_key = 'registered_shipper'
        LEFT JOIN wp_postmeta pm_status 
            ON p.ID = pm_status.post_id 
            AND pm_status.meta_key = 'wpcargo_status'
        LEFT JOIN wp_postmeta pm_pago 
            ON p.ID = pm_pago.post_id 
            AND pm_pago.meta_key = 'wpcargo_estado_pago_remitente'
        LEFT JOIN wp_postmeta pm_fecha_reprog 
            ON p.ID = pm_fecha_reprog.post_id 
            AND pm_fecha_reprog.meta_key = 'wpcargo_pickup_date_picker'
        WHERE p.post_type = 'wpcargo_shipment'
        AND p.post_status = 'publish'
        AND pm_shipper.meta_value = '22'
    
[18-Apr-2026 18:24:27 UTC] 📊 Total envíos del cliente (sin filtrar): 0
[18-Apr-2026 18:24:27 UTC] 📦 Total envíos encontrados para HOY: 0
[18-Apr-2026 18:24:27 UTC] ✅ PERMITIDO: Cliente #22 sin envíos hoy - Puede crear
[18-Apr-2026 18:24:27 UTC] =====================================
[18-Apr-2026 18:24:27 UTC]    📊 Bloqueo automático por envíos pendientes: NO BLOQUEADO
[18-Apr-2026 18:24:27 UTC] 🔍 [NORMAL] Verificando bloqueo para cliente #22 - Hora: 13:24
[18-Apr-2026 18:24:27 UTC] 🔴 [NORMAL] BLOQUEADO: Sin envíos y pasadas las 10:00 AM
[18-Apr-2026 18:24:27 UTC]    ✓ BLOQUEADO: Es tarde para envíos NORMAL
[18-Apr-2026 18:24:27 UTC] 🔍 [EXPRESS] Verificando bloqueo para cliente #22 - Hora: 13:24
[18-Apr-2026 18:24:27 UTC] 🔴 [EXPRESS] BLOQUEADO: Sin envíos y pasadas las 12:30 PM
[18-Apr-2026 18:24:27 UTC]    ✓ BLOQUEADO: Es tarde para envíos EXPRESS
[18-Apr-2026 18:24:27 UTC] 🔍 [FULL_FITMENT] Verificando bloqueo para cliente #22 - Hora: 13:24
[18-Apr-2026 18:24:27 UTC] 🔴 [FULL_FITMENT] BLOQUEADO: Sin envíos y pasadas las 11:30 AM
[18-Apr-2026 18:24:27 UTC]    ✓ BLOQUEADO: Es tarde para envíos FULL FITMENT
[18-Apr-2026 18:24:27 UTC]    📊 Bloqueo automático por horario: BLOQUEADO
[18-Apr-2026 18:24:27 UTC]    📊 Resultado final: BLOQUEADO
[18-Apr-2026 18:24:27 UTC] PHP Deprecated:  ¡La función WP_User-&gt;id ha sido llamada con un argumento que está <strong>obsoleto</strong> desde la versión 2.1.0! Utiliza <code>WP_User-&gt;ID</code> en su lugar. in /home/u727114368/domains/mercourier.com/public_html/wp-includes/functions.php on line 6121
[18-Apr-2026 18:24:27 UTC] 🔍 TABLA USUARIOS - Verificando bloqueo para User #13 (viitvzhogrone13@gmail.com)
[18-Apr-2026 18:24:27 UTC]    ℹ️ No es cliente WPCargo (roles: wpcargo_driver)
[18-Apr-2026 18:24:27 UTC] 🔵 MODAL: Función wpcumanage_unblock_modal_callback ejecutada
[18-Apr-2026 18:24:27 UTC] 🔵 MODAL: Función wpcumanage_unblock_modal_callback ejecutada
[18-Apr-2026 18:24:31 UTC] 🔔 [MERC_LOG] Inicializado logger diario: /home/u727114368/domains/mercourier.com/public_html/wp-content/merc_logs/merc-debug-2026-04-18.log
[18-Apr-2026 18:24:32 UTC] 
────────────────────────────────────────────────────────────────────────────────
🔍 DASHBOARD AJAX: OBTENER MOTORIZADO DE CLIENTE
────────────────────────────────────────────────────────────────────────────────
[18-Apr-2026 18:24:32 UTC] 👤 Cliente: correo@gmail.com (ID: 36)
[18-Apr-2026 18:24:32 UTC] 🔎 Buscando meta_key 'merc_motorizo_recojo_default'...
[18-Apr-2026 18:24:32 UTC]    Valor encontrado: VACÍO
[18-Apr-2026 18:24:32 UTC] ────────────────────────────────────────────────────────────────────────────────

[18-Apr-2026 18:24:42 UTC] 🔔 [MERC_LOG] Inicializado logger diario: /home/u727114368/domains/mercourier.com/public_html/wp-content/merc_logs/merc-debug-2026-04-18.log
[18-Apr-2026 18:24:42 UTC] 
────────────────────────────────────────────────────────────────────────────────
🔍 DASHBOARD AJAX: OBTENER MOTORIZADO DE CLIENTE
────────────────────────────────────────────────────────────────────────────────
[18-Apr-2026 18:24:42 UTC] 👤 Cliente: correo@gmail.com (ID: 36)
[18-Apr-2026 18:24:42 UTC] 🔎 Buscando meta_key 'merc_motorizo_recojo_default'...
[18-Apr-2026 18:24:42 UTC]    Valor encontrado: VACÍO
[18-Apr-2026 18:24:42 UTC] ────────────────────────────────────────────────────────────────────────────────

[18-Apr-2026 18:24:54 UTC] 🔔 [MERC_LOG] Inicializado logger diario: /home/u727114368/domains/mercourier.com/public_html/wp-content/merc_logs/merc-debug-2026-04-18.log
[18-Apr-2026 18:24:54 UTC] 🔔 [MERC_LOG] Inicializado logger diario: /home/u727114368/domains/mercourier.com/public_html/wp-content/merc_logs/merc-debug-2026-04-18.log
[18-Apr-2026 18:24:54 UTC] 🔵 [FILTER] filter_shipment_by_date_and_tiendaname llamado
[18-Apr-2026 18:24:54 UTC] 🔵 [FILTER] Usuario actual: 1
[18-Apr-2026 18:24:54 UTC] 🔵 [FILTER] Args iniciales: {"post_type":"wpcargo_shipment","post_status":"publish","posts_per_page":"100","paged":1,"s":"","meta_query":{"relation":"AND","0":[]},"date_query":[{"after":"2026-02-17","before":"2026-04-18","inclusive":true}]}
[18-Apr-2026 18:24:54 UTC] 🔵 [FILTER] GET params: Array
(
)

[18-Apr-2026 18:24:54 UTC] 🔵 [FILTER] Sin parámetros de fecha, aplicando HOY por defecto: 2026-04-18
[18-Apr-2026 18:24:54 UTC] 🔵 [FILTER] Fecha desde: '2026-04-18' | Fecha hasta: '2026-04-18'
[18-Apr-2026 18:24:54 UTC] 🔵 [FILTER] has_from: true | has_to: true
[18-Apr-2026 18:24:54 UTC] 🔵 [FILTER] REMOVIENDO date_query para evitar conflicto
[18-Apr-2026 18:24:54 UTC] 🔵 [FILTER] SQL Query: 
            SELECT DISTINCT p.ID 
            FROM wp_posts p
            INNER JOIN wp_postmeta pm ON p.ID = pm.post_id
            WHERE p.post_type = 'wpcargo_shipment'
            AND pm.meta_key IN ('wpcargo_pickup_date_picker', 'wpcargo_pickup_date', 'calendarenvio', 'wpcargo_fecha_envio')
            AND (STR_TO_DATE(pm.meta_value, '%d/%m/%Y') >= STR_TO_DATE('2026-04-18', '%Y-%m-%d') AND STR_TO_DATE(pm.meta_value, '%d/%m/%Y') <= STR_TO_DATE('2026-04-18', '%Y-%m-%d'))
        
[18-Apr-2026 18:24:54 UTC] 🔵 [FILTER] IDs encontrados por fecha: 0
[18-Apr-2026 18:24:54 UTC] 🔵 [FILTER] Sin resultados de fecha, forzando búsqueda vacía
[18-Apr-2026 18:24:54 UTC] 🔵 [FILTER] Args finales: {"post_type":"wpcargo_shipment","post_status":"publish","posts_per_page":"100","paged":1,"s":"","meta_query":{"relation":"AND","0":[]},"post__in":[0]}
[18-Apr-2026 18:24:55 UTC] 🔔 [MERC_LOG] Inicializado logger diario: /home/u727114368/domains/mercourier.com/public_html/wp-content/merc_logs/merc-debug-2026-04-18.log
[18-Apr-2026 18:24:56 UTC] 
════════════════════════════════════════════════════════════
[18-Apr-2026 18:24:56 UTC] 🧹 [LIMPIEZA DIARIA] Eliminando merc_motorizo_recojo_default de todos los usuarios
[18-Apr-2026 18:24:56 UTC] ════════════════════════════════════════════════════════════
[18-Apr-2026 18:24:56 UTC] 📊 Usuarios con motorizado_recojo_default: 0
[18-Apr-2026 18:24:56 UTC] 🔄 Total usuarios limpios: 0
[18-Apr-2026 18:24:56 UTC] ✅ [LIMPIEZA DIARIA COMPLETADA] Próxima ejecución en 24 horas
[18-Apr-2026 18:24:56 UTC] ════════════════════════════════════════════════════════════

[18-Apr-2026 18:24:57 UTC] 🔔 [MERC_LOG] Inicializado logger diario: /home/u727114368/domains/mercourier.com/public_html/wp-content/merc_logs/merc-debug-2026-04-18.log
[18-Apr-2026 18:24:57 UTC] 🔔 [MERC_LOG] Inicializado logger diario: /home/u727114368/domains/mercourier.com/public_html/wp-content/merc_logs/merc-debug-2026-04-18.log
[18-Apr-2026 18:24:57 UTC] 🔔 [MERC_LOG] Inicializado logger diario: /home/u727114368/domains/mercourier.com/public_html/wp-content/merc_logs/merc-debug-2026-04-18.log
[18-Apr-2026 18:24:58 UTC] Hostinger AI Assistant Log: JWT token generated for user ID: 1
[18-Apr-2026 18:24:58 UTC] 🔔 [MERC_LOG] Inicializado logger diario: /home/u727114368/domains/mercourier.com/public_html/wp-content/merc_logs/merc-debug-2026-04-18.log
[18-Apr-2026 18:24:58 UTC] 🔔 [MERC_LOG] Inicializado logger diario: /home/u727114368/domains/mercourier.com/public_html/wp-content/merc_logs/merc-debug-2026-04-18.log
[18-Apr-2026 18:24:58 UTC] 🔔 [MERC_LOG] Inicializado logger diario: /home/u727114368/domains/mercourier.com/public_html/wp-content/merc_logs/merc-debug-2026-04-18.log
[18-Apr-2026 18:24:58 UTC] 🔔 [MERC_LOG] Inicializado logger diario: /home/u727114368/domains/mercourier.com/public_html/wp-content/merc_logs/merc-debug-2026-04-18.log
[18-Apr-2026 18:24:59 UTC] 🔔 [MERC_LOG] Inicializado logger diario: /home/u727114368/domains/mercourier.com/public_html/wp-content/merc_logs/merc-debug-2026-04-18.log
[18-Apr-2026 18:24:59 UTC] 🔔 [MERC_LOG] Inicializado logger diario: /home/u727114368/domains/mercourier.com/public_html/wp-content/merc_logs/merc-debug-2026-04-18.log
[18-Apr-2026 18:25:00 UTC] 🔔 [MERC_LOG] Inicializado logger diario: /home/u727114368/domains/mercourier.com/public_html/wp-content/merc_logs/merc-debug-2026-04-18.log
[18-Apr-2026 18:25:02 UTC] 🔔 [MERC_LOG] Inicializado logger diario: /home/u727114368/domains/mercourier.com/public_html/wp-content/merc_logs/merc-debug-2026-04-18.log
[18-Apr-2026 18:25:02 UTC] 🔔 [MERC_LOG] Inicializado logger diario: /home/u727114368/domains/mercourier.com/public_html/wp-content/merc_logs/merc-debug-2026-04-18.log
[18-Apr-2026 18:25:02 UTC] Hostinger AI Assistant Log: JWT token generated for user ID: 1
[18-Apr-2026 18:25:04 UTC] 🔔 [MERC_LOG] Inicializado logger diario: /home/u727114368/domains/mercourier.com/public_html/wp-content/merc_logs/merc-debug-2026-04-18.log
[18-Apr-2026 18:25:07 UTC] 🔔 [MERC_LOG] Inicializado logger diario: /home/u727114368/domains/mercourier.com/public_html/wp-content/merc_logs/merc-debug-2026-04-18.log
[18-Apr-2026 18:25:43 UTC] 🔔 [MERC_LOG] Inicializado logger diario: /home/u727114368/domains/mercourier.com/public_html/wp-content/merc_logs/merc-debug-2026-04-18.log
[18-Apr-2026 18:25:43 UTC] 🔔 [MERC_LOG] Inicializado logger diario: /home/u727114368/domains/mercourier.com/public_html/wp-content/merc_logs/merc-debug-2026-04-18.log
[18-Apr-2026 18:25:45 UTC] 🔔 [MERC_LOG] Inicializado logger diario: /home/u727114368/domains/mercourier.com/public_html/wp-content/merc_logs/merc-debug-2026-04-18.log
[18-Apr-2026 18:25:52 UTC] 🔔 [MERC_LOG] Inicializado logger diario: /home/u727114368/domains/mercourier.com/public_html/wp-content/merc_logs/merc-debug-2026-04-18.log
[18-Apr-2026 18:25:53 UTC] 🔔 [MERC_LOG] Inicializado logger diario: /home/u727114368/domains/mercourier.com/public_html/wp-content/merc_logs/merc-debug-2026-04-18.log
[18-Apr-2026 18:26:12 UTC] 🔔 [MERC_LOG] Inicializado logger diario: /home/u727114368/domains/mercourier.com/public_html/wp-content/merc_logs/merc-debug-2026-04-18.log
[18-Apr-2026 18:26:54 UTC] 🔔 [MERC_LOG] Inicializado logger diario: /home/u727114368/domains/mercourier.com/public_html/wp-content/merc_logs/merc-debug-2026-04-18.log
[18-Apr-2026 18:26:55 UTC] 🔔 [MERC_LOG] Inicializado logger diario: /home/u727114368/domains/mercourier.com/public_html/wp-content/merc_logs/merc-debug-2026-04-18.log
[18-Apr-2026 18:28:55 UTC] 🔔 [MERC_LOG] Inicializado logger diario: /home/u727114368/domains/mercourier.com/public_html/wp-content/merc_logs/merc-debug-2026-04-18.log
[18-Apr-2026 18:28:55 UTC] 🔔 [MERC_LOG] Inicializado logger diario: /home/u727114368/domains/mercourier.com/public_html/wp-content/merc_logs/merc-debug-2026-04-18.log
[18-Apr-2026 18:30:55 UTC] 🔔 [MERC_LOG] Inicializado logger diario: /home/u727114368/domains/mercourier.com/public_html/wp-content/merc_logs/merc-debug-2026-04-18.log
[18-Apr-2026 18:30:56 UTC] 🔔 [MERC_LOG] Inicializado logger diario: /home/u727114368/domains/mercourier.com/public_html/wp-content/merc_logs/merc-debug-2026-04-18.log
[18-Apr-2026 18:32:56 UTC] 🔔 [MERC_LOG] Inicializado logger diario: /home/u727114368/domains/mercourier.com/public_html/wp-content/merc_logs/merc-debug-2026-04-18.log
[18-Apr-2026 18:32:57 UTC] 🔔 [MERC_LOG] Inicializado logger diario: /home/u727114368/domains/mercourier.com/public_html/wp-content/merc_logs/merc-debug-2026-04-18.log
[18-Apr-2026 18:34:59 UTC] 🔔 [MERC_LOG] Inicializado logger diario: /home/u727114368/domains/mercourier.com/public_html/wp-content/merc_logs/merc-debug-2026-04-18.log
[18-Apr-2026 18:34:59 UTC] 🔔 [MERC_LOG] Inicializado logger diario: /home/u727114368/domains/mercourier.com/public_html/wp-content/merc_logs/merc-debug-2026-04-18.log
[18-Apr-2026 18:36:58 UTC] 🔔 [MERC_LOG] Inicializado logger diario: /home/u727114368/domains/mercourier.com/public_html/wp-content/merc_logs/merc-debug-2026-04-18.log
[18-Apr-2026 18:36:58 UTC] 🔔 [MERC_LOG] Inicializado logger diario: /home/u727114368/domains/mercourier.com/public_html/wp-content/merc_logs/merc-debug-2026-04-18.log
[18-Apr-2026 18:39:00 UTC] 🔔 [MERC_LOG] Inicializado logger diario: /home/u727114368/domains/mercourier.com/public_html/wp-content/merc_logs/merc-debug-2026-04-18.log
[18-Apr-2026 18:39:00 UTC] 🔔 [MERC_LOG] Inicializado logger diario: /home/u727114368/domains/mercourier.com/public_html/wp-content/merc_logs/merc-debug-2026-04-18.log
[18-Apr-2026 18:41:00 UTC] 🔔 [MERC_LOG] Inicializado logger diario: /home/u727114368/domains/mercourier.com/public_html/wp-content/merc_logs/merc-debug-2026-04-18.log
[18-Apr-2026 18:41:01 UTC] 🔔 [MERC_LOG] Inicializado logger diario: /home/u727114368/domains/mercourier.com/public_html/wp-content/merc_logs/merc-debug-2026-04-18.log
[18-Apr-2026 18:43:01 UTC] 🔔 [MERC_LOG] Inicializado logger diario: /home/u727114368/domains/mercourier.com/public_html/wp-content/merc_logs/merc-debug-2026-04-18.log
[18-Apr-2026 18:43:01 UTC] 🔔 [MERC_LOG] Inicializado logger diario: /home/u727114368/domains/mercourier.com/public_html/wp-content/merc_logs/merc-debug-2026-04-18.log
[18-Apr-2026 18:43:32 UTC] 🔔 [MERC_LOG] Inicializado logger diario: /home/u727114368/domains/mercourier.com/public_html/wp-content/merc_logs/merc-debug-2026-04-18.log
[18-Apr-2026 18:43:34 UTC] 🔔 [MERC_LOG] Inicializado logger diario: /home/u727114368/domains/mercourier.com/public_html/wp-content/merc_logs/merc-debug-2026-04-18.log
[18-Apr-2026 18:43:35 UTC] 🔔 [MERC_LOG] Inicializado logger diario: /home/u727114368/domains/mercourier.com/public_html/wp-content/merc_logs/merc-debug-2026-04-18.log
[18-Apr-2026 18:43:35 UTC] 🔔 [MERC_LOG] Inicializado logger diario: /home/u727114368/domains/mercourier.com/public_html/wp-content/merc_logs/merc-debug-2026-04-18.log
[18-Apr-2026 18:43:39 UTC] 🔔 [MERC_LOG] Inicializado logger diario: /home/u727114368/domains/mercourier.com/public_html/wp-content/merc_logs/merc-debug-2026-04-18.log
[18-Apr-2026 18:44:39 UTC] 🔔 [MERC_LOG] Inicializado logger diario: /home/u727114368/domains/mercourier.com/public_html/wp-content/merc_logs/merc-debug-2026-04-18.log
[18-Apr-2026 18:44:39 UTC] 🔔 [MERC_LOG] Inicializado logger diario: /home/u727114368/domains/mercourier.com/public_html/wp-content/merc_logs/merc-debug-2026-04-18.log
[18-Apr-2026 18:45:39 UTC] 🔔 [MERC_LOG] Inicializado logger diario: /home/u727114368/domains/mercourier.com/public_html/wp-content/merc_logs/merc-debug-2026-04-18.log
[18-Apr-2026 18:45:39 UTC] 🔔 [MERC_LOG] Inicializado logger diario: /home/u727114368/domains/mercourier.com/public_html/wp-content/merc_logs/merc-debug-2026-04-18.log
[18-Apr-2026 18:46:39 UTC] 🔔 [MERC_LOG] Inicializado logger diario: /home/u727114368/domains/mercourier.com/public_html/wp-content/merc_logs/merc-debug-2026-04-18.log
[18-Apr-2026 18:46:39 UTC] 🔔 [MERC_LOG] Inicializado logger diario: /home/u727114368/domains/mercourier.com/public_html/wp-content/merc_logs/merc-debug-2026-04-18.log
[18-Apr-2026 18:47:39 UTC] 🔔 [MERC_LOG] Inicializado logger diario: /home/u727114368/domains/mercourier.com/public_html/wp-content/merc_logs/merc-debug-2026-04-18.log
[18-Apr-2026 18:47:39 UTC] 🔔 [MERC_LOG] Inicializado logger diario: /home/u727114368/domains/mercourier.com/public_html/wp-content/merc_logs/merc-debug-2026-04-18.log
[18-Apr-2026 18:49:43 UTC] 🔔 [MERC_LOG] Inicializado logger diario: /home/u727114368/domains/mercourier.com/public_html/wp-content/merc_logs/merc-debug-2026-04-18.log
[18-Apr-2026 18:49:43 UTC] 🔔 [MERC_LOG] Inicializado logger diario: /home/u727114368/domains/mercourier.com/public_html/wp-content/merc_logs/merc-debug-2026-04-18.log
[18-Apr-2026 18:51:42 UTC] 🔔 [MERC_LOG] Inicializado logger diario: /home/u727114368/domains/mercourier.com/public_html/wp-content/merc_logs/merc-debug-2026-04-18.log
[18-Apr-2026 18:51:43 UTC] 🔔 [MERC_LOG] Inicializado logger diario: /home/u727114368/domains/mercourier.com/public_html/wp-content/merc_logs/merc-debug-2026-04-18.log
[18-Apr-2026 18:53:43 UTC] 🔔 [MERC_LOG] Inicializado logger diario: /home/u727114368/domains/mercourier.com/public_html/wp-content/merc_logs/merc-debug-2026-04-18.log
[18-Apr-2026 18:53:44 UTC] 🔔 [MERC_LOG] Inicializado logger diario: /home/u727114368/domains/mercourier.com/public_html/wp-content/merc_logs/merc-debug-2026-04-18.log
[18-Apr-2026 18:55:45 UTC] 🔔 [MERC_LOG] Inicializado logger diario: /home/u727114368/domains/mercourier.com/public_html/wp-content/merc_logs/merc-debug-2026-04-18.log
[18-Apr-2026 18:55:45 UTC] 🔔 [MERC_LOG] Inicializado logger diario: /home/u727114368/domains/mercourier.com/public_html/wp-content/merc_logs/merc-debug-2026-04-18.log
[18-Apr-2026 18:57:46 UTC] 🔔 [MERC_LOG] Inicializado logger diario: /home/u727114368/domains/mercourier.com/public_html/wp-content/merc_logs/merc-debug-2026-04-18.log
[18-Apr-2026 18:57:47 UTC] 🔔 [MERC_LOG] Inicializado logger diario: /home/u727114368/domains/mercourier.com/public_html/wp-content/merc_logs/merc-debug-2026-04-18.log
[18-Apr-2026 19:07:49 UTC] 🔔 [MERC_LOG] Inicializado logger diario: /home/u727114368/domains/mercourier.com/public_html/wp-content/merc_logs/merc-debug-2026-04-18.log
[18-Apr-2026 19:07:50 UTC] 🔔 [MERC_LOG] Inicializado logger diario: /home/u727114368/domains/mercourier.com/public_html/wp-content/merc_logs/merc-debug-2026-04-18.log
[18-Apr-2026 19:09:47 UTC] 🔔 [MERC_LOG] Inicializado logger diario: /home/u727114368/domains/mercourier.com/public_html/wp-content/merc_logs/merc-debug-2026-04-18.log
[18-Apr-2026 19:09:47 UTC] 🔔 [MERC_LOG] Inicializado logger diario: /home/u727114368/domains/mercourier.com/public_html/wp-content/merc_logs/merc-debug-2026-04-18.log
[18-Apr-2026 19:11:48 UTC] 🔔 [MERC_LOG] Inicializado logger diario: /home/u727114368/domains/mercourier.com/public_html/wp-content/merc_logs/merc-debug-2026-04-18.log
[18-Apr-2026 19:11:49 UTC] 🔔 [MERC_LOG] Inicializado logger diario: /home/u727114368/domains/mercourier.com/public_html/wp-content/merc_logs/merc-debug-2026-04-18.log
[18-Apr-2026 19:13:49 UTC] 🔔 [MERC_LOG] Inicializado logger diario: /home/u727114368/domains/mercourier.com/public_html/wp-content/merc_logs/merc-debug-2026-04-18.log
[18-Apr-2026 19:13:50 UTC] 🔔 [MERC_LOG] Inicializado logger diario: /home/u727114368/domains/mercourier.com/public_html/wp-content/merc_logs/merc-debug-2026-04-18.log
[18-Apr-2026 19:14:57 UTC] 🔔 [MERC_LOG] Inicializado logger diario: /home/u727114368/domains/mercourier.com/public_html/wp-content/merc_logs/merc-debug-2026-04-18.log
[18-Apr-2026 19:14:57 UTC] 🔔 [MERC_LOG] Inicializado logger diario: /home/u727114368/domains/mercourier.com/public_html/wp-content/merc_logs/merc-debug-2026-04-18.log
[18-Apr-2026 19:16:57 UTC] 🔔 [MERC_LOG] Inicializado logger diario: /home/u727114368/domains/mercourier.com/public_html/wp-content/merc_logs/merc-debug-2026-04-18.log
[18-Apr-2026 19:16:57 UTC] 🔔 [MERC_LOG] Inicializado logger diario: /home/u727114368/domains/mercourier.com/public_html/wp-content/merc_logs/merc-debug-2026-04-18.log
[18-Apr-2026 19:18:58 UTC] 🔔 [MERC_LOG] Inicializado logger diario: /home/u727114368/domains/mercourier.com/public_html/wp-content/merc_logs/merc-debug-2026-04-18.log
[18-Apr-2026 19:18:58 UTC] 🔔 [MERC_LOG] Inicializado logger diario: /home/u727114368/domains/mercourier.com/public_html/wp-content/merc_logs/merc-debug-2026-04-18.log
[18-Apr-2026 19:20:58 UTC] 🔔 [MERC_LOG] Inicializado logger diario: /home/u727114368/domains/mercourier.com/public_html/wp-content/merc_logs/merc-debug-2026-04-18.log
[18-Apr-2026 19:20:58 UTC] 🔔 [MERC_LOG] Inicializado logger diario: /home/u727114368/domains/mercourier.com/public_html/wp-content/merc_logs/merc-debug-2026-04-18.log
[18-Apr-2026 19:23:10 UTC] 🔔 [MERC_LOG] Inicializado logger diario: /home/u727114368/domains/mercourier.com/public_html/wp-content/merc_logs/merc-debug-2026-04-18.log
[18-Apr-2026 19:23:10 UTC] 🔔 [MERC_LOG] Inicializado logger diario: /home/u727114368/domains/mercourier.com/public_html/wp-content/merc_logs/merc-debug-2026-04-18.log
[18-Apr-2026 21:56:11 UTC] 🔔 [MERC_LOG] Inicializado logger diario: /home/u727114368/domains/mercourier.com/public_html/wp-content/merc_logs/merc-debug-2026-04-18.log
[18-Apr-2026 21:56:11 UTC] 🔔 [MERC_LOG] Inicializado logger diario: /home/u727114368/domains/mercourier.com/public_html/wp-content/merc_logs/merc-debug-2026-04-18.log
[18-Apr-2026 21:56:11 UTC] 
════════════════════════════════════════════════════════════
[18-Apr-2026 21:56:11 UTC] 🧹 [LIMPIEZA DIARIA] Eliminando merc_motorizo_recojo_default de todos los usuarios
[18-Apr-2026 21:56:11 UTC] ════════════════════════════════════════════════════════════
[18-Apr-2026 21:56:11 UTC] 📊 Usuarios con motorizado_recojo_default: 0
[18-Apr-2026 21:56:11 UTC] 🔄 Total usuarios limpios: 0
[18-Apr-2026 21:56:11 UTC] ✅ [LIMPIEZA DIARIA COMPLETADA] Próxima ejecución en 24 horas
[18-Apr-2026 21:56:11 UTC] ════════════════════════════════════════════════════════════

[18-Apr-2026 21:56:12 UTC] 🔵 [FILTER] filter_shipment_by_date_and_tiendaname llamado
[18-Apr-2026 21:56:12 UTC] 🔵 [FILTER] Usuario actual: 1
[18-Apr-2026 21:56:12 UTC] 🔵 [FILTER] Args iniciales: {"post_type":"wpcargo_shipment","post_status":"publish","posts_per_page":"100","paged":1,"s":"","meta_query":{"relation":"AND","0":[]},"date_query":[{"after":"2026-02-17","before":"2026-04-18","inclusive":true}]}
[18-Apr-2026 21:56:12 UTC] 🔵 [FILTER] GET params: Array
(
)

[18-Apr-2026 21:56:12 UTC] 🔵 [FILTER] Sin parámetros de fecha, aplicando HOY por defecto: 2026-04-18
[18-Apr-2026 21:56:12 UTC] 🔵 [FILTER] Fecha desde: '2026-04-18' | Fecha hasta: '2026-04-18'
[18-Apr-2026 21:56:12 UTC] 🔵 [FILTER] has_from: true | has_to: true
[18-Apr-2026 21:56:12 UTC] 🔵 [FILTER] REMOVIENDO date_query para evitar conflicto
[18-Apr-2026 21:56:12 UTC] 🔵 [FILTER] SQL Query: 
            SELECT DISTINCT p.ID 
            FROM wp_posts p
            INNER JOIN wp_postmeta pm ON p.ID = pm.post_id
            WHERE p.post_type = 'wpcargo_shipment'
            AND pm.meta_key IN ('wpcargo_pickup_date_picker', 'wpcargo_pickup_date', 'calendarenvio', 'wpcargo_fecha_envio')
            AND (STR_TO_DATE(pm.meta_value, '%d/%m/%Y') >= STR_TO_DATE('2026-04-18', '%Y-%m-%d') AND STR_TO_DATE(pm.meta_value, '%d/%m/%Y') <= STR_TO_DATE('2026-04-18', '%Y-%m-%d'))
        
[18-Apr-2026 21:56:12 UTC] 🔵 [FILTER] IDs encontrados por fecha: 0
[18-Apr-2026 21:56:12 UTC] 🔵 [FILTER] Sin resultados de fecha, forzando búsqueda vacía
[18-Apr-2026 21:56:12 UTC] 🔵 [FILTER] Args finales: {"post_type":"wpcargo_shipment","post_status":"publish","posts_per_page":"100","paged":1,"s":"","meta_query":{"relation":"AND","0":[]},"post__in":[0]}
[18-Apr-2026 21:56:14 UTC] 🔔 [MERC_LOG] Inicializado logger diario: /home/u727114368/domains/mercourier.com/public_html/wp-content/merc_logs/merc-debug-2026-04-18.log
[18-Apr-2026 21:56:20 UTC] 🔔 [MERC_LOG] Inicializado logger diario: /home/u727114368/domains/mercourier.com/public_html/wp-content/merc_logs/merc-debug-2026-04-18.log
[18-Apr-2026 21:56:20 UTC] 🔔 [MERC_LOG] Inicializado logger diario: /home/u727114368/domains/mercourier.com/public_html/wp-content/merc_logs/merc-debug-2026-04-18.log
[18-Apr-2026 21:56:21 UTC] 🔔 [MERC_LOG] Inicializado logger diario: /home/u727114368/domains/mercourier.com/public_html/wp-content/merc_logs/merc-debug-2026-04-18.log
