[12-May-2026 04:49:49 UTC] 🔔 [MERC_LOG] Inicializado logger diario: /home/u727114368/domains/mercourier.com/public_html/wp-content/merc_logs/merc-debug-2026-05-12.log
[12-May-2026 04:49:49 UTC] 🔔 [MERC_LOG] Inicializado logger diario: /home/u727114368/domains/mercourier.com/public_html/wp-content/merc_logs/merc-debug-2026-05-12.log
[12-May-2026 04:49:50 UTC] 
════════════════════════════════════════════════════════════
[12-May-2026 04:49:50 UTC] 🧹 [LIMPIEZA DIARIA] Eliminando merc_motorizo_recojo_default de todos los usuarios
[12-May-2026 04:49:50 UTC] ════════════════════════════════════════════════════════════
[12-May-2026 04:49:50 UTC] 📊 Usuarios con motorizado_recojo_default: 0
[12-May-2026 04:49:50 UTC] 🔄 Total usuarios limpios: 0
[12-May-2026 04:49:50 UTC] ✅ [LIMPIEZA DIARIA COMPLETADA] Próxima ejecución en 24 horas
[12-May-2026 04:49:50 UTC] ════════════════════════════════════════════════════════════

[12-May-2026 13:47:26 UTC] 🔔 [MERC_LOG] Inicializado logger diario: /home/u727114368/domains/mercourier.com/public_html/wp-content/merc_logs/merc-debug-2026-05-12.log
[12-May-2026 13:47:26 UTC] 🌅 [RESETEO DIARIO AUTOMÁTICO] Ejecutado para 2026-05-12
[12-May-2026 13:47:27 UTC] 🔔 [MERC_LOG] Inicializado logger diario: /home/u727114368/domains/mercourier.com/public_html/wp-content/merc_logs/merc-debug-2026-05-12.log
[12-May-2026 13:47:28 UTC] 🔵 [FILTER] filter_shipment_by_date_and_tiendaname llamado
[12-May-2026 13:47:28 UTC] 🔵 [FILTER] Usuario actual: 37
[12-May-2026 13:47:28 UTC] 🔵 [FILTER] Args iniciales: {"post_type":"wpcargo_shipment","post_status":"publish","posts_per_page":10,"paged":1,"s":"","meta_query":{"relation":"AND","0":[]},"date_query":[{"after":"2026-03-13","before":"2026-05-12","inclusive":true}]}
[12-May-2026 13:47:28 UTC] 🔵 [FILTER] GET params: Array
(
)

[12-May-2026 13:47:28 UTC] 🔵 [FILTER] Sin parámetros de fecha, aplicando HOY por defecto: 2026-05-12
[12-May-2026 13:47:28 UTC] 🔵 [FILTER] Fecha desde: '2026-05-12' | Fecha hasta: '2026-05-12'
[12-May-2026 13:47:28 UTC] 🔵 [FILTER] has_from: true | has_to: true
[12-May-2026 13:47:28 UTC] 🔵 [FILTER] REMOVIENDO date_query para evitar conflicto
[12-May-2026 13:47:28 UTC] 🔵 [FILTER] SQL Query: 
            SELECT DISTINCT p.ID 
            FROM wp_posts p
            INNER JOIN wp_postmeta pm ON p.ID = pm.post_id
            WHERE p.post_type = 'wpcargo_shipment'
            AND pm.meta_key IN ('wpcargo_pickup_date_picker', 'wpcargo_pickup_date', 'calendarenvio', 'wpcargo_fecha_envio')
            AND (STR_TO_DATE(pm.meta_value, '%d/%m/%Y') >= STR_TO_DATE('2026-05-12', '%Y-%m-%d') AND STR_TO_DATE(pm.meta_value, '%d/%m/%Y') <= STR_TO_DATE('2026-05-12', '%Y-%m-%d'))
        
[12-May-2026 13:47:28 UTC] 🔵 [FILTER] IDs encontrados por fecha: 0
[12-May-2026 13:47:28 UTC] 🔵 [FILTER] Sin resultados de fecha, forzando búsqueda vacía
[12-May-2026 13:47:28 UTC] 🔵 [FILTER] Args finales: {"post_type":"wpcargo_shipment","post_status":"publish","posts_per_page":10,"paged":1,"s":"","meta_query":{"relation":"AND","0":[]},"post__in":[0]}
[12-May-2026 13:47:35 UTC] 🔔 [MERC_LOG] Inicializado logger diario: /home/u727114368/domains/mercourier.com/public_html/wp-content/merc_logs/merc-debug-2026-05-12.log
[12-May-2026 13:47:35 UTC] MERC_ADMIN_RESUMEN - date_query="AND ( 
        EXISTS( 
            SELECT 1 FROM wp_postmeta pm_pickup 
            WHERE pm_pickup.post_id = p.ID 
              AND pm_pickup.meta_key IN ('wpcargo_pickup_date_picker','wpcargo_pickup_date','calendarenvio','wpcargo_fecha_envio')
              AND (
                    (STR_TO_DATE(pm_pickup.meta_value, '%%d/%%m/%%Y') >= STR_TO_DATE('2026-05-12', '%%Y-%%m-%%d') AND STR_TO_DATE(pm_pickup.meta_value, '%%d/%%m/%%Y') <= STR_TO_DATE('2026-05-12', '%%Y-%%m-%%d'))
                 OR (STR_TO_DATE(pm_pickup.meta_value, '%%Y-%%m-%%d') >= STR_TO_DATE('2026-05-12', '%%Y-%%m-%%d') AND STR_TO_DATE(pm_pickup.meta_value, '%%Y-%%m-%%d') <= STR_TO_DATE('2026-05-12', '%%Y-%%m-%%d'))
                 OR (pm_pickup.meta_value BETWEEN '2026-05-12' AND '2026-05-12')
                 OR (pm_pickup.meta_value LIKE '2026-05-12%')
              )
        )
        OR (p.post_date BETWEEN '2026-05-12 00:00:00' AND '2026-05-12 23:59:59')
    )"
[12-May-2026 13:47:35 UTC] MERC_ADMIN_RESUMEN - NO SHIPMENTS returned for date_query, attempting fallback by pickup meta
[12-May-2026 13:47:35 UTC] MERC_ADMIN_RESUMEN - fallback also returned NO shipments; attempting fallback by post_date range
[12-May-2026 13:47:35 UTC] MERC_ADMIN_RESUMEN_SAMPLE - id=6680 post_date=2026-05-08 09:40:33 metas={"wpcargo_pickup_date_picker":"08\/05\/2026","wpcargo_pickup_date":"","calendarenvio":"","wpcargo_fecha_envio":"","post_date":"2026-05-08 09:40:33"}
[12-May-2026 13:47:35 UTC] MERC_ADMIN_RESUMEN_SAMPLE - id=6679 post_date=2026-05-08 09:37:46 metas={"wpcargo_pickup_date_picker":"08\/05\/2026","wpcargo_pickup_date":"","calendarenvio":"","wpcargo_fecha_envio":"","post_date":"2026-05-08 09:37:46"}
[12-May-2026 13:47:35 UTC] MERC_ADMIN_RESUMEN_SAMPLE - id=6676 post_date=2026-04-28 10:31:20 metas={"wpcargo_pickup_date_picker":"28\/04\/2026","wpcargo_pickup_date":"","calendarenvio":"","wpcargo_fecha_envio":"","post_date":"2026-04-28 10:31:20"}
[12-May-2026 13:47:35 UTC] MERC_ADMIN_RESUMEN_SAMPLE - id=6675 post_date=2026-04-23 01:11:36 metas={"wpcargo_pickup_date_picker":"2026-04-23","wpcargo_pickup_date":"","calendarenvio":"","wpcargo_fecha_envio":"","post_date":"2026-04-23 01:11:36"}
[12-May-2026 13:47:35 UTC] MERC_ADMIN_RESUMEN_SAMPLE - id=6674 post_date=2026-04-23 01:10:39 metas={"wpcargo_pickup_date_picker":"2026-04-23","wpcargo_pickup_date":"","calendarenvio":"","wpcargo_fecha_envio":"","post_date":"2026-04-23 01:10:39"}
[12-May-2026 13:47:35 UTC] MERC_ADMIN_RESUMEN_SAMPLE - id=6673 post_date=2026-04-23 01:10:01 metas={"wpcargo_pickup_date_picker":"2026-04-23","wpcargo_pickup_date":"","calendarenvio":"","wpcargo_fecha_envio":"","post_date":"2026-04-23 01:10:01"}
[12-May-2026 13:47:35 UTC] MERC_ADMIN_RESUMEN_SAMPLE - id=6672 post_date=2026-04-23 01:08:44 metas={"wpcargo_pickup_date_picker":"2026-04-23","wpcargo_pickup_date":"","calendarenvio":"","wpcargo_fecha_envio":"","post_date":"2026-04-23 01:08:44"}
[12-May-2026 13:47:35 UTC] MERC_ADMIN_RESUMEN_SAMPLE - id=6671 post_date=2026-04-23 01:07:48 metas={"wpcargo_pickup_date_picker":"23\/04\/2026","wpcargo_pickup_date":"","calendarenvio":"","wpcargo_fecha_envio":"","post_date":"2026-04-23 01:07:48"}
[12-May-2026 13:47:35 UTC] MERC_ADMIN_RESUMEN_SAMPLE - id=6670 post_date=2026-04-23 01:06:56 metas={"wpcargo_pickup_date_picker":"2026-04-23","wpcargo_pickup_date":"","calendarenvio":"","wpcargo_fecha_envio":"","post_date":"2026-04-23 01:06:56"}
[12-May-2026 13:47:35 UTC] MERC_ADMIN_RESUMEN_SAMPLE - id=6669 post_date=2026-04-23 00:39:39 metas={"wpcargo_pickup_date_picker":"","wpcargo_pickup_date":"","calendarenvio":"","wpcargo_fecha_envio":"","post_date":"2026-04-23 00:39:39"}
[12-May-2026 13:47:35 UTC] MERC_ADMIN_RESUMEN_SAMPLE - id=6641 post_date=2026-02-22 21:51:11 metas={"wpcargo_pickup_date_picker":"22\/2\/2026","wpcargo_pickup_date":"","calendarenvio":"","wpcargo_fecha_envio":"","post_date":"2026-02-22 21:51:11"}
[12-May-2026 13:47:35 UTC] MERC_ADMIN_RESUMEN_SAMPLE - id=6642 post_date=2026-02-22 21:51:11 metas={"wpcargo_pickup_date_picker":"22\/2\/2026","wpcargo_pickup_date":"","calendarenvio":"","wpcargo_fecha_envio":"","post_date":"2026-02-22 21:51:11"}
[12-May-2026 13:47:35 UTC] MERC_ADMIN_RESUMEN_SAMPLE - id=6643 post_date=2026-02-22 21:51:11 metas={"wpcargo_pickup_date_picker":"22\/2\/2026","wpcargo_pickup_date":"","calendarenvio":"","wpcargo_fecha_envio":"","post_date":"2026-02-22 21:51:11"}
[12-May-2026 13:47:35 UTC] MERC_ADMIN_RESUMEN_SAMPLE - id=6644 post_date=2026-02-22 21:51:11 metas={"wpcargo_pickup_date_picker":"22\/2\/2026","wpcargo_pickup_date":"","calendarenvio":"","wpcargo_fecha_envio":"","post_date":"2026-02-22 21:51:11"}
[12-May-2026 13:47:35 UTC] MERC_ADMIN_RESUMEN_SAMPLE - id=6601 post_date=2026-02-22 15:32:45 metas={"wpcargo_pickup_date_picker":"22\/2\/2026","wpcargo_pickup_date":"","calendarenvio":"","wpcargo_fecha_envio":"","post_date":"2026-02-22 15:32:45"}
[12-May-2026 13:47:35 UTC] MERC_ADMIN_RESUMEN_SAMPLE - id=6602 post_date=2026-02-22 15:32:45 metas={"wpcargo_pickup_date_picker":"22\/2\/2026","wpcargo_pickup_date":"","calendarenvio":"","wpcargo_fecha_envio":"","post_date":"2026-02-22 15:32:45"}
[12-May-2026 13:47:35 UTC] MERC_ADMIN_RESUMEN_SAMPLE - id=6603 post_date=2026-02-22 15:32:45 metas={"wpcargo_pickup_date_picker":"22\/2\/2026","wpcargo_pickup_date":"","calendarenvio":"","wpcargo_fecha_envio":"","post_date":"2026-02-22 15:32:45"}
[12-May-2026 13:47:35 UTC] MERC_ADMIN_RESUMEN_SAMPLE - id=6604 post_date=2026-02-22 15:32:45 metas={"wpcargo_pickup_date_picker":"22\/2\/2026","wpcargo_pickup_date":"","calendarenvio":"","wpcargo_fecha_envio":"","post_date":"2026-02-22 15:32:45"}
[12-May-2026 13:47:35 UTC] MERC_ADMIN_RESUMEN_SAMPLE - id=6593 post_date=2026-02-21 15:08:10 metas={"wpcargo_pickup_date_picker":"23\/2\/2026","wpcargo_pickup_date":"","calendarenvio":"","wpcargo_fecha_envio":"","post_date":"2026-02-21 15:08:10"}
[12-May-2026 13:47:35 UTC] MERC_ADMIN_RESUMEN_SAMPLE - id=6594 post_date=2026-02-21 15:08:10 metas={"wpcargo_pickup_date_picker":"23\/2\/2026","wpcargo_pickup_date":"","calendarenvio":"","wpcargo_fecha_envio":"","post_date":"2026-02-21 15:08:10"}
[12-May-2026 13:47:35 UTC] MERC_ADMIN_RESUMEN - trying post_date fallback with start=2026-05-12 00:00:00 end=2026-05-12 23:59:59
[12-May-2026 13:47:35 UTC] 🔍 [MERC_ADMIN_CARDS] drivers_sql: SELECT COALESCE(pm_driver.meta_value, pm_driver_alt.meta_value) AS driver_id, COUNT(DISTINCT p.ID) AS total_entregas FROM wp_posts p LEFT JOIN wp_postmeta pm_driver ON p.ID = pm_driver.post_id AND pm_driver.meta_key = 'wpcargo_driver' LEFT JOIN wp_postmeta pm_driver_alt ON p.ID = pm_driver_alt.post_id AND pm_driver_alt.meta_key = 'wpcargo_motorizo_recojo' WHERE p.post_type = 'wpcargo_shipment' AND p.post_status = 'publish' AND (pm_driver.meta_value IS NOT NULL OR pm_driver_alt.meta_value IS NOT NULL) AND ( EXISTS( SELECT 1 FROM wp_postmeta pm_pickup WHERE pm_pickup.post_id = p.ID AND pm_pickup.meta_key IN ('wpcargo_pickup_date_picker','wpcargo_pickup_date','calendarenvio','wpcargo_fecha_envio') AND ( (STR_TO_DATE(pm_pickup.meta_value, '%%d/%%m/%%Y') >= STR_TO_DATE('2026-05-12', '%%Y-%%m-%%d') AND STR_TO_DATE(pm_pickup.meta_value, '%%d/%%m/%%Y') <= STR_TO_DATE('2026-05-12', '%%Y-%%m-%%d')) OR (STR_TO_DATE(pm_pickup.meta_value, '%%Y-%%m-%%d') >= STR_TO_DATE('2026-05-12', '%%Y-%%m-%%d') AND STR_TO_DATE(pm_pickup.meta_value, '%%Y-%%m-%%d') <= STR_TO_DATE('2026-05-12', '%%Y-%%m-%%d')) OR (pm_pickup.meta_value BETWEEN '2026-05-12' AND '2026-05-12') OR (pm_pickup.meta_value LIKE '2026-05-12%') ) ) OR (p.post_date BETWEEN '2026-05-12 00:00:00' AND '2026-05-12 23:59:59') ) GROUP BY COALESCE(pm_driver.meta_value, pm_driver_alt.meta_value) ORDER BY total_entregas DESC
[12-May-2026 13:47:35 UTC] 🔍 [MERC_ADMIN_CARDS] sample_ids_count: 0
[12-May-2026 13:47:35 UTC] 🔍 [MERC_ADMIN_CARDS] sample_ids EMPTY for date_query
[12-May-2026 13:47:35 UTC] 🔍 [MERC_ADMIN_CARDS] drivers_count: 0
[12-May-2026 13:47:35 UTC] 🔍 [MERC_ADMIN_CLIENTS] clients_sql: SELECT pm_sender.meta_value AS client_id, COUNT(DISTINCT p.ID) AS total_envios FROM wp_posts p LEFT JOIN wp_postmeta pm_sender ON p.ID = pm_sender.post_id AND pm_sender.meta_key = 'registered_shipper' WHERE p.post_type = 'wpcargo_shipment' AND p.post_status = 'publish' AND pm_sender.meta_value IS NOT NULL AND pm_sender.meta_value != '' AND ( EXISTS( SELECT 1 FROM wp_postmeta pm_pickup WHERE pm_pickup.post_id = p.ID AND pm_pickup.meta_key IN ('wpcargo_pickup_date_picker','wpcargo_pickup_date','calendarenvio','wpcargo_fecha_envio') AND ( (STR_TO_DATE(pm_pickup.meta_value, '%%d/%%m/%%Y') >= STR_TO_DATE('2026-05-12', '%%Y-%%m-%%d') AND STR_TO_DATE(pm_pickup.meta_value, '%%d/%%m/%%Y') <= STR_TO_DATE('2026-05-12', '%%Y-%%m-%%d')) OR (STR_TO_DATE(pm_pickup.meta_value, '%%Y-%%m-%%d') >= STR_TO_DATE('2026-05-12', '%%Y-%%m-%%d') AND STR_TO_DATE(pm_pickup.meta_value, '%%Y-%%m-%%d') <= STR_TO_DATE('2026-05-12', '%%Y-%%m-%%d')) OR (pm_pickup.meta_value BETWEEN '2026-05-12' AND '2026-05-12') OR (pm_pickup.meta_value LIKE '2026-05-12%') ) ) OR (p.post_date BETWEEN '2026-05-12 00:00:00' AND '2026-05-12 23:59:59') ) GROUP BY pm_sender.meta_value ORDER BY total_envios DESC
[12-May-2026 13:47:35 UTC] 🔍 [MERC_ADMIN_CLIENTS] clients_count: 0
[12-May-2026 13:47:35 UTC] 🔍 [MERC_ADMIN_CLIENTS] sample_ids_count: 0
[12-May-2026 13:47:35 UTC] 🔍 [MERC_ADMIN_CLIENTS] sample_ids EMPTY for date_query
[12-May-2026 13:47:35 UTC] 🔔 [MERC_LOG] Inicializado logger diario: /home/u727114368/domains/mercourier.com/public_html/wp-content/merc_logs/merc-debug-2026-05-12.log
[12-May-2026 13:47:41 UTC] 🔔 [MERC_LOG] Inicializado logger diario: /home/u727114368/domains/mercourier.com/public_html/wp-content/merc_logs/merc-debug-2026-05-12.log
[12-May-2026 13:47:41 UTC] MERC_ADMIN_RESUMEN - date_query="AND ( 
        EXISTS( 
            SELECT 1 FROM wp_postmeta pm_pickup 
            WHERE pm_pickup.post_id = p.ID 
              AND pm_pickup.meta_key IN ('wpcargo_pickup_date_picker','wpcargo_pickup_date','calendarenvio','wpcargo_fecha_envio')
              AND (
                    (STR_TO_DATE(pm_pickup.meta_value, '%%d/%%m/%%Y') >= STR_TO_DATE('2026-05-12', '%%Y-%%m-%%d') AND STR_TO_DATE(pm_pickup.meta_value, '%%d/%%m/%%Y') <= STR_TO_DATE('2026-05-12', '%%Y-%%m-%%d'))
                 OR (STR_TO_DATE(pm_pickup.meta_value, '%%Y-%%m-%%d') >= STR_TO_DATE('2026-05-12', '%%Y-%%m-%%d') AND STR_TO_DATE(pm_pickup.meta_value, '%%Y-%%m-%%d') <= STR_TO_DATE('2026-05-12', '%%Y-%%m-%%d'))
                 OR (pm_pickup.meta_value BETWEEN '2026-05-12' AND '2026-05-12')
                 OR (pm_pickup.meta_value LIKE '2026-05-12%')
              )
        )
        OR (p.post_date BETWEEN '2026-05-12 00:00:00' AND '2026-05-12 23:59:59')
    )"
[12-May-2026 13:47:41 UTC] MERC_ADMIN_RESUMEN - NO SHIPMENTS returned for date_query, attempting fallback by pickup meta
[12-May-2026 13:47:41 UTC] MERC_ADMIN_RESUMEN - fallback also returned NO shipments; attempting fallback by post_date range
[12-May-2026 13:47:41 UTC] MERC_ADMIN_RESUMEN_SAMPLE - id=6680 post_date=2026-05-08 09:40:33 metas={"wpcargo_pickup_date_picker":"08\/05\/2026","wpcargo_pickup_date":"","calendarenvio":"","wpcargo_fecha_envio":"","post_date":"2026-05-08 09:40:33"}
[12-May-2026 13:47:41 UTC] MERC_ADMIN_RESUMEN_SAMPLE - id=6679 post_date=2026-05-08 09:37:46 metas={"wpcargo_pickup_date_picker":"08\/05\/2026","wpcargo_pickup_date":"","calendarenvio":"","wpcargo_fecha_envio":"","post_date":"2026-05-08 09:37:46"}
[12-May-2026 13:47:41 UTC] MERC_ADMIN_RESUMEN_SAMPLE - id=6676 post_date=2026-04-28 10:31:20 metas={"wpcargo_pickup_date_picker":"28\/04\/2026","wpcargo_pickup_date":"","calendarenvio":"","wpcargo_fecha_envio":"","post_date":"2026-04-28 10:31:20"}
[12-May-2026 13:47:41 UTC] MERC_ADMIN_RESUMEN_SAMPLE - id=6675 post_date=2026-04-23 01:11:36 metas={"wpcargo_pickup_date_picker":"2026-04-23","wpcargo_pickup_date":"","calendarenvio":"","wpcargo_fecha_envio":"","post_date":"2026-04-23 01:11:36"}
[12-May-2026 13:47:41 UTC] MERC_ADMIN_RESUMEN_SAMPLE - id=6674 post_date=2026-04-23 01:10:39 metas={"wpcargo_pickup_date_picker":"2026-04-23","wpcargo_pickup_date":"","calendarenvio":"","wpcargo_fecha_envio":"","post_date":"2026-04-23 01:10:39"}
[12-May-2026 13:47:41 UTC] MERC_ADMIN_RESUMEN_SAMPLE - id=6673 post_date=2026-04-23 01:10:01 metas={"wpcargo_pickup_date_picker":"2026-04-23","wpcargo_pickup_date":"","calendarenvio":"","wpcargo_fecha_envio":"","post_date":"2026-04-23 01:10:01"}
[12-May-2026 13:47:41 UTC] MERC_ADMIN_RESUMEN_SAMPLE - id=6672 post_date=2026-04-23 01:08:44 metas={"wpcargo_pickup_date_picker":"2026-04-23","wpcargo_pickup_date":"","calendarenvio":"","wpcargo_fecha_envio":"","post_date":"2026-04-23 01:08:44"}
[12-May-2026 13:47:41 UTC] MERC_ADMIN_RESUMEN_SAMPLE - id=6671 post_date=2026-04-23 01:07:48 metas={"wpcargo_pickup_date_picker":"23\/04\/2026","wpcargo_pickup_date":"","calendarenvio":"","wpcargo_fecha_envio":"","post_date":"2026-04-23 01:07:48"}
[12-May-2026 13:47:41 UTC] MERC_ADMIN_RESUMEN_SAMPLE - id=6670 post_date=2026-04-23 01:06:56 metas={"wpcargo_pickup_date_picker":"2026-04-23","wpcargo_pickup_date":"","calendarenvio":"","wpcargo_fecha_envio":"","post_date":"2026-04-23 01:06:56"}
[12-May-2026 13:47:41 UTC] MERC_ADMIN_RESUMEN_SAMPLE - id=6669 post_date=2026-04-23 00:39:39 metas={"wpcargo_pickup_date_picker":"","wpcargo_pickup_date":"","calendarenvio":"","wpcargo_fecha_envio":"","post_date":"2026-04-23 00:39:39"}
[12-May-2026 13:47:41 UTC] MERC_ADMIN_RESUMEN_SAMPLE - id=6641 post_date=2026-02-22 21:51:11 metas={"wpcargo_pickup_date_picker":"22\/2\/2026","wpcargo_pickup_date":"","calendarenvio":"","wpcargo_fecha_envio":"","post_date":"2026-02-22 21:51:11"}
[12-May-2026 13:47:41 UTC] MERC_ADMIN_RESUMEN_SAMPLE - id=6642 post_date=2026-02-22 21:51:11 metas={"wpcargo_pickup_date_picker":"22\/2\/2026","wpcargo_pickup_date":"","calendarenvio":"","wpcargo_fecha_envio":"","post_date":"2026-02-22 21:51:11"}
[12-May-2026 13:47:41 UTC] MERC_ADMIN_RESUMEN_SAMPLE - id=6643 post_date=2026-02-22 21:51:11 metas={"wpcargo_pickup_date_picker":"22\/2\/2026","wpcargo_pickup_date":"","calendarenvio":"","wpcargo_fecha_envio":"","post_date":"2026-02-22 21:51:11"}
[12-May-2026 13:47:41 UTC] MERC_ADMIN_RESUMEN_SAMPLE - id=6644 post_date=2026-02-22 21:51:11 metas={"wpcargo_pickup_date_picker":"22\/2\/2026","wpcargo_pickup_date":"","calendarenvio":"","wpcargo_fecha_envio":"","post_date":"2026-02-22 21:51:11"}
[12-May-2026 13:47:41 UTC] MERC_ADMIN_RESUMEN_SAMPLE - id=6601 post_date=2026-02-22 15:32:45 metas={"wpcargo_pickup_date_picker":"22\/2\/2026","wpcargo_pickup_date":"","calendarenvio":"","wpcargo_fecha_envio":"","post_date":"2026-02-22 15:32:45"}
[12-May-2026 13:47:41 UTC] MERC_ADMIN_RESUMEN_SAMPLE - id=6602 post_date=2026-02-22 15:32:45 metas={"wpcargo_pickup_date_picker":"22\/2\/2026","wpcargo_pickup_date":"","calendarenvio":"","wpcargo_fecha_envio":"","post_date":"2026-02-22 15:32:45"}
[12-May-2026 13:47:41 UTC] MERC_ADMIN_RESUMEN_SAMPLE - id=6603 post_date=2026-02-22 15:32:45 metas={"wpcargo_pickup_date_picker":"22\/2\/2026","wpcargo_pickup_date":"","calendarenvio":"","wpcargo_fecha_envio":"","post_date":"2026-02-22 15:32:45"}
[12-May-2026 13:47:41 UTC] MERC_ADMIN_RESUMEN_SAMPLE - id=6604 post_date=2026-02-22 15:32:45 metas={"wpcargo_pickup_date_picker":"22\/2\/2026","wpcargo_pickup_date":"","calendarenvio":"","wpcargo_fecha_envio":"","post_date":"2026-02-22 15:32:45"}
[12-May-2026 13:47:41 UTC] MERC_ADMIN_RESUMEN_SAMPLE - id=6593 post_date=2026-02-21 15:08:10 metas={"wpcargo_pickup_date_picker":"23\/2\/2026","wpcargo_pickup_date":"","calendarenvio":"","wpcargo_fecha_envio":"","post_date":"2026-02-21 15:08:10"}
[12-May-2026 13:47:41 UTC] MERC_ADMIN_RESUMEN_SAMPLE - id=6594 post_date=2026-02-21 15:08:10 metas={"wpcargo_pickup_date_picker":"23\/2\/2026","wpcargo_pickup_date":"","calendarenvio":"","wpcargo_fecha_envio":"","post_date":"2026-02-21 15:08:10"}
[12-May-2026 13:47:41 UTC] MERC_ADMIN_RESUMEN - trying post_date fallback with start=2026-05-12 00:00:00 end=2026-05-12 23:59:59
[12-May-2026 13:47:41 UTC] 🔍 [MERC_ADMIN_CARDS] drivers_sql: SELECT COALESCE(pm_driver.meta_value, pm_driver_alt.meta_value) AS driver_id, COUNT(DISTINCT p.ID) AS total_entregas FROM wp_posts p LEFT JOIN wp_postmeta pm_driver ON p.ID = pm_driver.post_id AND pm_driver.meta_key = 'wpcargo_driver' LEFT JOIN wp_postmeta pm_driver_alt ON p.ID = pm_driver_alt.post_id AND pm_driver_alt.meta_key = 'wpcargo_motorizo_recojo' WHERE p.post_type = 'wpcargo_shipment' AND p.post_status = 'publish' AND (pm_driver.meta_value IS NOT NULL OR pm_driver_alt.meta_value IS NOT NULL) AND ( EXISTS( SELECT 1 FROM wp_postmeta pm_pickup WHERE pm_pickup.post_id = p.ID AND pm_pickup.meta_key IN ('wpcargo_pickup_date_picker','wpcargo_pickup_date','calendarenvio','wpcargo_fecha_envio') AND ( (STR_TO_DATE(pm_pickup.meta_value, '%%d/%%m/%%Y') >= STR_TO_DATE('2026-05-12', '%%Y-%%m-%%d') AND STR_TO_DATE(pm_pickup.meta_value, '%%d/%%m/%%Y') <= STR_TO_DATE('2026-05-12', '%%Y-%%m-%%d')) OR (STR_TO_DATE(pm_pickup.meta_value, '%%Y-%%m-%%d') >= STR_TO_DATE('2026-05-12', '%%Y-%%m-%%d') AND STR_TO_DATE(pm_pickup.meta_value, '%%Y-%%m-%%d') <= STR_TO_DATE('2026-05-12', '%%Y-%%m-%%d')) OR (pm_pickup.meta_value BETWEEN '2026-05-12' AND '2026-05-12') OR (pm_pickup.meta_value LIKE '2026-05-12%') ) ) OR (p.post_date BETWEEN '2026-05-12 00:00:00' AND '2026-05-12 23:59:59') ) GROUP BY COALESCE(pm_driver.meta_value, pm_driver_alt.meta_value) ORDER BY total_entregas DESC
[12-May-2026 13:47:41 UTC] 🔍 [MERC_ADMIN_CARDS] sample_ids_count: 0
[12-May-2026 13:47:41 UTC] 🔍 [MERC_ADMIN_CARDS] sample_ids EMPTY for date_query
[12-May-2026 13:47:41 UTC] 🔍 [MERC_ADMIN_CARDS] drivers_count: 0
[12-May-2026 13:47:41 UTC] 🔍 [MERC_ADMIN_CLIENTS] clients_sql: SELECT pm_sender.meta_value AS client_id, COUNT(DISTINCT p.ID) AS total_envios FROM wp_posts p LEFT JOIN wp_postmeta pm_sender ON p.ID = pm_sender.post_id AND pm_sender.meta_key = 'registered_shipper' WHERE p.post_type = 'wpcargo_shipment' AND p.post_status = 'publish' AND pm_sender.meta_value IS NOT NULL AND pm_sender.meta_value != '' AND ( EXISTS( SELECT 1 FROM wp_postmeta pm_pickup WHERE pm_pickup.post_id = p.ID AND pm_pickup.meta_key IN ('wpcargo_pickup_date_picker','wpcargo_pickup_date','calendarenvio','wpcargo_fecha_envio') AND ( (STR_TO_DATE(pm_pickup.meta_value, '%%d/%%m/%%Y') >= STR_TO_DATE('2026-05-12', '%%Y-%%m-%%d') AND STR_TO_DATE(pm_pickup.meta_value, '%%d/%%m/%%Y') <= STR_TO_DATE('2026-05-12', '%%Y-%%m-%%d')) OR (STR_TO_DATE(pm_pickup.meta_value, '%%Y-%%m-%%d') >= STR_TO_DATE('2026-05-12', '%%Y-%%m-%%d') AND STR_TO_DATE(pm_pickup.meta_value, '%%Y-%%m-%%d') <= STR_TO_DATE('2026-05-12', '%%Y-%%m-%%d')) OR (pm_pickup.meta_value BETWEEN '2026-05-12' AND '2026-05-12') OR (pm_pickup.meta_value LIKE '2026-05-12%') ) ) OR (p.post_date BETWEEN '2026-05-12 00:00:00' AND '2026-05-12 23:59:59') ) GROUP BY pm_sender.meta_value ORDER BY total_envios DESC
[12-May-2026 13:47:41 UTC] 🔍 [MERC_ADMIN_CLIENTS] clients_count: 0
[12-May-2026 13:47:41 UTC] 🔍 [MERC_ADMIN_CLIENTS] sample_ids_count: 0
[12-May-2026 13:47:41 UTC] 🔍 [MERC_ADMIN_CLIENTS] sample_ids EMPTY for date_query
[12-May-2026 13:47:49 UTC] 🔔 [MERC_LOG] Inicializado logger diario: /home/u727114368/domains/mercourier.com/public_html/wp-content/merc_logs/merc-debug-2026-05-12.log
[12-May-2026 13:47:49 UTC] 🔔 [MERC_LOG] Inicializado logger diario: /home/u727114368/domains/mercourier.com/public_html/wp-content/merc_logs/merc-debug-2026-05-12.log
[12-May-2026 13:47:54 UTC] 🔔 [MERC_LOG] Inicializado logger diario: /home/u727114368/domains/mercourier.com/public_html/wp-content/merc_logs/merc-debug-2026-05-12.log
[12-May-2026 13:48:06 UTC] 🔔 [MERC_LOG] Inicializado logger diario: /home/u727114368/domains/mercourier.com/public_html/wp-content/merc_logs/merc-debug-2026-05-12.log
[12-May-2026 13:48:06 UTC] 🔔 [MERC_LOG] Inicializado logger diario: /home/u727114368/domains/mercourier.com/public_html/wp-content/merc_logs/merc-debug-2026-05-12.log
[12-May-2026 13:48:12 UTC] 🔔 [MERC_LOG] Inicializado logger diario: /home/u727114368/domains/mercourier.com/public_html/wp-content/merc_logs/merc-debug-2026-05-12.log
[12-May-2026 13:48:12 UTC] 🔔 [MERC_LOG] Inicializado logger diario: /home/u727114368/domains/mercourier.com/public_html/wp-content/merc_logs/merc-debug-2026-05-12.log
[12-May-2026 13:48:13 UTC] 🔔 [MERC_LOG] Inicializado logger diario: /home/u727114368/domains/mercourier.com/public_html/wp-content/merc_logs/merc-debug-2026-05-12.log
[12-May-2026 13:48:13 UTC] 🔔 [MERC_LOG] Inicializado logger diario: /home/u727114368/domains/mercourier.com/public_html/wp-content/merc_logs/merc-debug-2026-05-12.log
[12-May-2026 13:48:14 UTC] 🔔 [MERC_LOG] Inicializado logger diario: /home/u727114368/domains/mercourier.com/public_html/wp-content/merc_logs/merc-debug-2026-05-12.log
[12-May-2026 13:48:14 UTC] 🔵 [FILTER] filter_shipment_by_date_and_tiendaname llamado
[12-May-2026 13:48:14 UTC] 🔵 [FILTER] Usuario actual: 37
[12-May-2026 13:48:14 UTC] 🔵 [FILTER] Args iniciales: {"post_type":"wpcargo_shipment","post_status":"publish","posts_per_page":10,"paged":1,"s":"","meta_query":{"relation":"AND","0":[]},"date_query":[{"after":"2026-03-13","before":"2026-05-12","inclusive":true}]}
[12-May-2026 13:48:14 UTC] 🔵 [FILTER] GET params: Array
(
)

[12-May-2026 13:48:14 UTC] 🔵 [FILTER] Sin parámetros de fecha, aplicando HOY por defecto: 2026-05-12
[12-May-2026 13:48:14 UTC] 🔵 [FILTER] Fecha desde: '2026-05-12' | Fecha hasta: '2026-05-12'
[12-May-2026 13:48:14 UTC] 🔵 [FILTER] has_from: true | has_to: true
[12-May-2026 13:48:14 UTC] 🔵 [FILTER] REMOVIENDO date_query para evitar conflicto
[12-May-2026 13:48:14 UTC] 🔵 [FILTER] SQL Query: 
            SELECT DISTINCT p.ID 
            FROM wp_posts p
            INNER JOIN wp_postmeta pm ON p.ID = pm.post_id
            WHERE p.post_type = 'wpcargo_shipment'
            AND pm.meta_key IN ('wpcargo_pickup_date_picker', 'wpcargo_pickup_date', 'calendarenvio', 'wpcargo_fecha_envio')
            AND (STR_TO_DATE(pm.meta_value, '%d/%m/%Y') >= STR_TO_DATE('2026-05-12', '%Y-%m-%d') AND STR_TO_DATE(pm.meta_value, '%d/%m/%Y') <= STR_TO_DATE('2026-05-12', '%Y-%m-%d'))
        
[12-May-2026 13:48:14 UTC] 🔵 [FILTER] IDs encontrados por fecha: 0
[12-May-2026 13:48:14 UTC] 🔵 [FILTER] Sin resultados de fecha, forzando búsqueda vacía
[12-May-2026 13:48:14 UTC] 🔵 [FILTER] Args finales: {"post_type":"wpcargo_shipment","post_status":"publish","posts_per_page":10,"paged":1,"s":"","meta_query":{"relation":"AND","0":[]},"post__in":[0]}
[12-May-2026 13:48:19 UTC] 🔔 [MERC_LOG] Inicializado logger diario: /home/u727114368/domains/mercourier.com/public_html/wp-content/merc_logs/merc-debug-2026-05-12.log
[12-May-2026 13:48:19 UTC] MERC_ADMIN_RESUMEN - date_query="AND ( 
        EXISTS( 
            SELECT 1 FROM wp_postmeta pm_pickup 
            WHERE pm_pickup.post_id = p.ID 
              AND pm_pickup.meta_key IN ('wpcargo_pickup_date_picker','wpcargo_pickup_date','calendarenvio','wpcargo_fecha_envio')
              AND (
                    (STR_TO_DATE(pm_pickup.meta_value, '%%d/%%m/%%Y') >= STR_TO_DATE('2026-05-12', '%%Y-%%m-%%d') AND STR_TO_DATE(pm_pickup.meta_value, '%%d/%%m/%%Y') <= STR_TO_DATE('2026-05-12', '%%Y-%%m-%%d'))
                 OR (STR_TO_DATE(pm_pickup.meta_value, '%%Y-%%m-%%d') >= STR_TO_DATE('2026-05-12', '%%Y-%%m-%%d') AND STR_TO_DATE(pm_pickup.meta_value, '%%Y-%%m-%%d') <= STR_TO_DATE('2026-05-12', '%%Y-%%m-%%d'))
                 OR (pm_pickup.meta_value BETWEEN '2026-05-12' AND '2026-05-12')
                 OR (pm_pickup.meta_value LIKE '2026-05-12%')
              )
        )
        OR (p.post_date BETWEEN '2026-05-12 00:00:00' AND '2026-05-12 23:59:59')
    )"
[12-May-2026 13:48:19 UTC] MERC_ADMIN_RESUMEN - NO SHIPMENTS returned for date_query, attempting fallback by pickup meta
[12-May-2026 13:48:19 UTC] MERC_ADMIN_RESUMEN - fallback also returned NO shipments; attempting fallback by post_date range
[12-May-2026 13:48:19 UTC] MERC_ADMIN_RESUMEN_SAMPLE - id=6680 post_date=2026-05-08 09:40:33 metas={"wpcargo_pickup_date_picker":"08\/05\/2026","wpcargo_pickup_date":"","calendarenvio":"","wpcargo_fecha_envio":"","post_date":"2026-05-08 09:40:33"}
[12-May-2026 13:48:19 UTC] MERC_ADMIN_RESUMEN_SAMPLE - id=6679 post_date=2026-05-08 09:37:46 metas={"wpcargo_pickup_date_picker":"08\/05\/2026","wpcargo_pickup_date":"","calendarenvio":"","wpcargo_fecha_envio":"","post_date":"2026-05-08 09:37:46"}
[12-May-2026 13:48:19 UTC] MERC_ADMIN_RESUMEN_SAMPLE - id=6676 post_date=2026-04-28 10:31:20 metas={"wpcargo_pickup_date_picker":"28\/04\/2026","wpcargo_pickup_date":"","calendarenvio":"","wpcargo_fecha_envio":"","post_date":"2026-04-28 10:31:20"}
[12-May-2026 13:48:19 UTC] MERC_ADMIN_RESUMEN_SAMPLE - id=6675 post_date=2026-04-23 01:11:36 metas={"wpcargo_pickup_date_picker":"2026-04-23","wpcargo_pickup_date":"","calendarenvio":"","wpcargo_fecha_envio":"","post_date":"2026-04-23 01:11:36"}
[12-May-2026 13:48:19 UTC] MERC_ADMIN_RESUMEN_SAMPLE - id=6674 post_date=2026-04-23 01:10:39 metas={"wpcargo_pickup_date_picker":"2026-04-23","wpcargo_pickup_date":"","calendarenvio":"","wpcargo_fecha_envio":"","post_date":"2026-04-23 01:10:39"}
[12-May-2026 13:48:19 UTC] MERC_ADMIN_RESUMEN_SAMPLE - id=6673 post_date=2026-04-23 01:10:01 metas={"wpcargo_pickup_date_picker":"2026-04-23","wpcargo_pickup_date":"","calendarenvio":"","wpcargo_fecha_envio":"","post_date":"2026-04-23 01:10:01"}
[12-May-2026 13:48:19 UTC] MERC_ADMIN_RESUMEN_SAMPLE - id=6672 post_date=2026-04-23 01:08:44 metas={"wpcargo_pickup_date_picker":"2026-04-23","wpcargo_pickup_date":"","calendarenvio":"","wpcargo_fecha_envio":"","post_date":"2026-04-23 01:08:44"}
[12-May-2026 13:48:19 UTC] MERC_ADMIN_RESUMEN_SAMPLE - id=6671 post_date=2026-04-23 01:07:48 metas={"wpcargo_pickup_date_picker":"23\/04\/2026","wpcargo_pickup_date":"","calendarenvio":"","wpcargo_fecha_envio":"","post_date":"2026-04-23 01:07:48"}
[12-May-2026 13:48:19 UTC] MERC_ADMIN_RESUMEN_SAMPLE - id=6670 post_date=2026-04-23 01:06:56 metas={"wpcargo_pickup_date_picker":"2026-04-23","wpcargo_pickup_date":"","calendarenvio":"","wpcargo_fecha_envio":"","post_date":"2026-04-23 01:06:56"}
[12-May-2026 13:48:19 UTC] MERC_ADMIN_RESUMEN_SAMPLE - id=6669 post_date=2026-04-23 00:39:39 metas={"wpcargo_pickup_date_picker":"","wpcargo_pickup_date":"","calendarenvio":"","wpcargo_fecha_envio":"","post_date":"2026-04-23 00:39:39"}
[12-May-2026 13:48:19 UTC] MERC_ADMIN_RESUMEN_SAMPLE - id=6641 post_date=2026-02-22 21:51:11 metas={"wpcargo_pickup_date_picker":"22\/2\/2026","wpcargo_pickup_date":"","calendarenvio":"","wpcargo_fecha_envio":"","post_date":"2026-02-22 21:51:11"}
[12-May-2026 13:48:19 UTC] MERC_ADMIN_RESUMEN_SAMPLE - id=6642 post_date=2026-02-22 21:51:11 metas={"wpcargo_pickup_date_picker":"22\/2\/2026","wpcargo_pickup_date":"","calendarenvio":"","wpcargo_fecha_envio":"","post_date":"2026-02-22 21:51:11"}
[12-May-2026 13:48:19 UTC] MERC_ADMIN_RESUMEN_SAMPLE - id=6643 post_date=2026-02-22 21:51:11 metas={"wpcargo_pickup_date_picker":"22\/2\/2026","wpcargo_pickup_date":"","calendarenvio":"","wpcargo_fecha_envio":"","post_date":"2026-02-22 21:51:11"}
[12-May-2026 13:48:19 UTC] MERC_ADMIN_RESUMEN_SAMPLE - id=6644 post_date=2026-02-22 21:51:11 metas={"wpcargo_pickup_date_picker":"22\/2\/2026","wpcargo_pickup_date":"","calendarenvio":"","wpcargo_fecha_envio":"","post_date":"2026-02-22 21:51:11"}
[12-May-2026 13:48:19 UTC] MERC_ADMIN_RESUMEN_SAMPLE - id=6601 post_date=2026-02-22 15:32:45 metas={"wpcargo_pickup_date_picker":"22\/2\/2026","wpcargo_pickup_date":"","calendarenvio":"","wpcargo_fecha_envio":"","post_date":"2026-02-22 15:32:45"}
[12-May-2026 13:48:19 UTC] MERC_ADMIN_RESUMEN_SAMPLE - id=6602 post_date=2026-02-22 15:32:45 metas={"wpcargo_pickup_date_picker":"22\/2\/2026","wpcargo_pickup_date":"","calendarenvio":"","wpcargo_fecha_envio":"","post_date":"2026-02-22 15:32:45"}
[12-May-2026 13:48:19 UTC] MERC_ADMIN_RESUMEN_SAMPLE - id=6603 post_date=2026-02-22 15:32:45 metas={"wpcargo_pickup_date_picker":"22\/2\/2026","wpcargo_pickup_date":"","calendarenvio":"","wpcargo_fecha_envio":"","post_date":"2026-02-22 15:32:45"}
[12-May-2026 13:48:19 UTC] MERC_ADMIN_RESUMEN_SAMPLE - id=6604 post_date=2026-02-22 15:32:45 metas={"wpcargo_pickup_date_picker":"22\/2\/2026","wpcargo_pickup_date":"","calendarenvio":"","wpcargo_fecha_envio":"","post_date":"2026-02-22 15:32:45"}
[12-May-2026 13:48:19 UTC] MERC_ADMIN_RESUMEN_SAMPLE - id=6593 post_date=2026-02-21 15:08:10 metas={"wpcargo_pickup_date_picker":"23\/2\/2026","wpcargo_pickup_date":"","calendarenvio":"","wpcargo_fecha_envio":"","post_date":"2026-02-21 15:08:10"}
[12-May-2026 13:48:19 UTC] MERC_ADMIN_RESUMEN_SAMPLE - id=6594 post_date=2026-02-21 15:08:10 metas={"wpcargo_pickup_date_picker":"23\/2\/2026","wpcargo_pickup_date":"","calendarenvio":"","wpcargo_fecha_envio":"","post_date":"2026-02-21 15:08:10"}
[12-May-2026 13:48:19 UTC] MERC_ADMIN_RESUMEN - trying post_date fallback with start=2026-05-12 00:00:00 end=2026-05-12 23:59:59
[12-May-2026 13:48:19 UTC] 🔍 [MERC_ADMIN_CARDS] drivers_sql: SELECT COALESCE(pm_driver.meta_value, pm_driver_alt.meta_value) AS driver_id, COUNT(DISTINCT p.ID) AS total_entregas FROM wp_posts p LEFT JOIN wp_postmeta pm_driver ON p.ID = pm_driver.post_id AND pm_driver.meta_key = 'wpcargo_driver' LEFT JOIN wp_postmeta pm_driver_alt ON p.ID = pm_driver_alt.post_id AND pm_driver_alt.meta_key = 'wpcargo_motorizo_recojo' WHERE p.post_type = 'wpcargo_shipment' AND p.post_status = 'publish' AND (pm_driver.meta_value IS NOT NULL OR pm_driver_alt.meta_value IS NOT NULL) AND ( EXISTS( SELECT 1 FROM wp_postmeta pm_pickup WHERE pm_pickup.post_id = p.ID AND pm_pickup.meta_key IN ('wpcargo_pickup_date_picker','wpcargo_pickup_date','calendarenvio','wpcargo_fecha_envio') AND ( (STR_TO_DATE(pm_pickup.meta_value, '%%d/%%m/%%Y') >= STR_TO_DATE('2026-05-12', '%%Y-%%m-%%d') AND STR_TO_DATE(pm_pickup.meta_value, '%%d/%%m/%%Y') <= STR_TO_DATE('2026-05-12', '%%Y-%%m-%%d')) OR (STR_TO_DATE(pm_pickup.meta_value, '%%Y-%%m-%%d') >= STR_TO_DATE('2026-05-12', '%%Y-%%m-%%d') AND STR_TO_DATE(pm_pickup.meta_value, '%%Y-%%m-%%d') <= STR_TO_DATE('2026-05-12', '%%Y-%%m-%%d')) OR (pm_pickup.meta_value BETWEEN '2026-05-12' AND '2026-05-12') OR (pm_pickup.meta_value LIKE '2026-05-12%') ) ) OR (p.post_date BETWEEN '2026-05-12 00:00:00' AND '2026-05-12 23:59:59') ) GROUP BY COALESCE(pm_driver.meta_value, pm_driver_alt.meta_value) ORDER BY total_entregas DESC
[12-May-2026 13:48:19 UTC] 🔍 [MERC_ADMIN_CARDS] sample_ids_count: 0
[12-May-2026 13:48:19 UTC] 🔍 [MERC_ADMIN_CARDS] sample_ids EMPTY for date_query
[12-May-2026 13:48:19 UTC] 🔍 [MERC_ADMIN_CARDS] drivers_count: 0
[12-May-2026 13:48:19 UTC] 🔍 [MERC_ADMIN_CLIENTS] clients_sql: SELECT pm_sender.meta_value AS client_id, COUNT(DISTINCT p.ID) AS total_envios FROM wp_posts p LEFT JOIN wp_postmeta pm_sender ON p.ID = pm_sender.post_id AND pm_sender.meta_key = 'registered_shipper' WHERE p.post_type = 'wpcargo_shipment' AND p.post_status = 'publish' AND pm_sender.meta_value IS NOT NULL AND pm_sender.meta_value != '' AND ( EXISTS( SELECT 1 FROM wp_postmeta pm_pickup WHERE pm_pickup.post_id = p.ID AND pm_pickup.meta_key IN ('wpcargo_pickup_date_picker','wpcargo_pickup_date','calendarenvio','wpcargo_fecha_envio') AND ( (STR_TO_DATE(pm_pickup.meta_value, '%%d/%%m/%%Y') >= STR_TO_DATE('2026-05-12', '%%Y-%%m-%%d') AND STR_TO_DATE(pm_pickup.meta_value, '%%d/%%m/%%Y') <= STR_TO_DATE('2026-05-12', '%%Y-%%m-%%d')) OR (STR_TO_DATE(pm_pickup.meta_value, '%%Y-%%m-%%d') >= STR_TO_DATE('2026-05-12', '%%Y-%%m-%%d') AND STR_TO_DATE(pm_pickup.meta_value, '%%Y-%%m-%%d') <= STR_TO_DATE('2026-05-12', '%%Y-%%m-%%d')) OR (pm_pickup.meta_value BETWEEN '2026-05-12' AND '2026-05-12') OR (pm_pickup.meta_value LIKE '2026-05-12%') ) ) OR (p.post_date BETWEEN '2026-05-12 00:00:00' AND '2026-05-12 23:59:59') ) GROUP BY pm_sender.meta_value ORDER BY total_envios DESC
[12-May-2026 13:48:19 UTC] 🔍 [MERC_ADMIN_CLIENTS] clients_count: 0
[12-May-2026 13:48:19 UTC] 🔍 [MERC_ADMIN_CLIENTS] sample_ids_count: 0
[12-May-2026 13:48:19 UTC] 🔍 [MERC_ADMIN_CLIENTS] sample_ids EMPTY for date_query
[12-May-2026 13:48:25 UTC] 🔔 [MERC_LOG] Inicializado logger diario: /home/u727114368/domains/mercourier.com/public_html/wp-content/merc_logs/merc-debug-2026-05-12.log
[12-May-2026 13:48:25 UTC] 📝 [EDIT_FORM_LOAD] Envío #3527 | Tipo:  | Costo envío: 0
[12-May-2026 13:48:25 UTC] ⚠️ Tipo de envío no es full_fitment, saltando selector de productos
[12-May-2026 13:48:25 UTC] 🔍 [CONTAINER_DETAILS] Envío # | tipo_envio desde POST: NO | tipo_envio desde meta:  | tipo_envio final:  | es_merc: NO
[12-May-2026 13:48:26 UTC] 🔔 [MERC_LOG] Inicializado logger diario: /home/u727114368/domains/mercourier.com/public_html/wp-content/merc_logs/merc-debug-2026-05-12.log
[12-May-2026 13:48:26 UTC] MERC_POD_DEBUG - shipmentID= context=syncMonto methods_count=0
[12-May-2026 13:48:27 UTC] 🔔 [MERC_LOG] Inicializado logger diario: /home/u727114368/domains/mercourier.com/public_html/wp-content/merc_logs/merc-debug-2026-05-12.log
[12-May-2026 13:48:27 UTC] MERC_POD_DEBUG - shipmentID= context=syncMonto methods_count=0
[12-May-2026 13:48:28 UTC] 🔔 [MERC_LOG] Inicializado logger diario: /home/u727114368/domains/mercourier.com/public_html/wp-content/merc_logs/merc-debug-2026-05-12.log
[12-May-2026 13:48:28 UTC] 📝 [EDIT_FORM_LOAD] Envío #3527 | Tipo:  | Costo envío: 0
[12-May-2026 13:48:28 UTC] ⚠️ Tipo de envío no es full_fitment, saltando selector de productos
[12-May-2026 13:48:28 UTC] 🔍 [CONTAINER_DETAILS] Envío # | tipo_envio desde POST: NO | tipo_envio desde meta:  | tipo_envio final: normal | es_merc: YES
[12-May-2026 13:48:29 UTC] 🔔 [MERC_LOG] Inicializado logger diario: /home/u727114368/domains/mercourier.com/public_html/wp-content/merc_logs/merc-debug-2026-05-12.log
[12-May-2026 13:48:29 UTC] 🔔 [MERC_LOG] Inicializado logger diario: /home/u727114368/domains/mercourier.com/public_html/wp-content/merc_logs/merc-debug-2026-05-12.log
[12-May-2026 13:48:29 UTC] MERC_POD_DEBUG - shipmentID= context=syncMonto methods_count=0
[12-May-2026 13:48:29 UTC] MERC_POD_DEBUG - shipmentID= context=syncMonto methods_count=0
[12-May-2026 13:48:29 UTC] 🔔 [MERC_LOG] Inicializado logger diario: /home/u727114368/domains/mercourier.com/public_html/wp-content/merc_logs/merc-debug-2026-05-12.log
[12-May-2026 13:48:29 UTC] 🔔 [MERC_LOG] Inicializado logger diario: /home/u727114368/domains/mercourier.com/public_html/wp-content/merc_logs/merc-debug-2026-05-12.log
[12-May-2026 13:48:29 UTC] 🔄 [RESETEO DIARIO] Usuario 37 | Fecha: 2026-05-12
[12-May-2026 13:48:29 UTC] 🔍 [AJAX] Consultando desbloqueo parcial para NORMAL
[12-May-2026 13:48:29 UTC]    Meta key: merc_desbloqueo_parcial_NORMAL
[12-May-2026 13:48:29 UTC]    Unlock info: ""
[12-May-2026 13:48:29 UTC]    Force date: 
[12-May-2026 13:48:43 UTC] 🔔 [MERC_LOG] Inicializado logger diario: /home/u727114368/domains/mercourier.com/public_html/wp-content/merc_logs/merc-debug-2026-05-12.log
[12-May-2026 13:48:43 UTC] 🔔 [MERC_LOG] Inicializado logger diario: /home/u727114368/domains/mercourier.com/public_html/wp-content/merc_logs/merc-debug-2026-05-12.log
[12-May-2026 13:48:43 UTC] MERC_POD_DEBUG - shipmentID= context=syncMonto methods_count=0
[12-May-2026 13:48:43 UTC] MERC_POD_DEBUG - shipmentID= context=syncMonto methods_count=0
[12-May-2026 13:48:43 UTC] 🔔 [MERC_LOG] Inicializado logger diario: /home/u727114368/domains/mercourier.com/public_html/wp-content/merc_logs/merc-debug-2026-05-12.log
[12-May-2026 13:48:43 UTC] 🔔 [MERC_LOG] Inicializado logger diario: /home/u727114368/domains/mercourier.com/public_html/wp-content/merc_logs/merc-debug-2026-05-12.log
[12-May-2026 13:48:44 UTC] MERC_POD_DEBUG - shipmentID= context=syncMonto methods_count=0
[12-May-2026 13:49:11 UTC] 🔔 [MERC_LOG] Inicializado logger diario: /home/u727114368/domains/mercourier.com/public_html/wp-content/merc_logs/merc-debug-2026-05-12.log
[12-May-2026 13:49:11 UTC] 🔔 [MERC_LOG] Inicializado logger diario: /home/u727114368/domains/mercourier.com/public_html/wp-content/merc_logs/merc-debug-2026-05-12.log
[12-May-2026 13:49:11 UTC] MERC_POD_DEBUG - shipmentID= context=syncMonto methods_count=0
[12-May-2026 13:49:11 UTC] MERC_POD_DEBUG - shipmentID= context=syncMonto methods_count=0
[12-May-2026 13:49:11 UTC] 🔔 [MERC_LOG] Inicializado logger diario: /home/u727114368/domains/mercourier.com/public_html/wp-content/merc_logs/merc-debug-2026-05-12.log
[12-May-2026 13:49:11 UTC] 🔔 [MERC_LOG] Inicializado logger diario: /home/u727114368/domains/mercourier.com/public_html/wp-content/merc_logs/merc-debug-2026-05-12.log
[12-May-2026 13:49:11 UTC] MERC_POD_DEBUG - shipmentID= context=syncMonto methods_count=0
[12-May-2026 13:49:12 UTC] 🔔 [MERC_LOG] Inicializado logger diario: /home/u727114368/domains/mercourier.com/public_html/wp-content/merc_logs/merc-debug-2026-05-12.log
[12-May-2026 13:49:15 UTC] 🔔 [MERC_LOG] Inicializado logger diario: /home/u727114368/domains/mercourier.com/public_html/wp-content/merc_logs/merc-debug-2026-05-12.log
[12-May-2026 13:49:15 UTC] 🔔 [MERC_LOG] Inicializado logger diario: /home/u727114368/domains/mercourier.com/public_html/wp-content/merc_logs/merc-debug-2026-05-12.log
[12-May-2026 13:49:15 UTC] 🔔 [MERC_LOG] Inicializado logger diario: /home/u727114368/domains/mercourier.com/public_html/wp-content/merc_logs/merc-debug-2026-05-12.log
[12-May-2026 13:49:15 UTC] MERC_POD_DEBUG - shipmentID= context=syncMonto methods_count=0
[12-May-2026 13:49:16 UTC] MERC_POD_DEBUG - shipmentID= context=syncMonto methods_count=0
[12-May-2026 13:49:16 UTC] 🔔 [MERC_LOG] Inicializado logger diario: /home/u727114368/domains/mercourier.com/public_html/wp-content/merc_logs/merc-debug-2026-05-12.log
[12-May-2026 13:49:16 UTC] MERC_POD_DEBUG - shipmentID= context=syncMonto methods_count=0
[12-May-2026 13:49:16 UTC] MERC_POD_DEBUG - shipmentID= context=syncMonto methods_count=0
[12-May-2026 13:49:16 UTC] 🔔 [MERC_LOG] Inicializado logger diario: /home/u727114368/domains/mercourier.com/public_html/wp-content/merc_logs/merc-debug-2026-05-12.log
[12-May-2026 13:51:13 UTC] 🔔 [MERC_LOG] Inicializado logger diario: /home/u727114368/domains/mercourier.com/public_html/wp-content/merc_logs/merc-debug-2026-05-12.log
[12-May-2026 13:51:14 UTC] 🔔 [MERC_LOG] Inicializado logger diario: /home/u727114368/domains/mercourier.com/public_html/wp-content/merc_logs/merc-debug-2026-05-12.log
[12-May-2026 13:53:15 UTC] 🔔 [MERC_LOG] Inicializado logger diario: /home/u727114368/domains/mercourier.com/public_html/wp-content/merc_logs/merc-debug-2026-05-12.log
[12-May-2026 13:53:15 UTC] 🔔 [MERC_LOG] Inicializado logger diario: /home/u727114368/domains/mercourier.com/public_html/wp-content/merc_logs/merc-debug-2026-05-12.log
[12-May-2026 13:55:16 UTC] 🔔 [MERC_LOG] Inicializado logger diario: /home/u727114368/domains/mercourier.com/public_html/wp-content/merc_logs/merc-debug-2026-05-12.log
[12-May-2026 13:55:16 UTC] 🔔 [MERC_LOG] Inicializado logger diario: /home/u727114368/domains/mercourier.com/public_html/wp-content/merc_logs/merc-debug-2026-05-12.log
[12-May-2026 13:57:17 UTC] 🔔 [MERC_LOG] Inicializado logger diario: /home/u727114368/domains/mercourier.com/public_html/wp-content/merc_logs/merc-debug-2026-05-12.log
[12-May-2026 13:57:17 UTC] 🔔 [MERC_LOG] Inicializado logger diario: /home/u727114368/domains/mercourier.com/public_html/wp-content/merc_logs/merc-debug-2026-05-12.log
[12-May-2026 13:59:18 UTC] 🔔 [MERC_LOG] Inicializado logger diario: /home/u727114368/domains/mercourier.com/public_html/wp-content/merc_logs/merc-debug-2026-05-12.log
[12-May-2026 13:59:18 UTC] 🔔 [MERC_LOG] Inicializado logger diario: /home/u727114368/domains/mercourier.com/public_html/wp-content/merc_logs/merc-debug-2026-05-12.log
[12-May-2026 14:01:48 UTC] 🔔 [MERC_LOG] Inicializado logger diario: /home/u727114368/domains/mercourier.com/public_html/wp-content/merc_logs/merc-debug-2026-05-12.log
[12-May-2026 14:01:48 UTC] 🔔 [MERC_LOG] Inicializado logger diario: /home/u727114368/domains/mercourier.com/public_html/wp-content/merc_logs/merc-debug-2026-05-12.log
[12-May-2026 14:02:34 UTC] 🔔 [MERC_LOG] Inicializado logger diario: /home/u727114368/domains/mercourier.com/public_html/wp-content/merc_logs/merc-debug-2026-05-12.log
[12-May-2026 14:02:34 UTC] 🔒 [PRE-INSERT] Verificando unicidad de tracking: MERC-000005
[12-May-2026 14:02:34 UTC] ✅ [PRE-INSERT] Tracking único: MERC-000005
[12-May-2026 14:02:34 UTC] 🔄 [guardar_tipo_envio_shipment] INICIADO - post_id: 6691
[12-May-2026 14:02:34 UTC]    post_type: wpcargo_shipment
[12-May-2026 14:02:34 UTC]    ✅ Es wpcargo_shipment, continuando...
[12-May-2026 14:02:34 UTC] 📌 guardar_tipo_envio - GET[type]: normal
[12-May-2026 14:02:34 UTC] ✅ guardar_tipo_envio ÉXITO - ID: 6691 | Tipo: normal
[12-May-2026 14:02:34 UTC] 🔍 VERIFICANDO DECREMENTO: Cliente #37 | Envío #6691 | Fecha desbloqueo:  | Hoy: 2026-05-12 | Envíos permitidos: 0
[12-May-2026 14:02:34 UTC] ❌ NO SE DECREMENTA: Desbloqueo no activo o sin envíos permitidos
[12-May-2026 14:02:34 UTC] ✅ Iniciando guardado de producto para envío #6691
[12-May-2026 14:02:34 UTC]    📝 Tipo obtenido desde REQUEST[type]: normal
[12-May-2026 14:02:34 UTC] 📦 Datos recibidos - Producto ID: 0, Cantidad: 1, Tipo: 'normal', Es Full Fitment: NO
[12-May-2026 14:02:34 UTC] 🔍 ASIGNACIÓN ESTADO - Iniciando para envío #6691
[12-May-2026 14:02:34 UTC]    ✅ Tipo ya estaba en meta: normal
[12-May-2026 14:02:34 UTC]    Tipo normalizado: 'normal'
[12-May-2026 14:02:34 UTC] 📦 MERC EMPRENDEDOR detectado
[12-May-2026 14:02:34 UTC]    Estados de recojo configurados: 1
[12-May-2026 14:02:34 UTC]    Primer estado de recojo: 'PENDIENTE'
[12-May-2026 14:02:34 UTC] ✅ ASIGNACIÓN ESTADO - EMPRENDEDOR detectado: '' → 'PENDIENTE' (verificado: 'PENDIENTE')
[12-May-2026 14:02:34 UTC] 🔍 Full Fitment verificación #6691 - Tipo: 'normal' -> Es full fitment: NO
[12-May-2026 14:02:34 UTC] ⏭️ Full Fitment #6691 - NO es full fitment, saltando
[12-May-2026 14:02:34 UTC] 💰 [SAVE_FINANCIAL] === GUARDANDO DATOS FINANCIEROS - Envío #6691 ===
[12-May-2026 14:02:34 UTC] 💰 [SAVE_FINANCIAL] Costo producto desde POST: 27.00
[12-May-2026 14:02:34 UTC] 💰 [SAVE_FINANCIAL] Costo envío desde POST: 13.00
[12-May-2026 14:02:34 UTC] 💰 [SAVE_FINANCIAL] Distrito destino: Carabayllo
[12-May-2026 14:02:34 UTC] 💰 [SAVE_FINANCIAL] Costo envío GUARDADO en meta: 13.00
[12-May-2026 14:02:34 UTC] 💰 [SAVE_FINANCIAL] Cargo remitente desde POST: 0
[12-May-2026 14:02:34 UTC] 💰 [SAVE_FINANCIAL] === FIN GUARDADO DATOS FINANCIEROS ===
[12-May-2026 14:02:34 UTC] 🔍 [SAVE_FINANCIAL] Verificación inmediata - Costo envío en DB: 13.00
[12-May-2026 14:02:34 UTC] ✅ [MERC_FORCE_DECIMAL] Shipment #6691 wpcargo_total_cobrar forced to 40.00
[12-May-2026 14:02:34 UTC] 🔍 AUTO-ASIGNACIÓN INICIADA - Envío #6691
[12-May-2026 14:02:34 UTC] 📦 AUTO-ASIGNACIÓN - Tipo de envío: normal
[12-May-2026 14:02:34 UTC] 🎯 AUTO-ASIGNACIÓN - EMPRENDEDOR detectado, distrito recojo: Comas → contenedor de RECOJO
[12-May-2026 14:02:34 UTC] ✅ Auto-asignación - Envío #6691: shipment_container_recojo #3706 asignado
[12-May-2026 14:02:34 UTC] 📍 Auto-asignación EMPRENDEDOR - Validando contenedores para RECOJO y ENTREGA...
[12-May-2026 14:02:34 UTC] 📍 Auto-asignación EMPRENDEDOR - Asignando contenedor de ENTREGA para: Carabayllo
[12-May-2026 14:02:34 UTC] ✅ Auto-asignación EMPRENDEDOR - Envío #6691: shipment_container_entrega #3706 asignado para entrega en Carabayllo
[12-May-2026 14:02:34 UTC] 🔍 VERIFICACIÓN - shipment_container_entrega para envío #6691: ✅ Encontrado en BD: 3706
[12-May-2026 14:02:34 UTC] 🔚 [FINAL_VERIFICATION] Envío #6691 | Tipo: normal | Distrito:  | Costo FINAL: 13.00
[12-May-2026 14:02:34 UTC] 🔔 [MERC_LOG] Inicializado logger diario: /home/u727114368/domains/mercourier.com/public_html/wp-content/merc_logs/merc-debug-2026-05-12.log
[12-May-2026 14:02:36 UTC] 🔄 [guardar_tipo_envio_shipment] INICIADO - post_id: 6691
[12-May-2026 14:02:36 UTC]    post_type: wpcargo_shipment
[12-May-2026 14:02:36 UTC]    ✅ Es wpcargo_shipment, continuando...
[12-May-2026 14:02:36 UTC] 📌 guardar_tipo_envio - GET[type]: normal
[12-May-2026 14:02:36 UTC] ✅ guardar_tipo_envio ÉXITO - ID: 6691 | Tipo: normal
[12-May-2026 14:02:36 UTC] ✅ [FRONTEND SAVE] Envío #6691: tipo_envio = normal | es_merc = YES
[12-May-2026 14:02:36 UTC] ✅ [FRONTEND SAVE] Envío #6691: shipment_container_recojo #3706 guardado desde frontend
[12-May-2026 14:02:36 UTC] ✅ [FRONTEND SAVE] Envío #6691: shipment_container_entrega #3706 guardado desde frontend
[12-May-2026 14:02:36 UTC] 
🎯 [HOOK: after_wpcfe_save_shipment] DISPARADO para envío #6691
[12-May-2026 14:02:36 UTC] 
🔧 [ASIGNAR ESTADO FINAL] Ejecutando para envío #6691
[12-May-2026 14:02:36 UTC]    📦 Tipo de envío: normal
[12-May-2026 14:02:36 UTC]    📌 Estado actual en BD: PENDIENTE
[12-May-2026 14:02:36 UTC]    📦 Tipo NORMAL/EMPRENDEDOR - Verificando estado
[12-May-2026 14:02:36 UTC] 
━━━━━━━━━━━━━━━━━━━━━━━━━━━━━━━━━━━━━━━━━━━━━━
🆕 AUTO-ASIGNAR MOTORIZADO (Nuevo Envío)
━━━━━━━━━━━━━━━━━━━━━━━━━━━━━━━━━━━━━━━━━━━━━━
[12-May-2026 14:02:36 UTC] 📝 Hook ejecutado para envío: #6691
[12-May-2026 14:02:36 UTC] 👤 Usuario (registered_shipper): 3
[12-May-2026 14:02:36 UTC] 🔍 Buscando 'merc_motorizo_recojo_default' para usuario #3...
[12-May-2026 14:02:36 UTC]    Valor encontrado: VACÍO/NO EXISTE
[12-May-2026 14:02:36 UTC] ℹ️ Usuario #3 NO tiene motorizado default configurado
[12-May-2026 14:02:36 UTC] ━━━━━━━━━━━━━━━━━━━━━━━━━━━━━━━━━━━━━━━━━━━━━━

[12-May-2026 14:02:36 UTC] 📝 [EDIT_FORM_LOAD] Envío #3527 | Tipo:  | Costo envío: 0
[12-May-2026 14:02:36 UTC] ⚠️ Tipo de envío no es full_fitment, saltando selector de productos
[12-May-2026 14:02:36 UTC] 🔍 [CONTAINER_DETAILS] Envío # | tipo_envio desde POST: normal | tipo_envio desde meta:  | tipo_envio final: normal | es_merc: YES
[12-May-2026 14:02:39 UTC] 🔔 [MERC_LOG] Inicializado logger diario: /home/u727114368/domains/mercourier.com/public_html/wp-content/merc_logs/merc-debug-2026-05-12.log
[12-May-2026 14:02:39 UTC] MERC_POD_DEBUG - shipmentID= context=syncMonto methods_count=0
[12-May-2026 14:02:39 UTC] 🔔 [MERC_LOG] Inicializado logger diario: /home/u727114368/domains/mercourier.com/public_html/wp-content/merc_logs/merc-debug-2026-05-12.log
[12-May-2026 14:02:39 UTC] 🔔 [MERC_LOG] Inicializado logger diario: /home/u727114368/domains/mercourier.com/public_html/wp-content/merc_logs/merc-debug-2026-05-12.log
[12-May-2026 14:02:39 UTC] 🔔 [MERC_LOG] Inicializado logger diario: /home/u727114368/domains/mercourier.com/public_html/wp-content/merc_logs/merc-debug-2026-05-12.log
[12-May-2026 14:02:39 UTC] MERC_POD_DEBUG - shipmentID= context=syncMonto methods_count=0
[12-May-2026 14:02:39 UTC] 🔔 [MERC_LOG] Inicializado logger diario: /home/u727114368/domains/mercourier.com/public_html/wp-content/merc_logs/merc-debug-2026-05-12.log
[12-May-2026 14:02:39 UTC] 🔍 [AJAX] Consultando desbloqueo parcial para NORMAL
[12-May-2026 14:02:39 UTC]    Meta key: merc_desbloqueo_parcial_NORMAL
[12-May-2026 14:02:39 UTC]    Unlock info: ""
[12-May-2026 14:02:39 UTC]    Force date: 
[12-May-2026 14:02:39 UTC] 🔄 [RESETEO DIARIO] Usuario 37 | Fecha: 2026-05-12
[12-May-2026 14:02:42 UTC] 🔔 [MERC_LOG] Inicializado logger diario: /home/u727114368/domains/mercourier.com/public_html/wp-content/merc_logs/merc-debug-2026-05-12.log
[12-May-2026 14:02:42 UTC] 🔵 [FILTER] filter_shipment_by_date_and_tiendaname llamado
[12-May-2026 14:02:42 UTC] 🔵 [FILTER] Usuario actual: 37
[12-May-2026 14:02:42 UTC] 🔵 [FILTER] Args iniciales: {"post_type":"wpcargo_shipment","post_status":"publish","posts_per_page":10,"paged":1,"s":"","meta_query":{"relation":"AND","0":[]},"date_query":[{"after":"2026-03-13","before":"2026-05-12","inclusive":true}]}
[12-May-2026 14:02:42 UTC] 🔵 [FILTER] GET params: Array
(
)

[12-May-2026 14:02:42 UTC] 🔵 [FILTER] Sin parámetros de fecha, aplicando HOY por defecto: 2026-05-12
[12-May-2026 14:02:42 UTC] 🔵 [FILTER] Fecha desde: '2026-05-12' | Fecha hasta: '2026-05-12'
[12-May-2026 14:02:42 UTC] 🔵 [FILTER] has_from: true | has_to: true
[12-May-2026 14:02:42 UTC] 🔵 [FILTER] REMOVIENDO date_query para evitar conflicto
[12-May-2026 14:02:42 UTC] 🔵 [FILTER] SQL Query: 
            SELECT DISTINCT p.ID 
            FROM wp_posts p
            INNER JOIN wp_postmeta pm ON p.ID = pm.post_id
            WHERE p.post_type = 'wpcargo_shipment'
            AND pm.meta_key IN ('wpcargo_pickup_date_picker', 'wpcargo_pickup_date', 'calendarenvio', 'wpcargo_fecha_envio')
            AND (STR_TO_DATE(pm.meta_value, '%d/%m/%Y') >= STR_TO_DATE('2026-05-12', '%Y-%m-%d') AND STR_TO_DATE(pm.meta_value, '%d/%m/%Y') <= STR_TO_DATE('2026-05-12', '%Y-%m-%d'))
        
[12-May-2026 14:02:42 UTC] 🔵 [FILTER] IDs encontrados por fecha: 1
[12-May-2026 14:02:42 UTC] 🔵 [FILTER] Primeros 10 IDs: 6691
[12-May-2026 14:02:42 UTC] 🔵 [FILTER] post__in no existe, creando nuevo
[12-May-2026 14:02:42 UTC] 🔵 [FILTER] post_status cambiado a array para incluir estados normales (EXCLUYENDO trash)
[12-May-2026 14:02:42 UTC] 🔵 [FILTER] Args finales: {"post_type":"wpcargo_shipment","post_status":["publish","draft","pending","private"],"posts_per_page":10,"paged":1,"s":"","meta_query":{"relation":"AND","0":[]},"post__in":["6691"]}
[12-May-2026 14:02:44 UTC] 🔔 [MERC_LOG] Inicializado logger diario: /home/u727114368/domains/mercourier.com/public_html/wp-content/merc_logs/merc-debug-2026-05-12.log
[12-May-2026 14:02:46 UTC] 🔔 [MERC_LOG] Inicializado logger diario: /home/u727114368/domains/mercourier.com/public_html/wp-content/merc_logs/merc-debug-2026-05-12.log
[12-May-2026 14:02:46 UTC] MERC_ADMIN_RESUMEN - date_query="AND ( 
        EXISTS( 
            SELECT 1 FROM wp_postmeta pm_pickup 
            WHERE pm_pickup.post_id = p.ID 
              AND pm_pickup.meta_key IN ('wpcargo_pickup_date_picker','wpcargo_pickup_date','calendarenvio','wpcargo_fecha_envio')
              AND (
                    (STR_TO_DATE(pm_pickup.meta_value, '%%d/%%m/%%Y') >= STR_TO_DATE('2026-05-12', '%%Y-%%m-%%d') AND STR_TO_DATE(pm_pickup.meta_value, '%%d/%%m/%%Y') <= STR_TO_DATE('2026-05-12', '%%Y-%%m-%%d'))
                 OR (STR_TO_DATE(pm_pickup.meta_value, '%%Y-%%m-%%d') >= STR_TO_DATE('2026-05-12', '%%Y-%%m-%%d') AND STR_TO_DATE(pm_pickup.meta_value, '%%Y-%%m-%%d') <= STR_TO_DATE('2026-05-12', '%%Y-%%m-%%d'))
                 OR (pm_pickup.meta_value BETWEEN '2026-05-12' AND '2026-05-12')
                 OR (pm_pickup.meta_value LIKE '2026-05-12%')
              )
        )
        OR (p.post_date BETWEEN '2026-05-12 00:00:00' AND '2026-05-12 23:59:59')
    )"
[12-May-2026 14:02:46 UTC] MERC_ADMIN_RESUMEN - shipments_count=1
[12-May-2026 14:02:46 UTC] ═══════════════════════════════════════════════════════════
[12-May-2026 14:02:46 UTC] 🔍 MERC_ADMIN_DEBUG - INICIANDO CÁLCULOS DEL PANEL
[12-May-2026 14:02:46 UTC] ═══════════════════════════════════════════════════════════
[12-May-2026 14:02:46 UTC] 
[12-May-2026 14:02:46 UTC] ────────────────────────────────────────────────────────
[12-May-2026 14:02:46 UTC] 📦 SHIPMENT #6691
[12-May-2026 14:02:46 UTC]    Costo Envío: S/. 13.00
[12-May-2026 14:02:46 UTC]    Costo Producto: S/. 27.00
[12-May-2026 14:02:46 UTC]    Estado Motorizado: pendiente
[12-May-2026 14:02:46 UTC]    Estado Remitente (liquidado): VACÍO
[12-May-2026 14:02:46 UTC]    Quién Paga: remitente
[12-May-2026 14:02:46 UTC]    Estado Entrega: PENDIENTE
[12-May-2026 14:02:46 UTC]    ❌ NO ENTREGADO aún (estado: PENDIENTE)
[12-May-2026 14:02:46 UTC]    ¿Liquidado? NO
[12-May-2026 14:02:46 UTC]    ❌ NO SUMADO a ingresos envíos (aún no liquidado)
[12-May-2026 14:02:46 UTC]    Cliente 3 - ¿Liquidación verificada? NO
[12-May-2026 14:02:46 UTC]    TOTALES ACUMULADOS: pago_merc=S/. 0.00, pos=S/. 0.00, pago_marca=S/. 0.00, servicio=S/. 13.00
[12-May-2026 14:02:46 UTC]    GET_PAYMENT_TOTALS: efectivo=S/. 0.00, pago_merc=S/. 0.00, pos=S/. 0.00, pago_marca=S/. 0.00, total=S/. 0.00
[12-May-2026 14:02:46 UTC]    Efectivo Total acumulado: S/. 0.00
[12-May-2026 14:02:46 UTC]    ✅ SUMADO A RECAUDADO_MERC: S/. 0.00 (Total: S/. 0.00)
[12-May-2026 14:02:46 UTC]    ✅ SUMADO A RECAUDADO_MARCA: S/. 0.00 (Total: S/. 0.00)
[12-May-2026 14:02:46 UTC]    ✅ SUMADO A POS_RECAUDADO: S/. 0.00 (Total: S/. 0.00)
[12-May-2026 14:02:46 UTC] 
[12-May-2026 14:02:46 UTC] ═══════════════════════════════════════════════════════════
[12-May-2026 14:02:46 UTC] 🔍 CÁLCULO DE SALDOS POR CLIENTE
[12-May-2026 14:02:46 UTC] ═══════════════════════════════════════════════════════════
[12-May-2026 14:02:46 UTC] 👤 Cliente 3
[12-May-2026 14:02:46 UTC]    pago_merc: S/. 0.00
[12-May-2026 14:02:46 UTC]    pos: S/. 0.00
[12-May-2026 14:02:46 UTC]    pago_marca: S/. 0.00
[12-May-2026 14:02:46 UTC]    servicio: S/. 13.00
[12-May-2026 14:02:46 UTC]    balance = (pago_merc + pos) - servicio = (0.00 + 0.00) - 13.00 = S/. -13.00
[12-May-2026 14:02:46 UTC]    ❌ NO SUMADO (balance ≤ 0)
[12-May-2026 14:02:46 UTC] MERC_DEBUG_CLIENT_BALANCE_SUM - por_pagar_rem=0.00
[12-May-2026 14:02:46 UTC] 
[12-May-2026 14:02:46 UTC] ═══════════════════════════════════════════════════════════
[12-May-2026 14:02:46 UTC] 📊 RESUMEN FINAL DE CÁLCULOS DEL PANEL ADMIN
[12-May-2026 14:02:46 UTC] ═══════════════════════════════════════════════════════════
[12-May-2026 14:02:46 UTC] Total Entregados: S/. 0.00 (TODOS los envíos entregados)
[12-May-2026 14:02:46 UTC] Ingresos por Envíos: S/. 0.00 (solo liquidados)
[12-May-2026 14:02:46 UTC] Efectivo Total: S/. 0.00
[12-May-2026 14:02:46 UTC] Recaudado por MERC: S/. 0.00
[12-May-2026 14:02:46 UTC] Recaudado por MARCA: S/. 0.00
[12-May-2026 14:02:46 UTC] Recaudado por POS: S/. 0.00
[12-May-2026 14:02:46 UTC] Por Pagar Remitentes: S/. 0.00
[12-May-2026 14:02:46 UTC] Penalidades del día: S/. 0.00
[12-May-2026 14:02:46 UTC] TOTAL GENERAL (Balance Neto): S/. 0.00
[12-May-2026 14:02:46 UTC] ═══════════════════════════════════════════════════════════
[12-May-2026 14:02:46 UTC] 
[12-May-2026 14:02:46 UTC] 🔍 [MERC_ADMIN_CARDS] drivers_sql: SELECT COALESCE(pm_driver.meta_value, pm_driver_alt.meta_value) AS driver_id, COUNT(DISTINCT p.ID) AS total_entregas FROM wp_posts p LEFT JOIN wp_postmeta pm_driver ON p.ID = pm_driver.post_id AND pm_driver.meta_key = 'wpcargo_driver' LEFT JOIN wp_postmeta pm_driver_alt ON p.ID = pm_driver_alt.post_id AND pm_driver_alt.meta_key = 'wpcargo_motorizo_recojo' WHERE p.post_type = 'wpcargo_shipment' AND p.post_status = 'publish' AND (pm_driver.meta_value IS NOT NULL OR pm_driver_alt.meta_value IS NOT NULL) AND ( EXISTS( SELECT 1 FROM wp_postmeta pm_pickup WHERE pm_pickup.post_id = p.ID AND pm_pickup.meta_key IN ('wpcargo_pickup_date_picker','wpcargo_pickup_date','calendarenvio','wpcargo_fecha_envio') AND ( (STR_TO_DATE(pm_pickup.meta_value, '%%d/%%m/%%Y') >= STR_TO_DATE('2026-05-12', '%%Y-%%m-%%d') AND STR_TO_DATE(pm_pickup.meta_value, '%%d/%%m/%%Y') <= STR_TO_DATE('2026-05-12', '%%Y-%%m-%%d')) OR (STR_TO_DATE(pm_pickup.meta_value, '%%Y-%%m-%%d') >= STR_TO_DATE('2026-05-12', '%%Y-%%m-%%d') AND STR_TO_DATE(pm_pickup.meta_value, '%%Y-%%m-%%d') <= STR_TO_DATE('2026-05-12', '%%Y-%%m-%%d')) OR (pm_pickup.meta_value BETWEEN '2026-05-12' AND '2026-05-12') OR (pm_pickup.meta_value LIKE '2026-05-12%') ) ) OR (p.post_date BETWEEN '2026-05-12 00:00:00' AND '2026-05-12 23:59:59') ) GROUP BY COALESCE(pm_driver.meta_value, pm_driver_alt.meta_value) ORDER BY total_entregas DESC
[12-May-2026 14:02:46 UTC] 🔍 [MERC_ADMIN_CARDS] sample_ids_count: 1
[12-May-2026 14:02:46 UTC] 🔍 [MERC_ADMIN_CARDS] sample shipment_id=6691 wpcargo_driver='38' wpcargo_motorizo_recojo=''
[12-May-2026 14:02:46 UTC] 🔍 [MERC_ADMIN_CARDS] drivers_count: 1
[12-May-2026 14:02:46 UTC] 🔍 [MERC_ADMIN_CARDS] Motorizado ID: 38 | Envios encontrados: 1
[12-May-2026 14:02:46 UTC]    Shipment #6691 | pod_payment_methods(raw)=, wpcargo_total_cobrar='40.00', otros_meta={"monto":"40.00"}
[12-May-2026 14:02:46 UTC]    Shipment #6691 | Totales: efectivo=0, pago_merc=0, pago_marca=0, pos=0, total=0
[12-May-2026 14:02:46 UTC]    Totales del motorizado: Total=0, Efectivo=0, MERC=0, MARCA=0, POS=0
[12-May-2026 14:02:46 UTC] 🔍 [MERC_ADMIN_CLIENTS] clients_sql: SELECT pm_sender.meta_value AS client_id, COUNT(DISTINCT p.ID) AS total_envios FROM wp_posts p LEFT JOIN wp_postmeta pm_sender ON p.ID = pm_sender.post_id AND pm_sender.meta_key = 'registered_shipper' WHERE p.post_type = 'wpcargo_shipment' AND p.post_status = 'publish' AND pm_sender.meta_value IS NOT NULL AND pm_sender.meta_value != '' AND ( EXISTS( SELECT 1 FROM wp_postmeta pm_pickup WHERE pm_pickup.post_id = p.ID AND pm_pickup.meta_key IN ('wpcargo_pickup_date_picker','wpcargo_pickup_date','calendarenvio','wpcargo_fecha_envio') AND ( (STR_TO_DATE(pm_pickup.meta_value, '%%d/%%m/%%Y') >= STR_TO_DATE('2026-05-12', '%%Y-%%m-%%d') AND STR_TO_DATE(pm_pickup.meta_value, '%%d/%%m/%%Y') <= STR_TO_DATE('2026-05-12', '%%Y-%%m-%%d')) OR (STR_TO_DATE(pm_pickup.meta_value, '%%Y-%%m-%%d') >= STR_TO_DATE('2026-05-12', '%%Y-%%m-%%d') AND STR_TO_DATE(pm_pickup.meta_value, '%%Y-%%m-%%d') <= STR_TO_DATE('2026-05-12', '%%Y-%%m-%%d')) OR (pm_pickup.meta_value BETWEEN '2026-05-12' AND '2026-05-12') OR (pm_pickup.meta_value LIKE '2026-05-12%') ) ) OR (p.post_date BETWEEN '2026-05-12 00:00:00' AND '2026-05-12 23:59:59') ) GROUP BY pm_sender.meta_value ORDER BY total_envios DESC
[12-May-2026 14:02:46 UTC] 🔍 [MERC_ADMIN_CLIENTS] clients_count: 1
[12-May-2026 14:02:46 UTC] 🔍 [MERC_ADMIN_CLIENTS] sample_ids_count: 1
[12-May-2026 14:02:46 UTC] 🔍 [MERC_ADMIN_CLIENTS] sample shipment_id=6691 registered_shipper='3'
[12-May-2026 14:03:34 UTC] 🔔 [MERC_LOG] Inicializado logger diario: /home/u727114368/domains/mercourier.com/public_html/wp-content/merc_logs/merc-debug-2026-05-12.log
[12-May-2026 14:04:34 UTC] 🔔 [MERC_LOG] Inicializado logger diario: /home/u727114368/domains/mercourier.com/public_html/wp-content/merc_logs/merc-debug-2026-05-12.log
[12-May-2026 14:04:34 UTC] 🔔 [MERC_LOG] Inicializado logger diario: /home/u727114368/domains/mercourier.com/public_html/wp-content/merc_logs/merc-debug-2026-05-12.log
[12-May-2026 14:06:35 UTC] 🔔 [MERC_LOG] Inicializado logger diario: /home/u727114368/domains/mercourier.com/public_html/wp-content/merc_logs/merc-debug-2026-05-12.log
[12-May-2026 14:06:35 UTC] 🔔 [MERC_LOG] Inicializado logger diario: /home/u727114368/domains/mercourier.com/public_html/wp-content/merc_logs/merc-debug-2026-05-12.log
[12-May-2026 14:07:36 UTC] 🔔 [MERC_LOG] Inicializado logger diario: /home/u727114368/domains/mercourier.com/public_html/wp-content/merc_logs/merc-debug-2026-05-12.log
[12-May-2026 14:07:36 UTC] 🔔 [MERC_LOG] Inicializado logger diario: /home/u727114368/domains/mercourier.com/public_html/wp-content/merc_logs/merc-debug-2026-05-12.log
[12-May-2026 14:09:37 UTC] 🔔 [MERC_LOG] Inicializado logger diario: /home/u727114368/domains/mercourier.com/public_html/wp-content/merc_logs/merc-debug-2026-05-12.log
[12-May-2026 14:09:37 UTC] 🔔 [MERC_LOG] Inicializado logger diario: /home/u727114368/domains/mercourier.com/public_html/wp-content/merc_logs/merc-debug-2026-05-12.log
[12-May-2026 14:11:38 UTC] 🔔 [MERC_LOG] Inicializado logger diario: /home/u727114368/domains/mercourier.com/public_html/wp-content/merc_logs/merc-debug-2026-05-12.log
[12-May-2026 14:11:38 UTC] 🔔 [MERC_LOG] Inicializado logger diario: /home/u727114368/domains/mercourier.com/public_html/wp-content/merc_logs/merc-debug-2026-05-12.log
[12-May-2026 14:13:40 UTC] 🔔 [MERC_LOG] Inicializado logger diario: /home/u727114368/domains/mercourier.com/public_html/wp-content/merc_logs/merc-debug-2026-05-12.log
[12-May-2026 14:13:40 UTC] 🔔 [MERC_LOG] Inicializado logger diario: /home/u727114368/domains/mercourier.com/public_html/wp-content/merc_logs/merc-debug-2026-05-12.log
[12-May-2026 14:15:40 UTC] 🔔 [MERC_LOG] Inicializado logger diario: /home/u727114368/domains/mercourier.com/public_html/wp-content/merc_logs/merc-debug-2026-05-12.log
[12-May-2026 14:15:40 UTC] 🔔 [MERC_LOG] Inicializado logger diario: /home/u727114368/domains/mercourier.com/public_html/wp-content/merc_logs/merc-debug-2026-05-12.log
[12-May-2026 14:17:56 UTC] 🔔 [MERC_LOG] Inicializado logger diario: /home/u727114368/domains/mercourier.com/public_html/wp-content/merc_logs/merc-debug-2026-05-12.log
[12-May-2026 14:17:56 UTC] 🔔 [MERC_LOG] Inicializado logger diario: /home/u727114368/domains/mercourier.com/public_html/wp-content/merc_logs/merc-debug-2026-05-12.log
[12-May-2026 14:21:36 UTC] 🔔 [MERC_LOG] Inicializado logger diario: /home/u727114368/domains/mercourier.com/public_html/wp-content/merc_logs/merc-debug-2026-05-12.log
[12-May-2026 14:21:36 UTC] 🔔 [MERC_LOG] Inicializado logger diario: /home/u727114368/domains/mercourier.com/public_html/wp-content/merc_logs/merc-debug-2026-05-12.log
[12-May-2026 14:39:55 UTC] 🔔 [MERC_LOG] Inicializado logger diario: /home/u727114368/domains/mercourier.com/public_html/wp-content/merc_logs/merc-debug-2026-05-12.log
[12-May-2026 14:39:55 UTC] 🔔 [MERC_LOG] Inicializado logger diario: /home/u727114368/domains/mercourier.com/public_html/wp-content/merc_logs/merc-debug-2026-05-12.log
[12-May-2026 14:40:00 UTC] 🔔 [MERC_LOG] Inicializado logger diario: /home/u727114368/domains/mercourier.com/public_html/wp-content/merc_logs/merc-debug-2026-05-12.log
[12-May-2026 14:40:00 UTC] 🔔 [MERC_LOG] Inicializado logger diario: /home/u727114368/domains/mercourier.com/public_html/wp-content/merc_logs/merc-debug-2026-05-12.log
[12-May-2026 15:51:23 UTC] 🔔 [MERC_LOG] Inicializado logger diario: /home/u727114368/domains/mercourier.com/public_html/wp-content/merc_logs/merc-debug-2026-05-12.log
[12-May-2026 15:51:25 UTC] 🔔 [MERC_LOG] Inicializado logger diario: /home/u727114368/domains/mercourier.com/public_html/wp-content/merc_logs/merc-debug-2026-05-12.log
