[07-Apr-2026 04:39:07 UTC] 🔔 [MERC_LOG] Inicializado logger diario: /home/u727114368/domains/mercourier.com/public_html/wp-content/merc_logs/merc-debug-2026-04-07.log
[07-Apr-2026 04:39:07 UTC] 🌅 [RESETEO DIARIO AUTOMÁTICO] Ejecutado para 2026-04-06
[07-Apr-2026 16:39:15 UTC] 🔔 [MERC_LOG] Inicializado logger diario: /home/u727114368/domains/mercourier.com/public_html/wp-content/merc_logs/merc-debug-2026-04-07.log
[07-Apr-2026 16:39:15 UTC] 🌅 [RESETEO DIARIO AUTOMÁTICO] Ejecutado para 2026-04-07
[07-Apr-2026 16:39:15 UTC] 🔔 [MERC_LOG] Inicializado logger diario: /home/u727114368/domains/mercourier.com/public_html/wp-content/merc_logs/merc-debug-2026-04-07.log
[07-Apr-2026 16:39:19 UTC] 
════════════════════════════════════════════════════════════
[07-Apr-2026 16:39:19 UTC] 🧹 [LIMPIEZA DIARIA] Eliminando merc_motorizo_recojo_default de todos los usuarios
[07-Apr-2026 16:39:19 UTC] ════════════════════════════════════════════════════════════
[07-Apr-2026 16:39:19 UTC] 📊 Usuarios con motorizado_recojo_default: 0
[07-Apr-2026 16:39:19 UTC] 🔄 Total usuarios limpios: 0
[07-Apr-2026 16:39:19 UTC] ✅ [LIMPIEZA DIARIA COMPLETADA] Próxima ejecución en 24 horas
[07-Apr-2026 16:39:19 UTC] ════════════════════════════════════════════════════════════

[07-Apr-2026 23:45:08 UTC] 🔔 [MERC_LOG] Inicializado logger diario: /home/u727114368/domains/mercourier.com/public_html/wp-content/merc_logs/merc-debug-2026-04-07.log
[07-Apr-2026 23:45:11 UTC] 🔔 [MERC_LOG] Inicializado logger diario: /home/u727114368/domains/mercourier.com/public_html/wp-content/merc_logs/merc-debug-2026-04-07.log
[07-Apr-2026 23:45:12 UTC] 🔔 [MERC_LOG] Inicializado logger diario: /home/u727114368/domains/mercourier.com/public_html/wp-content/merc_logs/merc-debug-2026-04-07.log
[07-Apr-2026 23:45:19 UTC] 🔔 [MERC_LOG] Inicializado logger diario: /home/u727114368/domains/mercourier.com/public_html/wp-content/merc_logs/merc-debug-2026-04-07.log
[07-Apr-2026 23:45:20 UTC] 🔵 [FILTER] filter_shipment_by_date_and_tiendaname llamado
[07-Apr-2026 23:45:20 UTC] 🔵 [FILTER] Usuario actual: 1
[07-Apr-2026 23:45:20 UTC] 🔵 [FILTER] Args iniciales: {"post_type":"wpcargo_shipment","post_status":"publish","posts_per_page":"100","paged":1,"s":"","meta_query":{"relation":"AND","0":[]},"date_query":[{"after":"2026-02-06","before":"2026-04-07","inclusive":true}]}
[07-Apr-2026 23:45:20 UTC] 🔵 [FILTER] GET params: Array
(
)

[07-Apr-2026 23:45:20 UTC] 🔵 [FILTER] Sin parámetros de fecha, aplicando HOY por defecto: 2026-04-07
[07-Apr-2026 23:45:20 UTC] 🔵 [FILTER] Fecha desde: '2026-04-07' | Fecha hasta: '2026-04-07'
[07-Apr-2026 23:45:20 UTC] 🔵 [FILTER] has_from: true | has_to: true
[07-Apr-2026 23:45:20 UTC] 🔵 [FILTER] REMOVIENDO date_query para evitar conflicto
[07-Apr-2026 23:45:20 UTC] 🔵 [FILTER] SQL Query: 
            SELECT DISTINCT p.ID 
            FROM wp_posts p
            INNER JOIN wp_postmeta pm ON p.ID = pm.post_id
            WHERE p.post_type = 'wpcargo_shipment'
            AND pm.meta_key IN ('wpcargo_pickup_date_picker', 'wpcargo_pickup_date', 'calendarenvio', 'wpcargo_fecha_envio')
            AND (STR_TO_DATE(pm.meta_value, '%d/%m/%Y') >= STR_TO_DATE('2026-04-07', '%Y-%m-%d') AND STR_TO_DATE(pm.meta_value, '%d/%m/%Y') <= STR_TO_DATE('2026-04-07', '%Y-%m-%d'))
        
[07-Apr-2026 23:45:20 UTC] 🔵 [FILTER] IDs encontrados por fecha: 0
[07-Apr-2026 23:45:20 UTC] 🔵 [FILTER] Sin resultados de fecha, forzando búsqueda vacía
[07-Apr-2026 23:45:20 UTC] 🔵 [FILTER] Args finales: {"post_type":"wpcargo_shipment","post_status":"publish","posts_per_page":"100","paged":1,"s":"","meta_query":{"relation":"AND","0":[]},"post__in":[0]}
[07-Apr-2026 23:45:32 UTC] 🔔 [MERC_LOG] Inicializado logger diario: /home/u727114368/domains/mercourier.com/public_html/wp-content/merc_logs/merc-debug-2026-04-07.log
[07-Apr-2026 23:45:32 UTC] 🔵 [FILTER] filter_shipment_by_date_and_tiendaname llamado
[07-Apr-2026 23:45:32 UTC] 🔵 [FILTER] Usuario actual: 1
[07-Apr-2026 23:45:32 UTC] 🔵 [FILTER] Args iniciales: {"post_type":"wpcargo_shipment","post_status":"publish","posts_per_page":"100","paged":1,"s":"","meta_query":{"relation":"AND","0":[]},"date_query":[{"after":"2026-02-06","before":"2026-04-07","inclusive":true}]}
[07-Apr-2026 23:45:32 UTC] 🔵 [FILTER] GET params: Array
(
)

[07-Apr-2026 23:45:32 UTC] 🔵 [FILTER] Sin parámetros de fecha, aplicando HOY por defecto: 2026-04-07
[07-Apr-2026 23:45:32 UTC] 🔵 [FILTER] Fecha desde: '2026-04-07' | Fecha hasta: '2026-04-07'
[07-Apr-2026 23:45:32 UTC] 🔵 [FILTER] has_from: true | has_to: true
[07-Apr-2026 23:45:32 UTC] 🔵 [FILTER] REMOVIENDO date_query para evitar conflicto
[07-Apr-2026 23:45:32 UTC] 🔵 [FILTER] SQL Query: 
            SELECT DISTINCT p.ID 
            FROM wp_posts p
            INNER JOIN wp_postmeta pm ON p.ID = pm.post_id
            WHERE p.post_type = 'wpcargo_shipment'
            AND pm.meta_key IN ('wpcargo_pickup_date_picker', 'wpcargo_pickup_date', 'calendarenvio', 'wpcargo_fecha_envio')
            AND (STR_TO_DATE(pm.meta_value, '%d/%m/%Y') >= STR_TO_DATE('2026-04-07', '%Y-%m-%d') AND STR_TO_DATE(pm.meta_value, '%d/%m/%Y') <= STR_TO_DATE('2026-04-07', '%Y-%m-%d'))
        
[07-Apr-2026 23:45:32 UTC] 🔵 [FILTER] IDs encontrados por fecha: 0
[07-Apr-2026 23:45:32 UTC] 🔵 [FILTER] Sin resultados de fecha, forzando búsqueda vacía
[07-Apr-2026 23:45:32 UTC] 🔵 [FILTER] Args finales: {"post_type":"wpcargo_shipment","post_status":"publish","posts_per_page":"100","paged":1,"s":"","meta_query":{"relation":"AND","0":[]},"post__in":[0]}
[07-Apr-2026 23:45:41 UTC] 🔔 [MERC_LOG] Inicializado logger diario: /home/u727114368/domains/mercourier.com/public_html/wp-content/merc_logs/merc-debug-2026-04-07.log
[07-Apr-2026 23:45:41 UTC] PHP Warning:  Undefined variable $tipo_vista in /home/u727114368/domains/mercourier.com/public_html/wp-content/themes/blocksy-child/functions.php on line 8589
[07-Apr-2026 23:45:41 UTC] MERC_ADMIN_RESUMEN - date_query="AND ( 
        EXISTS( 
            SELECT 1 FROM wp_postmeta pm_pickup 
            WHERE pm_pickup.post_id = p.ID 
              AND pm_pickup.meta_key IN ('wpcargo_pickup_date_picker','wpcargo_pickup_date','calendarenvio','wpcargo_fecha_envio')
              AND (
                    (STR_TO_DATE(pm_pickup.meta_value, '%%d/%%m/%%Y') >= STR_TO_DATE('2026-04-07', '%%Y-%%m-%%d') AND STR_TO_DATE(pm_pickup.meta_value, '%%d/%%m/%%Y') <= STR_TO_DATE('2026-04-07', '%%Y-%%m-%%d'))
                 OR (STR_TO_DATE(pm_pickup.meta_value, '%%Y-%%m-%%d') >= STR_TO_DATE('2026-04-07', '%%Y-%%m-%%d') AND STR_TO_DATE(pm_pickup.meta_value, '%%Y-%%m-%%d') <= STR_TO_DATE('2026-04-07', '%%Y-%%m-%%d'))
                 OR (pm_pickup.meta_value BETWEEN '2026-04-07' AND '2026-04-07')
                 OR (pm_pickup.meta_value LIKE '2026-04-07%')
              )
        )
        OR (p.post_date BETWEEN '2026-04-07 00:00:00' AND '2026-04-07 23:59:59')
    )"
[07-Apr-2026 23:45:41 UTC] MERC_ADMIN_RESUMEN - NO SHIPMENTS returned for date_query, attempting fallback by pickup meta
[07-Apr-2026 23:45:41 UTC] MERC_ADMIN_RESUMEN - fallback also returned NO shipments; attempting fallback by post_date range
[07-Apr-2026 23:45:41 UTC] MERC_ADMIN_RESUMEN_SAMPLE - id=6641 post_date=2026-02-22 21:51:11 metas={"wpcargo_pickup_date_picker":"22\/2\/2026","wpcargo_pickup_date":"","calendarenvio":"","wpcargo_fecha_envio":"","post_date":"2026-02-22 21:51:11"}
[07-Apr-2026 23:45:41 UTC] MERC_ADMIN_RESUMEN_SAMPLE - id=6642 post_date=2026-02-22 21:51:11 metas={"wpcargo_pickup_date_picker":"22\/2\/2026","wpcargo_pickup_date":"","calendarenvio":"","wpcargo_fecha_envio":"","post_date":"2026-02-22 21:51:11"}
[07-Apr-2026 23:45:41 UTC] MERC_ADMIN_RESUMEN_SAMPLE - id=6643 post_date=2026-02-22 21:51:11 metas={"wpcargo_pickup_date_picker":"22\/2\/2026","wpcargo_pickup_date":"","calendarenvio":"","wpcargo_fecha_envio":"","post_date":"2026-02-22 21:51:11"}
[07-Apr-2026 23:45:41 UTC] MERC_ADMIN_RESUMEN_SAMPLE - id=6644 post_date=2026-02-22 21:51:11 metas={"wpcargo_pickup_date_picker":"22\/2\/2026","wpcargo_pickup_date":"","calendarenvio":"","wpcargo_fecha_envio":"","post_date":"2026-02-22 21:51:11"}
[07-Apr-2026 23:45:41 UTC] MERC_ADMIN_RESUMEN_SAMPLE - id=6601 post_date=2026-02-22 15:32:45 metas={"wpcargo_pickup_date_picker":"22\/2\/2026","wpcargo_pickup_date":"","calendarenvio":"","wpcargo_fecha_envio":"","post_date":"2026-02-22 15:32:45"}
[07-Apr-2026 23:45:41 UTC] MERC_ADMIN_RESUMEN_SAMPLE - id=6602 post_date=2026-02-22 15:32:45 metas={"wpcargo_pickup_date_picker":"22\/2\/2026","wpcargo_pickup_date":"","calendarenvio":"","wpcargo_fecha_envio":"","post_date":"2026-02-22 15:32:45"}
[07-Apr-2026 23:45:41 UTC] MERC_ADMIN_RESUMEN_SAMPLE - id=6603 post_date=2026-02-22 15:32:45 metas={"wpcargo_pickup_date_picker":"22\/2\/2026","wpcargo_pickup_date":"","calendarenvio":"","wpcargo_fecha_envio":"","post_date":"2026-02-22 15:32:45"}
[07-Apr-2026 23:45:41 UTC] MERC_ADMIN_RESUMEN_SAMPLE - id=6604 post_date=2026-02-22 15:32:45 metas={"wpcargo_pickup_date_picker":"22\/2\/2026","wpcargo_pickup_date":"","calendarenvio":"","wpcargo_fecha_envio":"","post_date":"2026-02-22 15:32:45"}
[07-Apr-2026 23:45:41 UTC] MERC_ADMIN_RESUMEN_SAMPLE - id=6592 post_date=2026-02-21 15:08:10 metas={"wpcargo_pickup_date_picker":"23\/2\/2026","wpcargo_pickup_date":"","calendarenvio":"","wpcargo_fecha_envio":"","post_date":"2026-02-21 15:08:10"}
[07-Apr-2026 23:45:41 UTC] MERC_ADMIN_RESUMEN_SAMPLE - id=6593 post_date=2026-02-21 15:08:10 metas={"wpcargo_pickup_date_picker":"23\/2\/2026","wpcargo_pickup_date":"","calendarenvio":"","wpcargo_fecha_envio":"","post_date":"2026-02-21 15:08:10"}
[07-Apr-2026 23:45:41 UTC] MERC_ADMIN_RESUMEN_SAMPLE - id=6594 post_date=2026-02-21 15:08:10 metas={"wpcargo_pickup_date_picker":"23\/2\/2026","wpcargo_pickup_date":"","calendarenvio":"","wpcargo_fecha_envio":"","post_date":"2026-02-21 15:08:10"}
[07-Apr-2026 23:45:41 UTC] MERC_ADMIN_RESUMEN_SAMPLE - id=6595 post_date=2026-02-21 15:08:10 metas={"wpcargo_pickup_date_picker":"23\/2\/2026","wpcargo_pickup_date":"","calendarenvio":"","wpcargo_fecha_envio":"","post_date":"2026-02-21 15:08:10"}
[07-Apr-2026 23:45:41 UTC] MERC_ADMIN_RESUMEN_SAMPLE - id=6584 post_date=2026-02-21 14:30:19 metas={"wpcargo_pickup_date_picker":"21\/02\/2026","wpcargo_pickup_date":"","calendarenvio":"","wpcargo_fecha_envio":"","post_date":"2026-02-21 14:30:19"}
[07-Apr-2026 23:45:41 UTC] MERC_ADMIN_RESUMEN - trying post_date fallback with start=2026-04-07 00:00:00 end=2026-04-07 23:59:59
[07-Apr-2026 23:45:41 UTC] 🔍 [MERC_ADMIN_CARDS] drivers_sql: SELECT COALESCE(pm_driver.meta_value, pm_driver_alt.meta_value) AS driver_id, COUNT(DISTINCT p.ID) AS total_entregas FROM wp_posts p LEFT JOIN wp_postmeta pm_driver ON p.ID = pm_driver.post_id AND pm_driver.meta_key = 'wpcargo_driver' LEFT JOIN wp_postmeta pm_driver_alt ON p.ID = pm_driver_alt.post_id AND pm_driver_alt.meta_key = 'wpcargo_motorizo_recojo' WHERE p.post_type = 'wpcargo_shipment' AND p.post_status = 'publish' AND (pm_driver.meta_value IS NOT NULL OR pm_driver_alt.meta_value IS NOT NULL) AND ( EXISTS( SELECT 1 FROM wp_postmeta pm_pickup WHERE pm_pickup.post_id = p.ID AND pm_pickup.meta_key IN ('wpcargo_pickup_date_picker','wpcargo_pickup_date','calendarenvio','wpcargo_fecha_envio') AND ( (STR_TO_DATE(pm_pickup.meta_value, '%%d/%%m/%%Y') >= STR_TO_DATE('2026-04-07', '%%Y-%%m-%%d') AND STR_TO_DATE(pm_pickup.meta_value, '%%d/%%m/%%Y') <= STR_TO_DATE('2026-04-07', '%%Y-%%m-%%d')) OR (STR_TO_DATE(pm_pickup.meta_value, '%%Y-%%m-%%d') >= STR_TO_DATE('2026-04-07', '%%Y-%%m-%%d') AND STR_TO_DATE(pm_pickup.meta_value, '%%Y-%%m-%%d') <= STR_TO_DATE('2026-04-07', '%%Y-%%m-%%d')) OR (pm_pickup.meta_value BETWEEN '2026-04-07' AND '2026-04-07') OR (pm_pickup.meta_value LIKE '2026-04-07%') ) ) OR (p.post_date BETWEEN '2026-04-07 00:00:00' AND '2026-04-07 23:59:59') ) GROUP BY COALESCE(pm_driver.meta_value, pm_driver_alt.meta_value) ORDER BY total_entregas DESC
[07-Apr-2026 23:45:41 UTC] 🔍 [MERC_ADMIN_CARDS] sample_ids_count: 0
[07-Apr-2026 23:45:41 UTC] 🔍 [MERC_ADMIN_CARDS] sample_ids EMPTY for date_query
[07-Apr-2026 23:45:41 UTC] 🔍 [MERC_ADMIN_CARDS] drivers_count: 0
[07-Apr-2026 23:45:41 UTC] 🔍 [MERC_ADMIN_CLIENTS] clients_sql: SELECT pm_sender.meta_value AS client_id, COUNT(DISTINCT p.ID) AS total_envios FROM wp_posts p LEFT JOIN wp_postmeta pm_sender ON p.ID = pm_sender.post_id AND pm_sender.meta_key = 'registered_shipper' WHERE p.post_type = 'wpcargo_shipment' AND p.post_status = 'publish' AND pm_sender.meta_value IS NOT NULL AND pm_sender.meta_value != '' AND ( EXISTS( SELECT 1 FROM wp_postmeta pm_pickup WHERE pm_pickup.post_id = p.ID AND pm_pickup.meta_key IN ('wpcargo_pickup_date_picker','wpcargo_pickup_date','calendarenvio','wpcargo_fecha_envio') AND ( (STR_TO_DATE(pm_pickup.meta_value, '%%d/%%m/%%Y') >= STR_TO_DATE('2026-04-07', '%%Y-%%m-%%d') AND STR_TO_DATE(pm_pickup.meta_value, '%%d/%%m/%%Y') <= STR_TO_DATE('2026-04-07', '%%Y-%%m-%%d')) OR (STR_TO_DATE(pm_pickup.meta_value, '%%Y-%%m-%%d') >= STR_TO_DATE('2026-04-07', '%%Y-%%m-%%d') AND STR_TO_DATE(pm_pickup.meta_value, '%%Y-%%m-%%d') <= STR_TO_DATE('2026-04-07', '%%Y-%%m-%%d')) OR (pm_pickup.meta_value BETWEEN '2026-04-07' AND '2026-04-07') OR (pm_pickup.meta_value LIKE '2026-04-07%') ) ) OR (p.post_date BETWEEN '2026-04-07 00:00:00' AND '2026-04-07 23:59:59') ) GROUP BY pm_sender.meta_value ORDER BY total_envios DESC
[07-Apr-2026 23:45:41 UTC] 🔍 [MERC_ADMIN_CLIENTS] clients_count: 0
[07-Apr-2026 23:45:41 UTC] 🔍 [MERC_ADMIN_CLIENTS] sample_ids_count: 0
[07-Apr-2026 23:45:41 UTC] 🔍 [MERC_ADMIN_CLIENTS] sample_ids EMPTY for date_query
[07-Apr-2026 23:45:48 UTC] 🔔 [MERC_LOG] Inicializado logger diario: /home/u727114368/domains/mercourier.com/public_html/wp-content/merc_logs/merc-debug-2026-04-07.log
[07-Apr-2026 23:45:50 UTC] 🔔 [MERC_LOG] Inicializado logger diario: /home/u727114368/domains/mercourier.com/public_html/wp-content/merc_logs/merc-debug-2026-04-07.log
[07-Apr-2026 23:45:50 UTC] 🔍 DEBUG: merc_listar_productos_ajax iniciada
[07-Apr-2026 23:45:50 UTC] 🔍 DEBUG: Usuario ID: 1 | Login: mercourier2019@gmail.com
[07-Apr-2026 23:45:50 UTC] 🔍 DEBUG: Es Admin: SÍ | Es Cliente: NO
[07-Apr-2026 23:45:50 UTC] 🔍 DEBUG: Roles del usuario: ["administrator"]
[07-Apr-2026 23:45:50 UTC] 🔍 DEBUG: Admin - Mostrando todos los productos
[07-Apr-2026 23:45:50 UTC] 🔍 DEBUG: Args de query: {"post_type":"merc_producto","posts_per_page":-1,"post_status":"publish","orderby":"title","order":"ASC"}
[07-Apr-2026 23:45:50 UTC] 🔍 DEBUG: Productos encontrados por query: 4
[07-Apr-2026 23:45:50 UTC] 🔍 DEBUG: Producto ID: 4938 | Meta cliente_asignado: "3" (tipo: string) | Buscando: "1"
[07-Apr-2026 23:45:50 UTC] 🔍 DEBUG: ✓ Procesando producto - ID: 4938 | Título: producto prueba | Author: 1
[07-Apr-2026 23:45:50 UTC] 🔍 DEBUG: Producto ID: 5363 | Meta cliente_asignado: "3" (tipo: string) | Buscando: "1"
[07-Apr-2026 23:45:50 UTC] 🔍 DEBUG: ✓ Procesando producto - ID: 5363 | Título: Reloj Casio | Author: 1
[07-Apr-2026 23:45:50 UTC] 🔍 DEBUG: Producto ID: 3995 | Meta cliente_asignado: "4" (tipo: string) | Buscando: "1"
[07-Apr-2026 23:45:50 UTC] 🔍 DEBUG: ✓ Procesando producto - ID: 3995 | Título: Zapatillas Nike | Author: 1
[07-Apr-2026 23:45:50 UTC] 🔍 DEBUG: Producto ID: 4808 | Meta cliente_asignado: "3" (tipo: string) | Buscando: "1"
[07-Apr-2026 23:45:50 UTC] 🔍 DEBUG: ✓ Procesando producto - ID: 4808 | Título: Zapatillas Puma | Author: 1
[07-Apr-2026 23:45:50 UTC] 🔍 DEBUG: Total de productos en lista: 4
[07-Apr-2026 23:45:50 UTC] 🔍 DEBUG: Enviando al cliente: [{"id":4938,"nombre":"producto prueba","codigo_barras":"SHIP-4933","cliente_asignado":"3","cantidad":1,"fecha_creacion":"30\/01\/2026 08:27","fecha_modificacion":"10\/02\/2026 07:54","estado":"sin_asignar","motorizado":"-","peso":"0","tipo_medida":"","valor_medida":"","largo":"0","ancho":"0","alto":"0"},{"id":5363,"nombre":"Reloj Casio","codigo_barras":"","cliente_asignado":"3","cantidad":5,"fecha_creacion":"10\/02\/2026 07:56","fecha_modificacion":"10\/02\/2026 07:56","estado":"sin_asignar","motorizado":"-","peso":"0","tipo_medida":"","valor_medida":"","largo":"0","ancho":"0","alto":"0"},{"id":3995,"nombre":"Zapatillas Nike","codigo_barras":"","cliente_asignado":"4","cantidad":3,"fecha_creacion":"15\/01\/2026 21:28","fecha_modificacion":"29\/01\/2026 21:40","estado":"sin_asignar","motorizado":"-","peso":"0","tipo_medida":"talla","valor_medida":"42","largo":"0","ancho":"0","alto":"0"},{"id":4808,"nombre":"Zapatillas Puma","codigo_barras":"","cliente_asignado":"3","cantidad":3,"fecha_creacion":"29\/01\/2026 22:31","fecha_modificacion":"10\/02\/2026 07:54","estado":"sin_asignar","motorizado":"-","peso":"1","tipo_medida":"talla","valor_medida":"42","largo":"30","ancho":"15","alto":"10"}]
[07-Apr-2026 23:45:50 UTC] 🔔 [MERC_LOG] Inicializado logger diario: /home/u727114368/domains/mercourier.com/public_html/wp-content/merc_logs/merc-debug-2026-04-07.log
[07-Apr-2026 23:45:50 UTC] 
════════════════════════════════════════════════════════════
[07-Apr-2026 23:45:50 UTC] 🧹 [LIMPIEZA DIARIA] Eliminando merc_motorizo_recojo_default de todos los usuarios
[07-Apr-2026 23:45:50 UTC] ════════════════════════════════════════════════════════════
[07-Apr-2026 23:45:50 UTC] 📊 Usuarios con motorizado_recojo_default: 0
[07-Apr-2026 23:45:50 UTC] 🔄 Total usuarios limpios: 0
[07-Apr-2026 23:45:50 UTC] ✅ [LIMPIEZA DIARIA COMPLETADA] Próxima ejecución en 24 horas
[07-Apr-2026 23:45:50 UTC] ════════════════════════════════════════════════════════════

[07-Apr-2026 23:45:50 UTC] 🔔 [MERC_LOG] Inicializado logger diario: /home/u727114368/domains/mercourier.com/public_html/wp-content/merc_logs/merc-debug-2026-04-07.log
