[19-May-2026 16:06:59 UTC] 🔔 [MERC_LOG] Inicializado logger diario: /home/u727114368/domains/mercourier.com/public_html/wp-content/merc_logs/merc-debug-2026-05-19.log
[19-May-2026 16:06:59 UTC] 🌅 [RESETEO DIARIO AUTOMÁTICO] Ejecutado para 2026-05-19
[19-May-2026 16:07:03 UTC] 🔔 [MERC_LOG] Inicializado logger diario: /home/u727114368/domains/mercourier.com/public_html/wp-content/merc_logs/merc-debug-2026-05-19.log
[19-May-2026 19:52:31 UTC] 🔔 [MERC_LOG] Inicializado logger diario: /home/u727114368/domains/mercourier.com/public_html/wp-content/merc_logs/merc-debug-2026-05-19.log
[19-May-2026 19:52:32 UTC] 🔔 [MERC_LOG] Inicializado logger diario: /home/u727114368/domains/mercourier.com/public_html/wp-content/merc_logs/merc-debug-2026-05-19.log
[19-May-2026 19:52:33 UTC] 
════════════════════════════════════════════════════════════
[19-May-2026 19:52:33 UTC] 🧹 [LIMPIEZA DIARIA] Eliminando merc_motorizo_recojo_default de todos los usuarios
[19-May-2026 19:52:33 UTC] ════════════════════════════════════════════════════════════
[19-May-2026 19:52:33 UTC] 📊 Usuarios con motorizado_recojo_default: 0
[19-May-2026 19:52:33 UTC] 🔄 Total usuarios limpios: 0
[19-May-2026 19:52:33 UTC] ✅ [LIMPIEZA DIARIA COMPLETADA] Próxima ejecución en 24 horas
[19-May-2026 19:52:33 UTC] ════════════════════════════════════════════════════════════

[19-May-2026 19:56:01 UTC] 🔔 [MERC_LOG] Inicializado logger diario: /home/u727114368/domains/mercourier.com/public_html/wp-content/merc_logs/merc-debug-2026-05-19.log
[19-May-2026 19:56:01 UTC] 🔔 [MERC_LOG] Inicializado logger diario: /home/u727114368/domains/mercourier.com/public_html/wp-content/merc_logs/merc-debug-2026-05-19.log
[19-May-2026 19:56:01 UTC] 🔔 [MERC_LOG] Inicializado logger diario: /home/u727114368/domains/mercourier.com/public_html/wp-content/merc_logs/merc-debug-2026-05-19.log
[19-May-2026 19:56:10 UTC] 🔔 [MERC_LOG] Inicializado logger diario: /home/u727114368/domains/mercourier.com/public_html/wp-content/merc_logs/merc-debug-2026-05-19.log
[19-May-2026 19:56:14 UTC] 🔔 [MERC_LOG] Inicializado logger diario: /home/u727114368/domains/mercourier.com/public_html/wp-content/merc_logs/merc-debug-2026-05-19.log
[19-May-2026 19:56:22 UTC] 🔔 [MERC_LOG] Inicializado logger diario: /home/u727114368/domains/mercourier.com/public_html/wp-content/merc_logs/merc-debug-2026-05-19.log
[19-May-2026 19:56:23 UTC] 🔔 [MERC_LOG] Inicializado logger diario: /home/u727114368/domains/mercourier.com/public_html/wp-content/merc_logs/merc-debug-2026-05-19.log
[19-May-2026 19:56:33 UTC] 🔔 [MERC_LOG] Inicializado logger diario: /home/u727114368/domains/mercourier.com/public_html/wp-content/merc_logs/merc-debug-2026-05-19.log
[19-May-2026 19:56:38 UTC] 🔔 [MERC_LOG] Inicializado logger diario: /home/u727114368/domains/mercourier.com/public_html/wp-content/merc_logs/merc-debug-2026-05-19.log
[19-May-2026 19:56:38 UTC] 🔔 [MERC_LOG] Inicializado logger diario: /home/u727114368/domains/mercourier.com/public_html/wp-content/merc_logs/merc-debug-2026-05-19.log
[19-May-2026 19:56:40 UTC] 🔔 [MERC_LOG] Inicializado logger diario: /home/u727114368/domains/mercourier.com/public_html/wp-content/merc_logs/merc-debug-2026-05-19.log
[19-May-2026 19:56:42 UTC] 🔔 [MERC_LOG] Inicializado logger diario: /home/u727114368/domains/mercourier.com/public_html/wp-content/merc_logs/merc-debug-2026-05-19.log
[19-May-2026 19:56:55 UTC] 🔔 [MERC_LOG] Inicializado logger diario: /home/u727114368/domains/mercourier.com/public_html/wp-content/merc_logs/merc-debug-2026-05-19.log
[19-May-2026 19:57:08 UTC] 🔔 [MERC_LOG] Inicializado logger diario: /home/u727114368/domains/mercourier.com/public_html/wp-content/merc_logs/merc-debug-2026-05-19.log
[19-May-2026 19:57:40 UTC] 🔔 [MERC_LOG] Inicializado logger diario: /home/u727114368/domains/mercourier.com/public_html/wp-content/merc_logs/merc-debug-2026-05-19.log
[19-May-2026 19:57:40 UTC] 🔔 [MERC_LOG] Inicializado logger diario: /home/u727114368/domains/mercourier.com/public_html/wp-content/merc_logs/merc-debug-2026-05-19.log
[19-May-2026 19:58:09 UTC] 🔔 [MERC_LOG] Inicializado logger diario: /home/u727114368/domains/mercourier.com/public_html/wp-content/merc_logs/merc-debug-2026-05-19.log
[19-May-2026 19:58:40 UTC] 🔔 [MERC_LOG] Inicializado logger diario: /home/u727114368/domains/mercourier.com/public_html/wp-content/merc_logs/merc-debug-2026-05-19.log
[19-May-2026 19:58:41 UTC] 🔔 [MERC_LOG] Inicializado logger diario: /home/u727114368/domains/mercourier.com/public_html/wp-content/merc_logs/merc-debug-2026-05-19.log
[19-May-2026 19:59:41 UTC] 🔔 [MERC_LOG] Inicializado logger diario: /home/u727114368/domains/mercourier.com/public_html/wp-content/merc_logs/merc-debug-2026-05-19.log
[19-May-2026 19:59:42 UTC] 🔔 [MERC_LOG] Inicializado logger diario: /home/u727114368/domains/mercourier.com/public_html/wp-content/merc_logs/merc-debug-2026-05-19.log
[19-May-2026 20:01:42 UTC] 🔔 [MERC_LOG] Inicializado logger diario: /home/u727114368/domains/mercourier.com/public_html/wp-content/merc_logs/merc-debug-2026-05-19.log
[19-May-2026 20:01:43 UTC] 🔔 [MERC_LOG] Inicializado logger diario: /home/u727114368/domains/mercourier.com/public_html/wp-content/merc_logs/merc-debug-2026-05-19.log
[19-May-2026 20:02:42 UTC] 🔔 [MERC_LOG] Inicializado logger diario: /home/u727114368/domains/mercourier.com/public_html/wp-content/merc_logs/merc-debug-2026-05-19.log
[19-May-2026 20:02:42 UTC] 🔔 [MERC_LOG] Inicializado logger diario: /home/u727114368/domains/mercourier.com/public_html/wp-content/merc_logs/merc-debug-2026-05-19.log
[19-May-2026 20:03:23 UTC] 🔔 [MERC_LOG] Inicializado logger diario: /home/u727114368/domains/mercourier.com/public_html/wp-content/merc_logs/merc-debug-2026-05-19.log
[19-May-2026 20:03:23 UTC] 🔔 [MERC_LOG] Inicializado logger diario: /home/u727114368/domains/mercourier.com/public_html/wp-content/merc_logs/merc-debug-2026-05-19.log
[19-May-2026 20:03:24 UTC] MERC_ADMIN_RESUMEN - date_query="AND ( 
        EXISTS( 
            SELECT 1 FROM wp_postmeta pm_pickup 
            WHERE pm_pickup.post_id = p.ID 
              AND pm_pickup.meta_key IN ('wpcargo_pickup_date_picker','wpcargo_pickup_date','calendarenvio','wpcargo_fecha_envio')
              AND (
                    (STR_TO_DATE(pm_pickup.meta_value, '%%d/%%m/%%Y') >= STR_TO_DATE('2026-05-19', '%%Y-%%m-%%d') AND STR_TO_DATE(pm_pickup.meta_value, '%%d/%%m/%%Y') <= STR_TO_DATE('2026-05-19', '%%Y-%%m-%%d'))
                 OR (STR_TO_DATE(pm_pickup.meta_value, '%%Y-%%m-%%d') >= STR_TO_DATE('2026-05-19', '%%Y-%%m-%%d') AND STR_TO_DATE(pm_pickup.meta_value, '%%Y-%%m-%%d') <= STR_TO_DATE('2026-05-19', '%%Y-%%m-%%d'))
                 OR (pm_pickup.meta_value BETWEEN '2026-05-19' AND '2026-05-19')
                 OR (pm_pickup.meta_value LIKE '2026-05-19%')
              )
        )
        OR (p.post_date BETWEEN '2026-05-19 00:00:00' AND '2026-05-19 23:59:59')
    )"
[19-May-2026 20:03:24 UTC] MERC_ADMIN_RESUMEN - NO SHIPMENTS returned for date_query, attempting fallback by pickup meta
[19-May-2026 20:03:24 UTC] MERC_ADMIN_RESUMEN - fallback also returned NO shipments; attempting fallback by post_date range
[19-May-2026 20:03:24 UTC] MERC_ADMIN_RESUMEN_SAMPLE - id=6700 post_date=2026-05-18 07:46:53 metas={"wpcargo_pickup_date_picker":"18\/05\/2026","wpcargo_pickup_date":"","calendarenvio":"","wpcargo_fecha_envio":"","post_date":"2026-05-18 07:46:53"}
[19-May-2026 20:03:24 UTC] MERC_ADMIN_RESUMEN_SAMPLE - id=6694 post_date=2026-05-18 07:10:43 metas={"wpcargo_pickup_date_picker":"18\/05\/2026","wpcargo_pickup_date":"","calendarenvio":"","wpcargo_fecha_envio":"","post_date":"2026-05-18 07:10:43"}
[19-May-2026 20:03:24 UTC] MERC_ADMIN_RESUMEN_SAMPLE - id=6693 post_date=2026-05-17 11:41:39 metas={"wpcargo_pickup_date_picker":"17\/05\/2026","wpcargo_pickup_date":"","calendarenvio":"","wpcargo_fecha_envio":"","post_date":"2026-05-17 11:41:39"}
[19-May-2026 20:03:24 UTC] MERC_ADMIN_RESUMEN_SAMPLE - id=6691 post_date=2026-05-12 09:02:34 metas={"wpcargo_pickup_date_picker":"12\/05\/2026","wpcargo_pickup_date":"","calendarenvio":"","wpcargo_fecha_envio":"","post_date":"2026-05-12 09:02:34"}
[19-May-2026 20:03:24 UTC] MERC_ADMIN_RESUMEN_SAMPLE - id=6680 post_date=2026-05-08 09:40:33 metas={"wpcargo_pickup_date_picker":"08\/05\/2026","wpcargo_pickup_date":"","calendarenvio":"","wpcargo_fecha_envio":"","post_date":"2026-05-08 09:40:33"}
[19-May-2026 20:03:24 UTC] MERC_ADMIN_RESUMEN_SAMPLE - id=6679 post_date=2026-05-08 09:37:46 metas={"wpcargo_pickup_date_picker":"08\/05\/2026","wpcargo_pickup_date":"","calendarenvio":"","wpcargo_fecha_envio":"","post_date":"2026-05-08 09:37:46"}
[19-May-2026 20:03:24 UTC] MERC_ADMIN_RESUMEN_SAMPLE - id=6676 post_date=2026-04-28 10:31:20 metas={"wpcargo_pickup_date_picker":"28\/04\/2026","wpcargo_pickup_date":"","calendarenvio":"","wpcargo_fecha_envio":"","post_date":"2026-04-28 10:31:20"}
[19-May-2026 20:03:24 UTC] MERC_ADMIN_RESUMEN_SAMPLE - id=6675 post_date=2026-04-23 01:11:36 metas={"wpcargo_pickup_date_picker":"2026-04-23","wpcargo_pickup_date":"","calendarenvio":"","wpcargo_fecha_envio":"","post_date":"2026-04-23 01:11:36"}
[19-May-2026 20:03:24 UTC] MERC_ADMIN_RESUMEN_SAMPLE - id=6674 post_date=2026-04-23 01:10:39 metas={"wpcargo_pickup_date_picker":"2026-04-23","wpcargo_pickup_date":"","calendarenvio":"","wpcargo_fecha_envio":"","post_date":"2026-04-23 01:10:39"}
[19-May-2026 20:03:24 UTC] MERC_ADMIN_RESUMEN_SAMPLE - id=6673 post_date=2026-04-23 01:10:01 metas={"wpcargo_pickup_date_picker":"2026-04-23","wpcargo_pickup_date":"","calendarenvio":"","wpcargo_fecha_envio":"","post_date":"2026-04-23 01:10:01"}
[19-May-2026 20:03:24 UTC] MERC_ADMIN_RESUMEN_SAMPLE - id=6672 post_date=2026-04-23 01:08:44 metas={"wpcargo_pickup_date_picker":"2026-04-23","wpcargo_pickup_date":"","calendarenvio":"","wpcargo_fecha_envio":"","post_date":"2026-04-23 01:08:44"}
[19-May-2026 20:03:24 UTC] MERC_ADMIN_RESUMEN_SAMPLE - id=6671 post_date=2026-04-23 01:07:48 metas={"wpcargo_pickup_date_picker":"23\/04\/2026","wpcargo_pickup_date":"","calendarenvio":"","wpcargo_fecha_envio":"","post_date":"2026-04-23 01:07:48"}
[19-May-2026 20:03:24 UTC] MERC_ADMIN_RESUMEN_SAMPLE - id=6670 post_date=2026-04-23 01:06:56 metas={"wpcargo_pickup_date_picker":"2026-04-23","wpcargo_pickup_date":"","calendarenvio":"","wpcargo_fecha_envio":"","post_date":"2026-04-23 01:06:56"}
[19-May-2026 20:03:24 UTC] MERC_ADMIN_RESUMEN_SAMPLE - id=6669 post_date=2026-04-23 00:39:39 metas={"wpcargo_pickup_date_picker":"","wpcargo_pickup_date":"","calendarenvio":"","wpcargo_fecha_envio":"","post_date":"2026-04-23 00:39:39"}
[19-May-2026 20:03:24 UTC] MERC_ADMIN_RESUMEN_SAMPLE - id=6641 post_date=2026-02-22 21:51:11 metas={"wpcargo_pickup_date_picker":"22\/2\/2026","wpcargo_pickup_date":"","calendarenvio":"","wpcargo_fecha_envio":"","post_date":"2026-02-22 21:51:11"}
[19-May-2026 20:03:24 UTC] MERC_ADMIN_RESUMEN_SAMPLE - id=6642 post_date=2026-02-22 21:51:11 metas={"wpcargo_pickup_date_picker":"22\/2\/2026","wpcargo_pickup_date":"","calendarenvio":"","wpcargo_fecha_envio":"","post_date":"2026-02-22 21:51:11"}
[19-May-2026 20:03:24 UTC] MERC_ADMIN_RESUMEN_SAMPLE - id=6643 post_date=2026-02-22 21:51:11 metas={"wpcargo_pickup_date_picker":"22\/2\/2026","wpcargo_pickup_date":"","calendarenvio":"","wpcargo_fecha_envio":"","post_date":"2026-02-22 21:51:11"}
[19-May-2026 20:03:24 UTC] MERC_ADMIN_RESUMEN_SAMPLE - id=6644 post_date=2026-02-22 21:51:11 metas={"wpcargo_pickup_date_picker":"22\/2\/2026","wpcargo_pickup_date":"","calendarenvio":"","wpcargo_fecha_envio":"","post_date":"2026-02-22 21:51:11"}
[19-May-2026 20:03:24 UTC] MERC_ADMIN_RESUMEN_SAMPLE - id=6601 post_date=2026-02-22 15:32:45 metas={"wpcargo_pickup_date_picker":"22\/2\/2026","wpcargo_pickup_date":"","calendarenvio":"","wpcargo_fecha_envio":"","post_date":"2026-02-22 15:32:45"}
[19-May-2026 20:03:24 UTC] MERC_ADMIN_RESUMEN_SAMPLE - id=6602 post_date=2026-02-22 15:32:45 metas={"wpcargo_pickup_date_picker":"22\/2\/2026","wpcargo_pickup_date":"","calendarenvio":"","wpcargo_fecha_envio":"","post_date":"2026-02-22 15:32:45"}
[19-May-2026 20:03:24 UTC] MERC_ADMIN_RESUMEN - trying post_date fallback with start=2026-05-19 00:00:00 end=2026-05-19 23:59:59
[19-May-2026 20:03:24 UTC] 🔍 [MERC_ADMIN_CARDS] drivers_sql: SELECT COALESCE(pm_driver.meta_value, pm_driver_alt.meta_value) AS driver_id, COUNT(DISTINCT p.ID) AS total_entregas FROM wp_posts p LEFT JOIN wp_postmeta pm_driver ON p.ID = pm_driver.post_id AND pm_driver.meta_key = 'wpcargo_driver' LEFT JOIN wp_postmeta pm_driver_alt ON p.ID = pm_driver_alt.post_id AND pm_driver_alt.meta_key = 'wpcargo_motorizo_recojo' WHERE p.post_type = 'wpcargo_shipment' AND p.post_status = 'publish' AND (pm_driver.meta_value IS NOT NULL OR pm_driver_alt.meta_value IS NOT NULL) AND ( EXISTS( SELECT 1 FROM wp_postmeta pm_pickup WHERE pm_pickup.post_id = p.ID AND pm_pickup.meta_key IN ('wpcargo_pickup_date_picker','wpcargo_pickup_date','calendarenvio','wpcargo_fecha_envio') AND ( (STR_TO_DATE(pm_pickup.meta_value, '%%d/%%m/%%Y') >= STR_TO_DATE('2026-05-19', '%%Y-%%m-%%d') AND STR_TO_DATE(pm_pickup.meta_value, '%%d/%%m/%%Y') <= STR_TO_DATE('2026-05-19', '%%Y-%%m-%%d')) OR (STR_TO_DATE(pm_pickup.meta_value, '%%Y-%%m-%%d') >= STR_TO_DATE('2026-05-19', '%%Y-%%m-%%d') AND STR_TO_DATE(pm_pickup.meta_value, '%%Y-%%m-%%d') <= STR_TO_DATE('2026-05-19', '%%Y-%%m-%%d')) OR (pm_pickup.meta_value BETWEEN '2026-05-19' AND '2026-05-19') OR (pm_pickup.meta_value LIKE '2026-05-19%') ) ) OR (p.post_date BETWEEN '2026-05-19 00:00:00' AND '2026-05-19 23:59:59') ) GROUP BY COALESCE(pm_driver.meta_value, pm_driver_alt.meta_value) ORDER BY total_entregas DESC
[19-May-2026 20:03:24 UTC] 🔍 [MERC_ADMIN_CARDS] sample_ids_count: 0
[19-May-2026 20:03:24 UTC] 🔍 [MERC_ADMIN_CARDS] sample_ids EMPTY for date_query
[19-May-2026 20:03:24 UTC] 🔍 [MERC_ADMIN_CARDS] drivers_count: 0
[19-May-2026 20:03:24 UTC] 🔍 [MERC_ADMIN_CLIENTS] clients_sql: SELECT pm_sender.meta_value AS client_id, COUNT(DISTINCT p.ID) AS total_envios FROM wp_posts p LEFT JOIN wp_postmeta pm_sender ON p.ID = pm_sender.post_id AND pm_sender.meta_key = 'registered_shipper' WHERE p.post_type = 'wpcargo_shipment' AND p.post_status = 'publish' AND pm_sender.meta_value IS NOT NULL AND pm_sender.meta_value != '' AND ( EXISTS( SELECT 1 FROM wp_postmeta pm_pickup WHERE pm_pickup.post_id = p.ID AND pm_pickup.meta_key IN ('wpcargo_pickup_date_picker','wpcargo_pickup_date','calendarenvio','wpcargo_fecha_envio') AND ( (STR_TO_DATE(pm_pickup.meta_value, '%%d/%%m/%%Y') >= STR_TO_DATE('2026-05-19', '%%Y-%%m-%%d') AND STR_TO_DATE(pm_pickup.meta_value, '%%d/%%m/%%Y') <= STR_TO_DATE('2026-05-19', '%%Y-%%m-%%d')) OR (STR_TO_DATE(pm_pickup.meta_value, '%%Y-%%m-%%d') >= STR_TO_DATE('2026-05-19', '%%Y-%%m-%%d') AND STR_TO_DATE(pm_pickup.meta_value, '%%Y-%%m-%%d') <= STR_TO_DATE('2026-05-19', '%%Y-%%m-%%d')) OR (pm_pickup.meta_value BETWEEN '2026-05-19' AND '2026-05-19') OR (pm_pickup.meta_value LIKE '2026-05-19%') ) ) OR (p.post_date BETWEEN '2026-05-19 00:00:00' AND '2026-05-19 23:59:59') ) GROUP BY pm_sender.meta_value ORDER BY total_envios DESC
[19-May-2026 20:03:24 UTC] 🔍 [MERC_ADMIN_CLIENTS] clients_count: 0
[19-May-2026 20:03:24 UTC] 🔍 [MERC_ADMIN_CLIENTS] sample_ids_count: 0
[19-May-2026 20:03:24 UTC] 🔍 [MERC_ADMIN_CLIENTS] sample_ids EMPTY for date_query
[19-May-2026 20:03:43 UTC] 🔔 [MERC_LOG] Inicializado logger diario: /home/u727114368/domains/mercourier.com/public_html/wp-content/merc_logs/merc-debug-2026-05-19.log
[19-May-2026 20:04:45 UTC] 🔔 [MERC_LOG] Inicializado logger diario: /home/u727114368/domains/mercourier.com/public_html/wp-content/merc_logs/merc-debug-2026-05-19.log
[19-May-2026 20:04:45 UTC] 🔔 [MERC_LOG] Inicializado logger diario: /home/u727114368/domains/mercourier.com/public_html/wp-content/merc_logs/merc-debug-2026-05-19.log
[19-May-2026 20:05:44 UTC] 🔔 [MERC_LOG] Inicializado logger diario: /home/u727114368/domains/mercourier.com/public_html/wp-content/merc_logs/merc-debug-2026-05-19.log
[19-May-2026 20:05:45 UTC] 🔔 [MERC_LOG] Inicializado logger diario: /home/u727114368/domains/mercourier.com/public_html/wp-content/merc_logs/merc-debug-2026-05-19.log
[19-May-2026 20:06:44 UTC] 🔔 [MERC_LOG] Inicializado logger diario: /home/u727114368/domains/mercourier.com/public_html/wp-content/merc_logs/merc-debug-2026-05-19.log
[19-May-2026 20:06:45 UTC] 🔔 [MERC_LOG] Inicializado logger diario: /home/u727114368/domains/mercourier.com/public_html/wp-content/merc_logs/merc-debug-2026-05-19.log
[19-May-2026 20:07:48 UTC] 🔔 [MERC_LOG] Inicializado logger diario: /home/u727114368/domains/mercourier.com/public_html/wp-content/merc_logs/merc-debug-2026-05-19.log
[19-May-2026 20:07:48 UTC] 🔔 [MERC_LOG] Inicializado logger diario: /home/u727114368/domains/mercourier.com/public_html/wp-content/merc_logs/merc-debug-2026-05-19.log
[19-May-2026 20:09:48 UTC] 🔔 [MERC_LOG] Inicializado logger diario: /home/u727114368/domains/mercourier.com/public_html/wp-content/merc_logs/merc-debug-2026-05-19.log
[19-May-2026 20:09:48 UTC] 🔔 [MERC_LOG] Inicializado logger diario: /home/u727114368/domains/mercourier.com/public_html/wp-content/merc_logs/merc-debug-2026-05-19.log
[19-May-2026 20:11:48 UTC] 🔔 [MERC_LOG] Inicializado logger diario: /home/u727114368/domains/mercourier.com/public_html/wp-content/merc_logs/merc-debug-2026-05-19.log
[19-May-2026 20:11:49 UTC] 🔔 [MERC_LOG] Inicializado logger diario: /home/u727114368/domains/mercourier.com/public_html/wp-content/merc_logs/merc-debug-2026-05-19.log
[19-May-2026 20:13:55 UTC] 🔔 [MERC_LOG] Inicializado logger diario: /home/u727114368/domains/mercourier.com/public_html/wp-content/merc_logs/merc-debug-2026-05-19.log
[19-May-2026 20:13:55 UTC] 🔔 [MERC_LOG] Inicializado logger diario: /home/u727114368/domains/mercourier.com/public_html/wp-content/merc_logs/merc-debug-2026-05-19.log
[19-May-2026 20:16:02 UTC] 🔔 [MERC_LOG] Inicializado logger diario: /home/u727114368/domains/mercourier.com/public_html/wp-content/merc_logs/merc-debug-2026-05-19.log
[19-May-2026 20:16:03 UTC] 🔔 [MERC_LOG] Inicializado logger diario: /home/u727114368/domains/mercourier.com/public_html/wp-content/merc_logs/merc-debug-2026-05-19.log
[19-May-2026 20:17:54 UTC] 🔔 [MERC_LOG] Inicializado logger diario: /home/u727114368/domains/mercourier.com/public_html/wp-content/merc_logs/merc-debug-2026-05-19.log
[19-May-2026 20:17:54 UTC] 🔔 [MERC_LOG] Inicializado logger diario: /home/u727114368/domains/mercourier.com/public_html/wp-content/merc_logs/merc-debug-2026-05-19.log
[19-May-2026 20:22:22 UTC] 🔔 [MERC_LOG] Inicializado logger diario: /home/u727114368/domains/mercourier.com/public_html/wp-content/merc_logs/merc-debug-2026-05-19.log
[19-May-2026 20:22:23 UTC] 🔔 [MERC_LOG] Inicializado logger diario: /home/u727114368/domains/mercourier.com/public_html/wp-content/merc_logs/merc-debug-2026-05-19.log
[19-May-2026 20:23:22 UTC] 🔔 [MERC_LOG] Inicializado logger diario: /home/u727114368/domains/mercourier.com/public_html/wp-content/merc_logs/merc-debug-2026-05-19.log
[19-May-2026 20:23:22 UTC] 🔔 [MERC_LOG] Inicializado logger diario: /home/u727114368/domains/mercourier.com/public_html/wp-content/merc_logs/merc-debug-2026-05-19.log
[19-May-2026 20:24:40 UTC] 🔔 [MERC_LOG] Inicializado logger diario: /home/u727114368/domains/mercourier.com/public_html/wp-content/merc_logs/merc-debug-2026-05-19.log
[19-May-2026 20:24:41 UTC] 🔔 [MERC_LOG] Inicializado logger diario: /home/u727114368/domains/mercourier.com/public_html/wp-content/merc_logs/merc-debug-2026-05-19.log
[19-May-2026 20:25:39 UTC] 🔔 [MERC_LOG] Inicializado logger diario: /home/u727114368/domains/mercourier.com/public_html/wp-content/merc_logs/merc-debug-2026-05-19.log
[19-May-2026 20:25:39 UTC] 🔔 [MERC_LOG] Inicializado logger diario: /home/u727114368/domains/mercourier.com/public_html/wp-content/merc_logs/merc-debug-2026-05-19.log
[19-May-2026 20:29:07 UTC] 🔔 [MERC_LOG] Inicializado logger diario: /home/u727114368/domains/mercourier.com/public_html/wp-content/merc_logs/merc-debug-2026-05-19.log
[19-May-2026 20:29:07 UTC] 🔔 [MERC_LOG] Inicializado logger diario: /home/u727114368/domains/mercourier.com/public_html/wp-content/merc_logs/merc-debug-2026-05-19.log
[19-May-2026 20:30:37 UTC] 🔔 [MERC_LOG] Inicializado logger diario: /home/u727114368/domains/mercourier.com/public_html/wp-content/merc_logs/merc-debug-2026-05-19.log
[19-May-2026 20:30:37 UTC] 🔔 [MERC_LOG] Inicializado logger diario: /home/u727114368/domains/mercourier.com/public_html/wp-content/merc_logs/merc-debug-2026-05-19.log
[19-May-2026 20:31:37 UTC] 🔔 [MERC_LOG] Inicializado logger diario: /home/u727114368/domains/mercourier.com/public_html/wp-content/merc_logs/merc-debug-2026-05-19.log
[19-May-2026 20:31:37 UTC] 🔔 [MERC_LOG] Inicializado logger diario: /home/u727114368/domains/mercourier.com/public_html/wp-content/merc_logs/merc-debug-2026-05-19.log
[19-May-2026 20:32:27 UTC] 🔔 [MERC_LOG] Inicializado logger diario: /home/u727114368/domains/mercourier.com/public_html/wp-content/merc_logs/merc-debug-2026-05-19.log
[19-May-2026 20:32:27 UTC] 🔔 [MERC_LOG] Inicializado logger diario: /home/u727114368/domains/mercourier.com/public_html/wp-content/merc_logs/merc-debug-2026-05-19.log
[19-May-2026 20:32:28 UTC] 🔔 [MERC_LOG] Inicializado logger diario: /home/u727114368/domains/mercourier.com/public_html/wp-content/merc_logs/merc-debug-2026-05-19.log
[19-May-2026 20:32:28 UTC] MERC_ADMIN_RESUMEN - date_query="AND ( 
        EXISTS( 
            SELECT 1 FROM wp_postmeta pm_pickup 
            WHERE pm_pickup.post_id = p.ID 
              AND pm_pickup.meta_key IN ('wpcargo_pickup_date_picker','wpcargo_pickup_date','calendarenvio','wpcargo_fecha_envio')
              AND (
                    (STR_TO_DATE(pm_pickup.meta_value, '%%d/%%m/%%Y') >= STR_TO_DATE('2026-05-19', '%%Y-%%m-%%d') AND STR_TO_DATE(pm_pickup.meta_value, '%%d/%%m/%%Y') <= STR_TO_DATE('2026-05-19', '%%Y-%%m-%%d'))
                 OR (STR_TO_DATE(pm_pickup.meta_value, '%%Y-%%m-%%d') >= STR_TO_DATE('2026-05-19', '%%Y-%%m-%%d') AND STR_TO_DATE(pm_pickup.meta_value, '%%Y-%%m-%%d') <= STR_TO_DATE('2026-05-19', '%%Y-%%m-%%d'))
                 OR (pm_pickup.meta_value BETWEEN '2026-05-19' AND '2026-05-19')
                 OR (pm_pickup.meta_value LIKE '2026-05-19%')
              )
        )
        OR (p.post_date BETWEEN '2026-05-19 00:00:00' AND '2026-05-19 23:59:59')
    )"
[19-May-2026 20:32:28 UTC] MERC_ADMIN_RESUMEN - NO SHIPMENTS returned for date_query, attempting fallback by pickup meta
[19-May-2026 20:32:28 UTC] MERC_ADMIN_RESUMEN - fallback also returned NO shipments; attempting fallback by post_date range
[19-May-2026 20:32:28 UTC] MERC_ADMIN_RESUMEN_SAMPLE - id=6700 post_date=2026-05-18 07:46:53 metas={"wpcargo_pickup_date_picker":"18\/05\/2026","wpcargo_pickup_date":"","calendarenvio":"","wpcargo_fecha_envio":"","post_date":"2026-05-18 07:46:53"}
[19-May-2026 20:32:28 UTC] MERC_ADMIN_RESUMEN_SAMPLE - id=6694 post_date=2026-05-18 07:10:43 metas={"wpcargo_pickup_date_picker":"18\/05\/2026","wpcargo_pickup_date":"","calendarenvio":"","wpcargo_fecha_envio":"","post_date":"2026-05-18 07:10:43"}
[19-May-2026 20:32:28 UTC] MERC_ADMIN_RESUMEN_SAMPLE - id=6693 post_date=2026-05-17 11:41:39 metas={"wpcargo_pickup_date_picker":"17\/05\/2026","wpcargo_pickup_date":"","calendarenvio":"","wpcargo_fecha_envio":"","post_date":"2026-05-17 11:41:39"}
[19-May-2026 20:32:28 UTC] MERC_ADMIN_RESUMEN_SAMPLE - id=6691 post_date=2026-05-12 09:02:34 metas={"wpcargo_pickup_date_picker":"12\/05\/2026","wpcargo_pickup_date":"","calendarenvio":"","wpcargo_fecha_envio":"","post_date":"2026-05-12 09:02:34"}
[19-May-2026 20:32:28 UTC] MERC_ADMIN_RESUMEN_SAMPLE - id=6680 post_date=2026-05-08 09:40:33 metas={"wpcargo_pickup_date_picker":"08\/05\/2026","wpcargo_pickup_date":"","calendarenvio":"","wpcargo_fecha_envio":"","post_date":"2026-05-08 09:40:33"}
[19-May-2026 20:32:28 UTC] MERC_ADMIN_RESUMEN_SAMPLE - id=6679 post_date=2026-05-08 09:37:46 metas={"wpcargo_pickup_date_picker":"08\/05\/2026","wpcargo_pickup_date":"","calendarenvio":"","wpcargo_fecha_envio":"","post_date":"2026-05-08 09:37:46"}
[19-May-2026 20:32:28 UTC] MERC_ADMIN_RESUMEN_SAMPLE - id=6676 post_date=2026-04-28 10:31:20 metas={"wpcargo_pickup_date_picker":"28\/04\/2026","wpcargo_pickup_date":"","calendarenvio":"","wpcargo_fecha_envio":"","post_date":"2026-04-28 10:31:20"}
[19-May-2026 20:32:28 UTC] MERC_ADMIN_RESUMEN_SAMPLE - id=6675 post_date=2026-04-23 01:11:36 metas={"wpcargo_pickup_date_picker":"2026-04-23","wpcargo_pickup_date":"","calendarenvio":"","wpcargo_fecha_envio":"","post_date":"2026-04-23 01:11:36"}
[19-May-2026 20:32:28 UTC] MERC_ADMIN_RESUMEN_SAMPLE - id=6674 post_date=2026-04-23 01:10:39 metas={"wpcargo_pickup_date_picker":"2026-04-23","wpcargo_pickup_date":"","calendarenvio":"","wpcargo_fecha_envio":"","post_date":"2026-04-23 01:10:39"}
[19-May-2026 20:32:28 UTC] MERC_ADMIN_RESUMEN_SAMPLE - id=6673 post_date=2026-04-23 01:10:01 metas={"wpcargo_pickup_date_picker":"2026-04-23","wpcargo_pickup_date":"","calendarenvio":"","wpcargo_fecha_envio":"","post_date":"2026-04-23 01:10:01"}
[19-May-2026 20:32:28 UTC] MERC_ADMIN_RESUMEN_SAMPLE - id=6672 post_date=2026-04-23 01:08:44 metas={"wpcargo_pickup_date_picker":"2026-04-23","wpcargo_pickup_date":"","calendarenvio":"","wpcargo_fecha_envio":"","post_date":"2026-04-23 01:08:44"}
[19-May-2026 20:32:28 UTC] MERC_ADMIN_RESUMEN_SAMPLE - id=6671 post_date=2026-04-23 01:07:48 metas={"wpcargo_pickup_date_picker":"23\/04\/2026","wpcargo_pickup_date":"","calendarenvio":"","wpcargo_fecha_envio":"","post_date":"2026-04-23 01:07:48"}
[19-May-2026 20:32:28 UTC] MERC_ADMIN_RESUMEN_SAMPLE - id=6670 post_date=2026-04-23 01:06:56 metas={"wpcargo_pickup_date_picker":"2026-04-23","wpcargo_pickup_date":"","calendarenvio":"","wpcargo_fecha_envio":"","post_date":"2026-04-23 01:06:56"}
[19-May-2026 20:32:28 UTC] MERC_ADMIN_RESUMEN_SAMPLE - id=6669 post_date=2026-04-23 00:39:39 metas={"wpcargo_pickup_date_picker":"","wpcargo_pickup_date":"","calendarenvio":"","wpcargo_fecha_envio":"","post_date":"2026-04-23 00:39:39"}
[19-May-2026 20:32:28 UTC] MERC_ADMIN_RESUMEN_SAMPLE - id=6641 post_date=2026-02-22 21:51:11 metas={"wpcargo_pickup_date_picker":"22\/2\/2026","wpcargo_pickup_date":"","calendarenvio":"","wpcargo_fecha_envio":"","post_date":"2026-02-22 21:51:11"}
[19-May-2026 20:32:28 UTC] MERC_ADMIN_RESUMEN_SAMPLE - id=6642 post_date=2026-02-22 21:51:11 metas={"wpcargo_pickup_date_picker":"22\/2\/2026","wpcargo_pickup_date":"","calendarenvio":"","wpcargo_fecha_envio":"","post_date":"2026-02-22 21:51:11"}
[19-May-2026 20:32:28 UTC] MERC_ADMIN_RESUMEN_SAMPLE - id=6643 post_date=2026-02-22 21:51:11 metas={"wpcargo_pickup_date_picker":"22\/2\/2026","wpcargo_pickup_date":"","calendarenvio":"","wpcargo_fecha_envio":"","post_date":"2026-02-22 21:51:11"}
[19-May-2026 20:32:28 UTC] MERC_ADMIN_RESUMEN_SAMPLE - id=6644 post_date=2026-02-22 21:51:11 metas={"wpcargo_pickup_date_picker":"22\/2\/2026","wpcargo_pickup_date":"","calendarenvio":"","wpcargo_fecha_envio":"","post_date":"2026-02-22 21:51:11"}
[19-May-2026 20:32:28 UTC] MERC_ADMIN_RESUMEN_SAMPLE - id=6601 post_date=2026-02-22 15:32:45 metas={"wpcargo_pickup_date_picker":"22\/2\/2026","wpcargo_pickup_date":"","calendarenvio":"","wpcargo_fecha_envio":"","post_date":"2026-02-22 15:32:45"}
[19-May-2026 20:32:28 UTC] MERC_ADMIN_RESUMEN_SAMPLE - id=6602 post_date=2026-02-22 15:32:45 metas={"wpcargo_pickup_date_picker":"22\/2\/2026","wpcargo_pickup_date":"","calendarenvio":"","wpcargo_fecha_envio":"","post_date":"2026-02-22 15:32:45"}
[19-May-2026 20:32:28 UTC] MERC_ADMIN_RESUMEN - trying post_date fallback with start=2026-05-19 00:00:00 end=2026-05-19 23:59:59
[19-May-2026 20:32:28 UTC] 🔍 [MERC_ADMIN_CARDS] drivers_sql: SELECT COALESCE(pm_driver.meta_value, pm_driver_alt.meta_value) AS driver_id, COUNT(DISTINCT p.ID) AS total_entregas FROM wp_posts p LEFT JOIN wp_postmeta pm_driver ON p.ID = pm_driver.post_id AND pm_driver.meta_key = 'wpcargo_driver' LEFT JOIN wp_postmeta pm_driver_alt ON p.ID = pm_driver_alt.post_id AND pm_driver_alt.meta_key = 'wpcargo_motorizo_recojo' WHERE p.post_type = 'wpcargo_shipment' AND p.post_status = 'publish' AND (pm_driver.meta_value IS NOT NULL OR pm_driver_alt.meta_value IS NOT NULL) AND ( EXISTS( SELECT 1 FROM wp_postmeta pm_pickup WHERE pm_pickup.post_id = p.ID AND pm_pickup.meta_key IN ('wpcargo_pickup_date_picker','wpcargo_pickup_date','calendarenvio','wpcargo_fecha_envio') AND ( (STR_TO_DATE(pm_pickup.meta_value, '%%d/%%m/%%Y') >= STR_TO_DATE('2026-05-19', '%%Y-%%m-%%d') AND STR_TO_DATE(pm_pickup.meta_value, '%%d/%%m/%%Y') <= STR_TO_DATE('2026-05-19', '%%Y-%%m-%%d')) OR (STR_TO_DATE(pm_pickup.meta_value, '%%Y-%%m-%%d') >= STR_TO_DATE('2026-05-19', '%%Y-%%m-%%d') AND STR_TO_DATE(pm_pickup.meta_value, '%%Y-%%m-%%d') <= STR_TO_DATE('2026-05-19', '%%Y-%%m-%%d')) OR (pm_pickup.meta_value BETWEEN '2026-05-19' AND '2026-05-19') OR (pm_pickup.meta_value LIKE '2026-05-19%') ) ) OR (p.post_date BETWEEN '2026-05-19 00:00:00' AND '2026-05-19 23:59:59') ) GROUP BY COALESCE(pm_driver.meta_value, pm_driver_alt.meta_value) ORDER BY total_entregas DESC
[19-May-2026 20:32:28 UTC] 🔍 [MERC_ADMIN_CARDS] sample_ids_count: 0
[19-May-2026 20:32:28 UTC] 🔍 [MERC_ADMIN_CARDS] sample_ids EMPTY for date_query
[19-May-2026 20:32:28 UTC] 🔍 [MERC_ADMIN_CARDS] drivers_count: 0
[19-May-2026 20:32:28 UTC] 🔍 [MERC_ADMIN_CLIENTS] clients_sql: SELECT pm_sender.meta_value AS client_id, COUNT(DISTINCT p.ID) AS total_envios FROM wp_posts p LEFT JOIN wp_postmeta pm_sender ON p.ID = pm_sender.post_id AND pm_sender.meta_key = 'registered_shipper' WHERE p.post_type = 'wpcargo_shipment' AND p.post_status = 'publish' AND pm_sender.meta_value IS NOT NULL AND pm_sender.meta_value != '' AND ( EXISTS( SELECT 1 FROM wp_postmeta pm_pickup WHERE pm_pickup.post_id = p.ID AND pm_pickup.meta_key IN ('wpcargo_pickup_date_picker','wpcargo_pickup_date','calendarenvio','wpcargo_fecha_envio') AND ( (STR_TO_DATE(pm_pickup.meta_value, '%%d/%%m/%%Y') >= STR_TO_DATE('2026-05-19', '%%Y-%%m-%%d') AND STR_TO_DATE(pm_pickup.meta_value, '%%d/%%m/%%Y') <= STR_TO_DATE('2026-05-19', '%%Y-%%m-%%d')) OR (STR_TO_DATE(pm_pickup.meta_value, '%%Y-%%m-%%d') >= STR_TO_DATE('2026-05-19', '%%Y-%%m-%%d') AND STR_TO_DATE(pm_pickup.meta_value, '%%Y-%%m-%%d') <= STR_TO_DATE('2026-05-19', '%%Y-%%m-%%d')) OR (pm_pickup.meta_value BETWEEN '2026-05-19' AND '2026-05-19') OR (pm_pickup.meta_value LIKE '2026-05-19%') ) ) OR (p.post_date BETWEEN '2026-05-19 00:00:00' AND '2026-05-19 23:59:59') ) GROUP BY pm_sender.meta_value ORDER BY total_envios DESC
[19-May-2026 20:32:28 UTC] 🔍 [MERC_ADMIN_CLIENTS] clients_count: 0
[19-May-2026 20:32:28 UTC] 🔍 [MERC_ADMIN_CLIENTS] sample_ids_count: 0
[19-May-2026 20:32:28 UTC] 🔍 [MERC_ADMIN_CLIENTS] sample_ids EMPTY for date_query
[19-May-2026 20:32:37 UTC] 🔔 [MERC_LOG] Inicializado logger diario: /home/u727114368/domains/mercourier.com/public_html/wp-content/merc_logs/merc-debug-2026-05-19.log
[19-May-2026 20:32:37 UTC] 🔔 [MERC_LOG] Inicializado logger diario: /home/u727114368/domains/mercourier.com/public_html/wp-content/merc_logs/merc-debug-2026-05-19.log
[19-May-2026 20:34:48 UTC] 🔔 [MERC_LOG] Inicializado logger diario: /home/u727114368/domains/mercourier.com/public_html/wp-content/merc_logs/merc-debug-2026-05-19.log
[19-May-2026 20:34:48 UTC] 🔔 [MERC_LOG] Inicializado logger diario: /home/u727114368/domains/mercourier.com/public_html/wp-content/merc_logs/merc-debug-2026-05-19.log
[19-May-2026 20:36:15 UTC] 🔔 [MERC_LOG] Inicializado logger diario: /home/u727114368/domains/mercourier.com/public_html/wp-content/merc_logs/merc-debug-2026-05-19.log
[19-May-2026 20:36:16 UTC] 🔔 [MERC_LOG] Inicializado logger diario: /home/u727114368/domains/mercourier.com/public_html/wp-content/merc_logs/merc-debug-2026-05-19.log
[19-May-2026 20:40:06 UTC] 🔔 [MERC_LOG] Inicializado logger diario: /home/u727114368/domains/mercourier.com/public_html/wp-content/merc_logs/merc-debug-2026-05-19.log
[19-May-2026 20:40:06 UTC] 🔔 [MERC_LOG] Inicializado logger diario: /home/u727114368/domains/mercourier.com/public_html/wp-content/merc_logs/merc-debug-2026-05-19.log
[19-May-2026 20:46:20 UTC] 🔔 [MERC_LOG] Inicializado logger diario: /home/u727114368/domains/mercourier.com/public_html/wp-content/merc_logs/merc-debug-2026-05-19.log
[19-May-2026 20:46:21 UTC] 🔔 [MERC_LOG] Inicializado logger diario: /home/u727114368/domains/mercourier.com/public_html/wp-content/merc_logs/merc-debug-2026-05-19.log
[19-May-2026 20:57:00 UTC] 🔔 [MERC_LOG] Inicializado logger diario: /home/u727114368/domains/mercourier.com/public_html/wp-content/merc_logs/merc-debug-2026-05-19.log
[19-May-2026 20:57:00 UTC] 🔔 [MERC_LOG] Inicializado logger diario: /home/u727114368/domains/mercourier.com/public_html/wp-content/merc_logs/merc-debug-2026-05-19.log
[19-May-2026 20:57:59 UTC] 🔔 [MERC_LOG] Inicializado logger diario: /home/u727114368/domains/mercourier.com/public_html/wp-content/merc_logs/merc-debug-2026-05-19.log
[19-May-2026 20:57:59 UTC] 🔔 [MERC_LOG] Inicializado logger diario: /home/u727114368/domains/mercourier.com/public_html/wp-content/merc_logs/merc-debug-2026-05-19.log
[19-May-2026 21:00:00 UTC] 🔔 [MERC_LOG] Inicializado logger diario: /home/u727114368/domains/mercourier.com/public_html/wp-content/merc_logs/merc-debug-2026-05-19.log
[19-May-2026 21:00:01 UTC] 🔔 [MERC_LOG] Inicializado logger diario: /home/u727114368/domains/mercourier.com/public_html/wp-content/merc_logs/merc-debug-2026-05-19.log
[19-May-2026 21:01:14 UTC] 🔔 [MERC_LOG] Inicializado logger diario: /home/u727114368/domains/mercourier.com/public_html/wp-content/merc_logs/merc-debug-2026-05-19.log
[19-May-2026 21:01:14 UTC] 🔔 [MERC_LOG] Inicializado logger diario: /home/u727114368/domains/mercourier.com/public_html/wp-content/merc_logs/merc-debug-2026-05-19.log
[19-May-2026 21:02:14 UTC] 🔔 [MERC_LOG] Inicializado logger diario: /home/u727114368/domains/mercourier.com/public_html/wp-content/merc_logs/merc-debug-2026-05-19.log
[19-May-2026 21:02:14 UTC] 🔔 [MERC_LOG] Inicializado logger diario: /home/u727114368/domains/mercourier.com/public_html/wp-content/merc_logs/merc-debug-2026-05-19.log
[19-May-2026 21:03:14 UTC] 🔔 [MERC_LOG] Inicializado logger diario: /home/u727114368/domains/mercourier.com/public_html/wp-content/merc_logs/merc-debug-2026-05-19.log
[19-May-2026 21:03:14 UTC] 🔔 [MERC_LOG] Inicializado logger diario: /home/u727114368/domains/mercourier.com/public_html/wp-content/merc_logs/merc-debug-2026-05-19.log
[19-May-2026 21:04:14 UTC] 🔔 [MERC_LOG] Inicializado logger diario: /home/u727114368/domains/mercourier.com/public_html/wp-content/merc_logs/merc-debug-2026-05-19.log
[19-May-2026 21:04:14 UTC] 🔔 [MERC_LOG] Inicializado logger diario: /home/u727114368/domains/mercourier.com/public_html/wp-content/merc_logs/merc-debug-2026-05-19.log
[19-May-2026 21:05:14 UTC] 🔔 [MERC_LOG] Inicializado logger diario: /home/u727114368/domains/mercourier.com/public_html/wp-content/merc_logs/merc-debug-2026-05-19.log
[19-May-2026 21:05:14 UTC] 🔔 [MERC_LOG] Inicializado logger diario: /home/u727114368/domains/mercourier.com/public_html/wp-content/merc_logs/merc-debug-2026-05-19.log
[19-May-2026 21:06:14 UTC] 🔔 [MERC_LOG] Inicializado logger diario: /home/u727114368/domains/mercourier.com/public_html/wp-content/merc_logs/merc-debug-2026-05-19.log
[19-May-2026 21:06:14 UTC] 🔔 [MERC_LOG] Inicializado logger diario: /home/u727114368/domains/mercourier.com/public_html/wp-content/merc_logs/merc-debug-2026-05-19.log
[19-May-2026 21:07:14 UTC] 🔔 [MERC_LOG] Inicializado logger diario: /home/u727114368/domains/mercourier.com/public_html/wp-content/merc_logs/merc-debug-2026-05-19.log
[19-May-2026 21:07:14 UTC] 🔔 [MERC_LOG] Inicializado logger diario: /home/u727114368/domains/mercourier.com/public_html/wp-content/merc_logs/merc-debug-2026-05-19.log
[19-May-2026 21:08:14 UTC] 🔔 [MERC_LOG] Inicializado logger diario: /home/u727114368/domains/mercourier.com/public_html/wp-content/merc_logs/merc-debug-2026-05-19.log
[19-May-2026 21:08:14 UTC] 🔔 [MERC_LOG] Inicializado logger diario: /home/u727114368/domains/mercourier.com/public_html/wp-content/merc_logs/merc-debug-2026-05-19.log
[19-May-2026 21:10:16 UTC] 🔔 [MERC_LOG] Inicializado logger diario: /home/u727114368/domains/mercourier.com/public_html/wp-content/merc_logs/merc-debug-2026-05-19.log
[19-May-2026 21:10:16 UTC] 🔔 [MERC_LOG] Inicializado logger diario: /home/u727114368/domains/mercourier.com/public_html/wp-content/merc_logs/merc-debug-2026-05-19.log
[19-May-2026 21:12:16 UTC] 🔔 [MERC_LOG] Inicializado logger diario: /home/u727114368/domains/mercourier.com/public_html/wp-content/merc_logs/merc-debug-2026-05-19.log
[19-May-2026 21:12:17 UTC] 🔔 [MERC_LOG] Inicializado logger diario: /home/u727114368/domains/mercourier.com/public_html/wp-content/merc_logs/merc-debug-2026-05-19.log
[19-May-2026 21:13:25 UTC] 🔔 [MERC_LOG] Inicializado logger diario: /home/u727114368/domains/mercourier.com/public_html/wp-content/merc_logs/merc-debug-2026-05-19.log
[19-May-2026 21:13:25 UTC] 🔔 [MERC_LOG] Inicializado logger diario: /home/u727114368/domains/mercourier.com/public_html/wp-content/merc_logs/merc-debug-2026-05-19.log
[19-May-2026 21:14:25 UTC] 🔔 [MERC_LOG] Inicializado logger diario: /home/u727114368/domains/mercourier.com/public_html/wp-content/merc_logs/merc-debug-2026-05-19.log
[19-May-2026 21:14:25 UTC] 🔔 [MERC_LOG] Inicializado logger diario: /home/u727114368/domains/mercourier.com/public_html/wp-content/merc_logs/merc-debug-2026-05-19.log
[19-May-2026 21:15:24 UTC] 🔔 [MERC_LOG] Inicializado logger diario: /home/u727114368/domains/mercourier.com/public_html/wp-content/merc_logs/merc-debug-2026-05-19.log
[19-May-2026 21:15:24 UTC] 🔔 [MERC_LOG] Inicializado logger diario: /home/u727114368/domains/mercourier.com/public_html/wp-content/merc_logs/merc-debug-2026-05-19.log
[19-May-2026 21:16:24 UTC] 🔔 [MERC_LOG] Inicializado logger diario: /home/u727114368/domains/mercourier.com/public_html/wp-content/merc_logs/merc-debug-2026-05-19.log
[19-May-2026 21:16:24 UTC] 🔔 [MERC_LOG] Inicializado logger diario: /home/u727114368/domains/mercourier.com/public_html/wp-content/merc_logs/merc-debug-2026-05-19.log
[19-May-2026 21:17:25 UTC] 🔔 [MERC_LOG] Inicializado logger diario: /home/u727114368/domains/mercourier.com/public_html/wp-content/merc_logs/merc-debug-2026-05-19.log
[19-May-2026 21:17:25 UTC] 🔔 [MERC_LOG] Inicializado logger diario: /home/u727114368/domains/mercourier.com/public_html/wp-content/merc_logs/merc-debug-2026-05-19.log
[19-May-2026 21:18:24 UTC] 🔔 [MERC_LOG] Inicializado logger diario: /home/u727114368/domains/mercourier.com/public_html/wp-content/merc_logs/merc-debug-2026-05-19.log
[19-May-2026 21:18:24 UTC] 🔔 [MERC_LOG] Inicializado logger diario: /home/u727114368/domains/mercourier.com/public_html/wp-content/merc_logs/merc-debug-2026-05-19.log
[19-May-2026 21:19:24 UTC] 🔔 [MERC_LOG] Inicializado logger diario: /home/u727114368/domains/mercourier.com/public_html/wp-content/merc_logs/merc-debug-2026-05-19.log
[19-May-2026 21:19:24 UTC] 🔔 [MERC_LOG] Inicializado logger diario: /home/u727114368/domains/mercourier.com/public_html/wp-content/merc_logs/merc-debug-2026-05-19.log
[19-May-2026 21:20:24 UTC] 🔔 [MERC_LOG] Inicializado logger diario: /home/u727114368/domains/mercourier.com/public_html/wp-content/merc_logs/merc-debug-2026-05-19.log
[19-May-2026 21:20:24 UTC] 🔔 [MERC_LOG] Inicializado logger diario: /home/u727114368/domains/mercourier.com/public_html/wp-content/merc_logs/merc-debug-2026-05-19.log
[19-May-2026 21:21:24 UTC] 🔔 [MERC_LOG] Inicializado logger diario: /home/u727114368/domains/mercourier.com/public_html/wp-content/merc_logs/merc-debug-2026-05-19.log
[19-May-2026 21:21:25 UTC] 🔔 [MERC_LOG] Inicializado logger diario: /home/u727114368/domains/mercourier.com/public_html/wp-content/merc_logs/merc-debug-2026-05-19.log
[19-May-2026 21:22:24 UTC] 🔔 [MERC_LOG] Inicializado logger diario: /home/u727114368/domains/mercourier.com/public_html/wp-content/merc_logs/merc-debug-2026-05-19.log
[19-May-2026 21:22:24 UTC] 🔔 [MERC_LOG] Inicializado logger diario: /home/u727114368/domains/mercourier.com/public_html/wp-content/merc_logs/merc-debug-2026-05-19.log
[19-May-2026 21:23:25 UTC] 🔔 [MERC_LOG] Inicializado logger diario: /home/u727114368/domains/mercourier.com/public_html/wp-content/merc_logs/merc-debug-2026-05-19.log
[19-May-2026 21:23:25 UTC] 🔔 [MERC_LOG] Inicializado logger diario: /home/u727114368/domains/mercourier.com/public_html/wp-content/merc_logs/merc-debug-2026-05-19.log
[19-May-2026 21:24:24 UTC] 🔔 [MERC_LOG] Inicializado logger diario: /home/u727114368/domains/mercourier.com/public_html/wp-content/merc_logs/merc-debug-2026-05-19.log
[19-May-2026 21:24:25 UTC] 🔔 [MERC_LOG] Inicializado logger diario: /home/u727114368/domains/mercourier.com/public_html/wp-content/merc_logs/merc-debug-2026-05-19.log
[19-May-2026 21:27:25 UTC] 🔔 [MERC_LOG] Inicializado logger diario: /home/u727114368/domains/mercourier.com/public_html/wp-content/merc_logs/merc-debug-2026-05-19.log
[19-May-2026 21:27:25 UTC] 🔔 [MERC_LOG] Inicializado logger diario: /home/u727114368/domains/mercourier.com/public_html/wp-content/merc_logs/merc-debug-2026-05-19.log
[19-May-2026 21:29:26 UTC] 🔔 [MERC_LOG] Inicializado logger diario: /home/u727114368/domains/mercourier.com/public_html/wp-content/merc_logs/merc-debug-2026-05-19.log
[19-May-2026 21:29:26 UTC] 🔔 [MERC_LOG] Inicializado logger diario: /home/u727114368/domains/mercourier.com/public_html/wp-content/merc_logs/merc-debug-2026-05-19.log
[19-May-2026 21:37:49 UTC] 🔔 [MERC_LOG] Inicializado logger diario: /home/u727114368/domains/mercourier.com/public_html/wp-content/merc_logs/merc-debug-2026-05-19.log
[19-May-2026 21:37:49 UTC] 🔔 [MERC_LOG] Inicializado logger diario: /home/u727114368/domains/mercourier.com/public_html/wp-content/merc_logs/merc-debug-2026-05-19.log
[19-May-2026 21:38:48 UTC] 🔔 [MERC_LOG] Inicializado logger diario: /home/u727114368/domains/mercourier.com/public_html/wp-content/merc_logs/merc-debug-2026-05-19.log
[19-May-2026 21:38:48 UTC] 🔔 [MERC_LOG] Inicializado logger diario: /home/u727114368/domains/mercourier.com/public_html/wp-content/merc_logs/merc-debug-2026-05-19.log
[19-May-2026 21:39:47 UTC] 🔔 [MERC_LOG] Inicializado logger diario: /home/u727114368/domains/mercourier.com/public_html/wp-content/merc_logs/merc-debug-2026-05-19.log
[19-May-2026 21:39:47 UTC] 🔔 [MERC_LOG] Inicializado logger diario: /home/u727114368/domains/mercourier.com/public_html/wp-content/merc_logs/merc-debug-2026-05-19.log
[19-May-2026 21:40:47 UTC] 🔔 [MERC_LOG] Inicializado logger diario: /home/u727114368/domains/mercourier.com/public_html/wp-content/merc_logs/merc-debug-2026-05-19.log
[19-May-2026 21:40:48 UTC] 🔔 [MERC_LOG] Inicializado logger diario: /home/u727114368/domains/mercourier.com/public_html/wp-content/merc_logs/merc-debug-2026-05-19.log
[19-May-2026 21:41:48 UTC] 🔔 [MERC_LOG] Inicializado logger diario: /home/u727114368/domains/mercourier.com/public_html/wp-content/merc_logs/merc-debug-2026-05-19.log
[19-May-2026 21:41:48 UTC] 🔔 [MERC_LOG] Inicializado logger diario: /home/u727114368/domains/mercourier.com/public_html/wp-content/merc_logs/merc-debug-2026-05-19.log
[19-May-2026 21:42:47 UTC] 🔔 [MERC_LOG] Inicializado logger diario: /home/u727114368/domains/mercourier.com/public_html/wp-content/merc_logs/merc-debug-2026-05-19.log
[19-May-2026 21:42:47 UTC] 🔔 [MERC_LOG] Inicializado logger diario: /home/u727114368/domains/mercourier.com/public_html/wp-content/merc_logs/merc-debug-2026-05-19.log
[19-May-2026 21:43:47 UTC] 🔔 [MERC_LOG] Inicializado logger diario: /home/u727114368/domains/mercourier.com/public_html/wp-content/merc_logs/merc-debug-2026-05-19.log
[19-May-2026 21:43:48 UTC] 🔔 [MERC_LOG] Inicializado logger diario: /home/u727114368/domains/mercourier.com/public_html/wp-content/merc_logs/merc-debug-2026-05-19.log
[19-May-2026 21:44:47 UTC] 🔔 [MERC_LOG] Inicializado logger diario: /home/u727114368/domains/mercourier.com/public_html/wp-content/merc_logs/merc-debug-2026-05-19.log
[19-May-2026 21:44:48 UTC] 🔔 [MERC_LOG] Inicializado logger diario: /home/u727114368/domains/mercourier.com/public_html/wp-content/merc_logs/merc-debug-2026-05-19.log
[19-May-2026 21:45:47 UTC] 🔔 [MERC_LOG] Inicializado logger diario: /home/u727114368/domains/mercourier.com/public_html/wp-content/merc_logs/merc-debug-2026-05-19.log
[19-May-2026 21:45:48 UTC] 🔔 [MERC_LOG] Inicializado logger diario: /home/u727114368/domains/mercourier.com/public_html/wp-content/merc_logs/merc-debug-2026-05-19.log
[19-May-2026 21:46:47 UTC] 🔔 [MERC_LOG] Inicializado logger diario: /home/u727114368/domains/mercourier.com/public_html/wp-content/merc_logs/merc-debug-2026-05-19.log
[19-May-2026 21:46:48 UTC] 🔔 [MERC_LOG] Inicializado logger diario: /home/u727114368/domains/mercourier.com/public_html/wp-content/merc_logs/merc-debug-2026-05-19.log
[19-May-2026 21:47:47 UTC] 🔔 [MERC_LOG] Inicializado logger diario: /home/u727114368/domains/mercourier.com/public_html/wp-content/merc_logs/merc-debug-2026-05-19.log
[19-May-2026 21:47:48 UTC] 🔔 [MERC_LOG] Inicializado logger diario: /home/u727114368/domains/mercourier.com/public_html/wp-content/merc_logs/merc-debug-2026-05-19.log
[19-May-2026 21:48:47 UTC] 🔔 [MERC_LOG] Inicializado logger diario: /home/u727114368/domains/mercourier.com/public_html/wp-content/merc_logs/merc-debug-2026-05-19.log
[19-May-2026 21:48:47 UTC] 🔔 [MERC_LOG] Inicializado logger diario: /home/u727114368/domains/mercourier.com/public_html/wp-content/merc_logs/merc-debug-2026-05-19.log
[19-May-2026 21:49:48 UTC] 🔔 [MERC_LOG] Inicializado logger diario: /home/u727114368/domains/mercourier.com/public_html/wp-content/merc_logs/merc-debug-2026-05-19.log
[19-May-2026 21:49:48 UTC] 🔔 [MERC_LOG] Inicializado logger diario: /home/u727114368/domains/mercourier.com/public_html/wp-content/merc_logs/merc-debug-2026-05-19.log
[19-May-2026 21:50:47 UTC] 🔔 [MERC_LOG] Inicializado logger diario: /home/u727114368/domains/mercourier.com/public_html/wp-content/merc_logs/merc-debug-2026-05-19.log
[19-May-2026 21:50:47 UTC] 🔔 [MERC_LOG] Inicializado logger diario: /home/u727114368/domains/mercourier.com/public_html/wp-content/merc_logs/merc-debug-2026-05-19.log
[19-May-2026 21:51:48 UTC] 🔔 [MERC_LOG] Inicializado logger diario: /home/u727114368/domains/mercourier.com/public_html/wp-content/merc_logs/merc-debug-2026-05-19.log
[19-May-2026 21:51:48 UTC] 🔔 [MERC_LOG] Inicializado logger diario: /home/u727114368/domains/mercourier.com/public_html/wp-content/merc_logs/merc-debug-2026-05-19.log
[19-May-2026 21:52:47 UTC] 🔔 [MERC_LOG] Inicializado logger diario: /home/u727114368/domains/mercourier.com/public_html/wp-content/merc_logs/merc-debug-2026-05-19.log
[19-May-2026 21:52:47 UTC] 🔔 [MERC_LOG] Inicializado logger diario: /home/u727114368/domains/mercourier.com/public_html/wp-content/merc_logs/merc-debug-2026-05-19.log
[19-May-2026 21:53:47 UTC] 🔔 [MERC_LOG] Inicializado logger diario: /home/u727114368/domains/mercourier.com/public_html/wp-content/merc_logs/merc-debug-2026-05-19.log
[19-May-2026 21:53:48 UTC] 🔔 [MERC_LOG] Inicializado logger diario: /home/u727114368/domains/mercourier.com/public_html/wp-content/merc_logs/merc-debug-2026-05-19.log
[19-May-2026 21:54:50 UTC] 🔔 [MERC_LOG] Inicializado logger diario: /home/u727114368/domains/mercourier.com/public_html/wp-content/merc_logs/merc-debug-2026-05-19.log
[19-May-2026 21:54:50 UTC] 🔔 [MERC_LOG] Inicializado logger diario: /home/u727114368/domains/mercourier.com/public_html/wp-content/merc_logs/merc-debug-2026-05-19.log
[19-May-2026 21:55:47 UTC] 🔔 [MERC_LOG] Inicializado logger diario: /home/u727114368/domains/mercourier.com/public_html/wp-content/merc_logs/merc-debug-2026-05-19.log
[19-May-2026 21:55:48 UTC] 🔔 [MERC_LOG] Inicializado logger diario: /home/u727114368/domains/mercourier.com/public_html/wp-content/merc_logs/merc-debug-2026-05-19.log
[19-May-2026 21:56:48 UTC] 🔔 [MERC_LOG] Inicializado logger diario: /home/u727114368/domains/mercourier.com/public_html/wp-content/merc_logs/merc-debug-2026-05-19.log
[19-May-2026 21:56:48 UTC] 🔔 [MERC_LOG] Inicializado logger diario: /home/u727114368/domains/mercourier.com/public_html/wp-content/merc_logs/merc-debug-2026-05-19.log
[19-May-2026 21:57:47 UTC] 🔔 [MERC_LOG] Inicializado logger diario: /home/u727114368/domains/mercourier.com/public_html/wp-content/merc_logs/merc-debug-2026-05-19.log
[19-May-2026 21:57:48 UTC] 🔔 [MERC_LOG] Inicializado logger diario: /home/u727114368/domains/mercourier.com/public_html/wp-content/merc_logs/merc-debug-2026-05-19.log
[19-May-2026 21:58:51 UTC] 🔔 [MERC_LOG] Inicializado logger diario: /home/u727114368/domains/mercourier.com/public_html/wp-content/merc_logs/merc-debug-2026-05-19.log
[19-May-2026 21:58:51 UTC] 🔔 [MERC_LOG] Inicializado logger diario: /home/u727114368/domains/mercourier.com/public_html/wp-content/merc_logs/merc-debug-2026-05-19.log
[19-May-2026 21:59:48 UTC] 🔔 [MERC_LOG] Inicializado logger diario: /home/u727114368/domains/mercourier.com/public_html/wp-content/merc_logs/merc-debug-2026-05-19.log
[19-May-2026 21:59:48 UTC] 🔔 [MERC_LOG] Inicializado logger diario: /home/u727114368/domains/mercourier.com/public_html/wp-content/merc_logs/merc-debug-2026-05-19.log
[19-May-2026 22:00:47 UTC] 🔔 [MERC_LOG] Inicializado logger diario: /home/u727114368/domains/mercourier.com/public_html/wp-content/merc_logs/merc-debug-2026-05-19.log
[19-May-2026 22:00:47 UTC] 🔔 [MERC_LOG] Inicializado logger diario: /home/u727114368/domains/mercourier.com/public_html/wp-content/merc_logs/merc-debug-2026-05-19.log
[19-May-2026 22:01:48 UTC] 🔔 [MERC_LOG] Inicializado logger diario: /home/u727114368/domains/mercourier.com/public_html/wp-content/merc_logs/merc-debug-2026-05-19.log
[19-May-2026 22:01:48 UTC] 🔔 [MERC_LOG] Inicializado logger diario: /home/u727114368/domains/mercourier.com/public_html/wp-content/merc_logs/merc-debug-2026-05-19.log
[19-May-2026 22:02:52 UTC] 🔔 [MERC_LOG] Inicializado logger diario: /home/u727114368/domains/mercourier.com/public_html/wp-content/merc_logs/merc-debug-2026-05-19.log
[19-May-2026 22:02:52 UTC] 🔔 [MERC_LOG] Inicializado logger diario: /home/u727114368/domains/mercourier.com/public_html/wp-content/merc_logs/merc-debug-2026-05-19.log
[19-May-2026 22:03:47 UTC] 🔔 [MERC_LOG] Inicializado logger diario: /home/u727114368/domains/mercourier.com/public_html/wp-content/merc_logs/merc-debug-2026-05-19.log
[19-May-2026 22:03:48 UTC] 🔔 [MERC_LOG] Inicializado logger diario: /home/u727114368/domains/mercourier.com/public_html/wp-content/merc_logs/merc-debug-2026-05-19.log
[19-May-2026 22:04:48 UTC] 🔔 [MERC_LOG] Inicializado logger diario: /home/u727114368/domains/mercourier.com/public_html/wp-content/merc_logs/merc-debug-2026-05-19.log
[19-May-2026 22:04:48 UTC] 🔔 [MERC_LOG] Inicializado logger diario: /home/u727114368/domains/mercourier.com/public_html/wp-content/merc_logs/merc-debug-2026-05-19.log
[19-May-2026 22:05:50 UTC] 🔔 [MERC_LOG] Inicializado logger diario: /home/u727114368/domains/mercourier.com/public_html/wp-content/merc_logs/merc-debug-2026-05-19.log
[19-May-2026 22:05:50 UTC] 🔔 [MERC_LOG] Inicializado logger diario: /home/u727114368/domains/mercourier.com/public_html/wp-content/merc_logs/merc-debug-2026-05-19.log
[19-May-2026 22:06:49 UTC] 🔔 [MERC_LOG] Inicializado logger diario: /home/u727114368/domains/mercourier.com/public_html/wp-content/merc_logs/merc-debug-2026-05-19.log
[19-May-2026 22:06:49 UTC] 🔔 [MERC_LOG] Inicializado logger diario: /home/u727114368/domains/mercourier.com/public_html/wp-content/merc_logs/merc-debug-2026-05-19.log
[19-May-2026 22:07:47 UTC] 🔔 [MERC_LOG] Inicializado logger diario: /home/u727114368/domains/mercourier.com/public_html/wp-content/merc_logs/merc-debug-2026-05-19.log
[19-May-2026 22:07:47 UTC] 🔔 [MERC_LOG] Inicializado logger diario: /home/u727114368/domains/mercourier.com/public_html/wp-content/merc_logs/merc-debug-2026-05-19.log
[19-May-2026 22:07:48 UTC] 🔔 [MERC_LOG] Inicializado logger diario: /home/u727114368/domains/mercourier.com/public_html/wp-content/merc_logs/merc-debug-2026-05-19.log
[19-May-2026 22:08:47 UTC] 🔔 [MERC_LOG] Inicializado logger diario: /home/u727114368/domains/mercourier.com/public_html/wp-content/merc_logs/merc-debug-2026-05-19.log
[19-May-2026 22:08:48 UTC] 🔔 [MERC_LOG] Inicializado logger diario: /home/u727114368/domains/mercourier.com/public_html/wp-content/merc_logs/merc-debug-2026-05-19.log
[19-May-2026 22:09:48 UTC] 🔔 [MERC_LOG] Inicializado logger diario: /home/u727114368/domains/mercourier.com/public_html/wp-content/merc_logs/merc-debug-2026-05-19.log
[19-May-2026 22:09:48 UTC] 🔔 [MERC_LOG] Inicializado logger diario: /home/u727114368/domains/mercourier.com/public_html/wp-content/merc_logs/merc-debug-2026-05-19.log
[19-May-2026 22:10:47 UTC] 🔔 [MERC_LOG] Inicializado logger diario: /home/u727114368/domains/mercourier.com/public_html/wp-content/merc_logs/merc-debug-2026-05-19.log
[19-May-2026 22:10:48 UTC] 🔔 [MERC_LOG] Inicializado logger diario: /home/u727114368/domains/mercourier.com/public_html/wp-content/merc_logs/merc-debug-2026-05-19.log
[19-May-2026 22:11:48 UTC] 🔔 [MERC_LOG] Inicializado logger diario: /home/u727114368/domains/mercourier.com/public_html/wp-content/merc_logs/merc-debug-2026-05-19.log
[19-May-2026 22:11:48 UTC] 🔔 [MERC_LOG] Inicializado logger diario: /home/u727114368/domains/mercourier.com/public_html/wp-content/merc_logs/merc-debug-2026-05-19.log
[19-May-2026 22:12:50 UTC] 🔔 [MERC_LOG] Inicializado logger diario: /home/u727114368/domains/mercourier.com/public_html/wp-content/merc_logs/merc-debug-2026-05-19.log
[19-May-2026 22:12:51 UTC] 🔔 [MERC_LOG] Inicializado logger diario: /home/u727114368/domains/mercourier.com/public_html/wp-content/merc_logs/merc-debug-2026-05-19.log
[19-May-2026 22:13:47 UTC] 🔔 [MERC_LOG] Inicializado logger diario: /home/u727114368/domains/mercourier.com/public_html/wp-content/merc_logs/merc-debug-2026-05-19.log
[19-May-2026 22:13:48 UTC] 🔔 [MERC_LOG] Inicializado logger diario: /home/u727114368/domains/mercourier.com/public_html/wp-content/merc_logs/merc-debug-2026-05-19.log
[19-May-2026 22:14:48 UTC] 🔔 [MERC_LOG] Inicializado logger diario: /home/u727114368/domains/mercourier.com/public_html/wp-content/merc_logs/merc-debug-2026-05-19.log
[19-May-2026 22:14:48 UTC] 🔔 [MERC_LOG] Inicializado logger diario: /home/u727114368/domains/mercourier.com/public_html/wp-content/merc_logs/merc-debug-2026-05-19.log
[19-May-2026 22:15:48 UTC] 🔔 [MERC_LOG] Inicializado logger diario: /home/u727114368/domains/mercourier.com/public_html/wp-content/merc_logs/merc-debug-2026-05-19.log
[19-May-2026 22:15:48 UTC] 🔔 [MERC_LOG] Inicializado logger diario: /home/u727114368/domains/mercourier.com/public_html/wp-content/merc_logs/merc-debug-2026-05-19.log
[19-May-2026 22:16:48 UTC] 🔔 [MERC_LOG] Inicializado logger diario: /home/u727114368/domains/mercourier.com/public_html/wp-content/merc_logs/merc-debug-2026-05-19.log
[19-May-2026 22:16:48 UTC] 🔔 [MERC_LOG] Inicializado logger diario: /home/u727114368/domains/mercourier.com/public_html/wp-content/merc_logs/merc-debug-2026-05-19.log
[19-May-2026 22:17:47 UTC] 🔔 [MERC_LOG] Inicializado logger diario: /home/u727114368/domains/mercourier.com/public_html/wp-content/merc_logs/merc-debug-2026-05-19.log
[19-May-2026 22:17:48 UTC] 🔔 [MERC_LOG] Inicializado logger diario: /home/u727114368/domains/mercourier.com/public_html/wp-content/merc_logs/merc-debug-2026-05-19.log
[19-May-2026 22:18:48 UTC] 🔔 [MERC_LOG] Inicializado logger diario: /home/u727114368/domains/mercourier.com/public_html/wp-content/merc_logs/merc-debug-2026-05-19.log
[19-May-2026 22:18:48 UTC] 🔔 [MERC_LOG] Inicializado logger diario: /home/u727114368/domains/mercourier.com/public_html/wp-content/merc_logs/merc-debug-2026-05-19.log
[19-May-2026 22:19:48 UTC] 🔔 [MERC_LOG] Inicializado logger diario: /home/u727114368/domains/mercourier.com/public_html/wp-content/merc_logs/merc-debug-2026-05-19.log
[19-May-2026 22:19:48 UTC] 🔔 [MERC_LOG] Inicializado logger diario: /home/u727114368/domains/mercourier.com/public_html/wp-content/merc_logs/merc-debug-2026-05-19.log
[19-May-2026 22:20:48 UTC] 🔔 [MERC_LOG] Inicializado logger diario: /home/u727114368/domains/mercourier.com/public_html/wp-content/merc_logs/merc-debug-2026-05-19.log
[19-May-2026 22:20:48 UTC] 🔔 [MERC_LOG] Inicializado logger diario: /home/u727114368/domains/mercourier.com/public_html/wp-content/merc_logs/merc-debug-2026-05-19.log
[19-May-2026 22:21:49 UTC] 🔔 [MERC_LOG] Inicializado logger diario: /home/u727114368/domains/mercourier.com/public_html/wp-content/merc_logs/merc-debug-2026-05-19.log
[19-May-2026 22:21:50 UTC] 🔔 [MERC_LOG] Inicializado logger diario: /home/u727114368/domains/mercourier.com/public_html/wp-content/merc_logs/merc-debug-2026-05-19.log
[19-May-2026 22:22:48 UTC] 🔔 [MERC_LOG] Inicializado logger diario: /home/u727114368/domains/mercourier.com/public_html/wp-content/merc_logs/merc-debug-2026-05-19.log
[19-May-2026 22:22:48 UTC] 🔔 [MERC_LOG] Inicializado logger diario: /home/u727114368/domains/mercourier.com/public_html/wp-content/merc_logs/merc-debug-2026-05-19.log
[19-May-2026 22:23:49 UTC] 🔔 [MERC_LOG] Inicializado logger diario: /home/u727114368/domains/mercourier.com/public_html/wp-content/merc_logs/merc-debug-2026-05-19.log
[19-May-2026 22:23:49 UTC] 🔔 [MERC_LOG] Inicializado logger diario: /home/u727114368/domains/mercourier.com/public_html/wp-content/merc_logs/merc-debug-2026-05-19.log
[19-May-2026 22:24:48 UTC] 🔔 [MERC_LOG] Inicializado logger diario: /home/u727114368/domains/mercourier.com/public_html/wp-content/merc_logs/merc-debug-2026-05-19.log
[19-May-2026 22:24:48 UTC] 🔔 [MERC_LOG] Inicializado logger diario: /home/u727114368/domains/mercourier.com/public_html/wp-content/merc_logs/merc-debug-2026-05-19.log
[19-May-2026 22:25:49 UTC] 🔔 [MERC_LOG] Inicializado logger diario: /home/u727114368/domains/mercourier.com/public_html/wp-content/merc_logs/merc-debug-2026-05-19.log
[19-May-2026 22:25:49 UTC] 🔔 [MERC_LOG] Inicializado logger diario: /home/u727114368/domains/mercourier.com/public_html/wp-content/merc_logs/merc-debug-2026-05-19.log
[19-May-2026 22:26:48 UTC] 🔔 [MERC_LOG] Inicializado logger diario: /home/u727114368/domains/mercourier.com/public_html/wp-content/merc_logs/merc-debug-2026-05-19.log
[19-May-2026 22:26:48 UTC] 🔔 [MERC_LOG] Inicializado logger diario: /home/u727114368/domains/mercourier.com/public_html/wp-content/merc_logs/merc-debug-2026-05-19.log
[19-May-2026 22:27:51 UTC] 🔔 [MERC_LOG] Inicializado logger diario: /home/u727114368/domains/mercourier.com/public_html/wp-content/merc_logs/merc-debug-2026-05-19.log
[19-May-2026 22:27:52 UTC] 🔔 [MERC_LOG] Inicializado logger diario: /home/u727114368/domains/mercourier.com/public_html/wp-content/merc_logs/merc-debug-2026-05-19.log
[19-May-2026 22:29:14 UTC] 🔔 [MERC_LOG] Inicializado logger diario: /home/u727114368/domains/mercourier.com/public_html/wp-content/merc_logs/merc-debug-2026-05-19.log
[19-May-2026 22:29:14 UTC] 🔔 [MERC_LOG] Inicializado logger diario: /home/u727114368/domains/mercourier.com/public_html/wp-content/merc_logs/merc-debug-2026-05-19.log
[19-May-2026 22:29:49 UTC] 🔔 [MERC_LOG] Inicializado logger diario: /home/u727114368/domains/mercourier.com/public_html/wp-content/merc_logs/merc-debug-2026-05-19.log
[19-May-2026 22:29:49 UTC] 🔔 [MERC_LOG] Inicializado logger diario: /home/u727114368/domains/mercourier.com/public_html/wp-content/merc_logs/merc-debug-2026-05-19.log
[19-May-2026 22:31:50 UTC] 🔔 [MERC_LOG] Inicializado logger diario: /home/u727114368/domains/mercourier.com/public_html/wp-content/merc_logs/merc-debug-2026-05-19.log
[19-May-2026 22:31:51 UTC] 🔔 [MERC_LOG] Inicializado logger diario: /home/u727114368/domains/mercourier.com/public_html/wp-content/merc_logs/merc-debug-2026-05-19.log
[19-May-2026 22:32:50 UTC] 🔔 [MERC_LOG] Inicializado logger diario: /home/u727114368/domains/mercourier.com/public_html/wp-content/merc_logs/merc-debug-2026-05-19.log
[19-May-2026 22:32:50 UTC] 🔔 [MERC_LOG] Inicializado logger diario: /home/u727114368/domains/mercourier.com/public_html/wp-content/merc_logs/merc-debug-2026-05-19.log
[19-May-2026 22:33:51 UTC] 🔔 [MERC_LOG] Inicializado logger diario: /home/u727114368/domains/mercourier.com/public_html/wp-content/merc_logs/merc-debug-2026-05-19.log
[19-May-2026 22:33:51 UTC] 🔔 [MERC_LOG] Inicializado logger diario: /home/u727114368/domains/mercourier.com/public_html/wp-content/merc_logs/merc-debug-2026-05-19.log
[19-May-2026 22:34:50 UTC] 🔔 [MERC_LOG] Inicializado logger diario: /home/u727114368/domains/mercourier.com/public_html/wp-content/merc_logs/merc-debug-2026-05-19.log
[19-May-2026 22:34:51 UTC] 🔔 [MERC_LOG] Inicializado logger diario: /home/u727114368/domains/mercourier.com/public_html/wp-content/merc_logs/merc-debug-2026-05-19.log
[19-May-2026 22:35:50 UTC] 🔔 [MERC_LOG] Inicializado logger diario: /home/u727114368/domains/mercourier.com/public_html/wp-content/merc_logs/merc-debug-2026-05-19.log
[19-May-2026 22:35:50 UTC] 🔔 [MERC_LOG] Inicializado logger diario: /home/u727114368/domains/mercourier.com/public_html/wp-content/merc_logs/merc-debug-2026-05-19.log
[19-May-2026 22:37:56 UTC] 🔔 [MERC_LOG] Inicializado logger diario: /home/u727114368/domains/mercourier.com/public_html/wp-content/merc_logs/merc-debug-2026-05-19.log
[19-May-2026 22:37:57 UTC] 🔔 [MERC_LOG] Inicializado logger diario: /home/u727114368/domains/mercourier.com/public_html/wp-content/merc_logs/merc-debug-2026-05-19.log
[19-May-2026 22:39:54 UTC] 🔔 [MERC_LOG] Inicializado logger diario: /home/u727114368/domains/mercourier.com/public_html/wp-content/merc_logs/merc-debug-2026-05-19.log
[19-May-2026 22:39:54 UTC] 🔔 [MERC_LOG] Inicializado logger diario: /home/u727114368/domains/mercourier.com/public_html/wp-content/merc_logs/merc-debug-2026-05-19.log
[19-May-2026 22:41:53 UTC] 🔔 [MERC_LOG] Inicializado logger diario: /home/u727114368/domains/mercourier.com/public_html/wp-content/merc_logs/merc-debug-2026-05-19.log
[19-May-2026 22:41:54 UTC] 🔔 [MERC_LOG] Inicializado logger diario: /home/u727114368/domains/mercourier.com/public_html/wp-content/merc_logs/merc-debug-2026-05-19.log
[19-May-2026 22:43:54 UTC] 🔔 [MERC_LOG] Inicializado logger diario: /home/u727114368/domains/mercourier.com/public_html/wp-content/merc_logs/merc-debug-2026-05-19.log
[19-May-2026 22:43:55 UTC] 🔔 [MERC_LOG] Inicializado logger diario: /home/u727114368/domains/mercourier.com/public_html/wp-content/merc_logs/merc-debug-2026-05-19.log
[19-May-2026 22:45:08 UTC] 🔔 [MERC_LOG] Inicializado logger diario: /home/u727114368/domains/mercourier.com/public_html/wp-content/merc_logs/merc-debug-2026-05-19.log
[19-May-2026 22:45:08 UTC] 🔔 [MERC_LOG] Inicializado logger diario: /home/u727114368/domains/mercourier.com/public_html/wp-content/merc_logs/merc-debug-2026-05-19.log
[19-May-2026 22:46:10 UTC] 🔔 [MERC_LOG] Inicializado logger diario: /home/u727114368/domains/mercourier.com/public_html/wp-content/merc_logs/merc-debug-2026-05-19.log
[19-May-2026 22:46:10 UTC] 🔔 [MERC_LOG] Inicializado logger diario: /home/u727114368/domains/mercourier.com/public_html/wp-content/merc_logs/merc-debug-2026-05-19.log
[19-May-2026 22:48:10 UTC] 🔔 [MERC_LOG] Inicializado logger diario: /home/u727114368/domains/mercourier.com/public_html/wp-content/merc_logs/merc-debug-2026-05-19.log
[19-May-2026 22:48:10 UTC] 🔔 [MERC_LOG] Inicializado logger diario: /home/u727114368/domains/mercourier.com/public_html/wp-content/merc_logs/merc-debug-2026-05-19.log
[19-May-2026 22:50:09 UTC] 🔔 [MERC_LOG] Inicializado logger diario: /home/u727114368/domains/mercourier.com/public_html/wp-content/merc_logs/merc-debug-2026-05-19.log
[19-May-2026 22:50:09 UTC] 🔔 [MERC_LOG] Inicializado logger diario: /home/u727114368/domains/mercourier.com/public_html/wp-content/merc_logs/merc-debug-2026-05-19.log
[19-May-2026 22:52:10 UTC] 🔔 [MERC_LOG] Inicializado logger diario: /home/u727114368/domains/mercourier.com/public_html/wp-content/merc_logs/merc-debug-2026-05-19.log
[19-May-2026 22:52:10 UTC] 🔔 [MERC_LOG] Inicializado logger diario: /home/u727114368/domains/mercourier.com/public_html/wp-content/merc_logs/merc-debug-2026-05-19.log
[19-May-2026 22:56:08 UTC] 🔔 [MERC_LOG] Inicializado logger diario: /home/u727114368/domains/mercourier.com/public_html/wp-content/merc_logs/merc-debug-2026-05-19.log
[19-May-2026 22:56:08 UTC] 🔔 [MERC_LOG] Inicializado logger diario: /home/u727114368/domains/mercourier.com/public_html/wp-content/merc_logs/merc-debug-2026-05-19.log
[19-May-2026 22:57:07 UTC] 🔔 [MERC_LOG] Inicializado logger diario: /home/u727114368/domains/mercourier.com/public_html/wp-content/merc_logs/merc-debug-2026-05-19.log
[19-May-2026 22:57:07 UTC] 🔔 [MERC_LOG] Inicializado logger diario: /home/u727114368/domains/mercourier.com/public_html/wp-content/merc_logs/merc-debug-2026-05-19.log
[19-May-2026 22:58:12 UTC] 🔔 [MERC_LOG] Inicializado logger diario: /home/u727114368/domains/mercourier.com/public_html/wp-content/merc_logs/merc-debug-2026-05-19.log
[19-May-2026 22:58:12 UTC] 🔔 [MERC_LOG] Inicializado logger diario: /home/u727114368/domains/mercourier.com/public_html/wp-content/merc_logs/merc-debug-2026-05-19.log
[19-May-2026 22:59:08 UTC] 🔔 [MERC_LOG] Inicializado logger diario: /home/u727114368/domains/mercourier.com/public_html/wp-content/merc_logs/merc-debug-2026-05-19.log
[19-May-2026 22:59:08 UTC] 🔔 [MERC_LOG] Inicializado logger diario: /home/u727114368/domains/mercourier.com/public_html/wp-content/merc_logs/merc-debug-2026-05-19.log
[19-May-2026 23:01:13 UTC] 🔔 [MERC_LOG] Inicializado logger diario: /home/u727114368/domains/mercourier.com/public_html/wp-content/merc_logs/merc-debug-2026-05-19.log
[19-May-2026 23:01:13 UTC] 🔔 [MERC_LOG] Inicializado logger diario: /home/u727114368/domains/mercourier.com/public_html/wp-content/merc_logs/merc-debug-2026-05-19.log
[19-May-2026 23:04:09 UTC] 🔔 [MERC_LOG] Inicializado logger diario: /home/u727114368/domains/mercourier.com/public_html/wp-content/merc_logs/merc-debug-2026-05-19.log
[19-May-2026 23:04:09 UTC] 🔔 [MERC_LOG] Inicializado logger diario: /home/u727114368/domains/mercourier.com/public_html/wp-content/merc_logs/merc-debug-2026-05-19.log
[19-May-2026 23:04:10 UTC] 🔔 [MERC_LOG] Inicializado logger diario: /home/u727114368/domains/mercourier.com/public_html/wp-content/merc_logs/merc-debug-2026-05-19.log
[19-May-2026 23:28:29 UTC] 🔔 [MERC_LOG] Inicializado logger diario: /home/u727114368/domains/mercourier.com/public_html/wp-content/merc_logs/merc-debug-2026-05-19.log
[19-May-2026 23:28:30 UTC] 🔔 [MERC_LOG] Inicializado logger diario: /home/u727114368/domains/mercourier.com/public_html/wp-content/merc_logs/merc-debug-2026-05-19.log
[19-May-2026 23:28:42 UTC] 🔔 [MERC_LOG] Inicializado logger diario: /home/u727114368/domains/mercourier.com/public_html/wp-content/merc_logs/merc-debug-2026-05-19.log
[19-May-2026 23:28:42 UTC] 🔔 [MERC_LOG] Inicializado logger diario: /home/u727114368/domains/mercourier.com/public_html/wp-content/merc_logs/merc-debug-2026-05-19.log
[19-May-2026 23:28:43 UTC] 🔔 [MERC_LOG] Inicializado logger diario: /home/u727114368/domains/mercourier.com/public_html/wp-content/merc_logs/merc-debug-2026-05-19.log
[19-May-2026 23:28:50 UTC] 🔔 [MERC_LOG] Inicializado logger diario: /home/u727114368/domains/mercourier.com/public_html/wp-content/merc_logs/merc-debug-2026-05-19.log
[19-May-2026 23:28:52 UTC] 🔔 [MERC_LOG] Inicializado logger diario: /home/u727114368/domains/mercourier.com/public_html/wp-content/merc_logs/merc-debug-2026-05-19.log
[19-May-2026 23:29:20 UTC] 🔔 [MERC_LOG] Inicializado logger diario: /home/u727114368/domains/mercourier.com/public_html/wp-content/merc_logs/merc-debug-2026-05-19.log
[19-May-2026 23:29:23 UTC] 🔔 [MERC_LOG] Inicializado logger diario: /home/u727114368/domains/mercourier.com/public_html/wp-content/merc_logs/merc-debug-2026-05-19.log
[19-May-2026 23:29:24 UTC] 🔔 [MERC_LOG] Inicializado logger diario: /home/u727114368/domains/mercourier.com/public_html/wp-content/merc_logs/merc-debug-2026-05-19.log
[19-May-2026 23:29:24 UTC] 🔔 [MERC_LOG] Inicializado logger diario: /home/u727114368/domains/mercourier.com/public_html/wp-content/merc_logs/merc-debug-2026-05-19.log
[19-May-2026 23:29:29 UTC] 🔔 [MERC_LOG] Inicializado logger diario: /home/u727114368/domains/mercourier.com/public_html/wp-content/merc_logs/merc-debug-2026-05-19.log
[19-May-2026 23:30:24 UTC] 🔔 [MERC_LOG] Inicializado logger diario: /home/u727114368/domains/mercourier.com/public_html/wp-content/merc_logs/merc-debug-2026-05-19.log
[19-May-2026 23:30:24 UTC] 🔔 [MERC_LOG] Inicializado logger diario: /home/u727114368/domains/mercourier.com/public_html/wp-content/merc_logs/merc-debug-2026-05-19.log
[19-May-2026 23:30:30 UTC] 🔔 [MERC_LOG] Inicializado logger diario: /home/u727114368/domains/mercourier.com/public_html/wp-content/merc_logs/merc-debug-2026-05-19.log
[19-May-2026 23:31:24 UTC] 🔔 [MERC_LOG] Inicializado logger diario: /home/u727114368/domains/mercourier.com/public_html/wp-content/merc_logs/merc-debug-2026-05-19.log
[19-May-2026 23:31:24 UTC] 🔔 [MERC_LOG] Inicializado logger diario: /home/u727114368/domains/mercourier.com/public_html/wp-content/merc_logs/merc-debug-2026-05-19.log
[19-May-2026 23:32:38 UTC] 🔔 [MERC_LOG] Inicializado logger diario: /home/u727114368/domains/mercourier.com/public_html/wp-content/merc_logs/merc-debug-2026-05-19.log
[19-May-2026 23:32:38 UTC] 🔔 [MERC_LOG] Inicializado logger diario: /home/u727114368/domains/mercourier.com/public_html/wp-content/merc_logs/merc-debug-2026-05-19.log
[19-May-2026 23:33:26 UTC] 🔔 [MERC_LOG] Inicializado logger diario: /home/u727114368/domains/mercourier.com/public_html/wp-content/merc_logs/merc-debug-2026-05-19.log
[19-May-2026 23:35:28 UTC] 🔔 [MERC_LOG] Inicializado logger diario: /home/u727114368/domains/mercourier.com/public_html/wp-content/merc_logs/merc-debug-2026-05-19.log
[19-May-2026 23:35:28 UTC] 🔔 [MERC_LOG] Inicializado logger diario: /home/u727114368/domains/mercourier.com/public_html/wp-content/merc_logs/merc-debug-2026-05-19.log
[19-May-2026 23:36:53 UTC] 🔔 [MERC_LOG] Inicializado logger diario: /home/u727114368/domains/mercourier.com/public_html/wp-content/merc_logs/merc-debug-2026-05-19.log
[19-May-2026 23:36:53 UTC] 🔔 [MERC_LOG] Inicializado logger diario: /home/u727114368/domains/mercourier.com/public_html/wp-content/merc_logs/merc-debug-2026-05-19.log
[19-May-2026 23:37:01 UTC] 🔔 [MERC_LOG] Inicializado logger diario: /home/u727114368/domains/mercourier.com/public_html/wp-content/merc_logs/merc-debug-2026-05-19.log
[19-May-2026 23:37:06 UTC] 🔔 [MERC_LOG] Inicializado logger diario: /home/u727114368/domains/mercourier.com/public_html/wp-content/merc_logs/merc-debug-2026-05-19.log
[19-May-2026 23:37:07 UTC] 🔔 [MERC_LOG] Inicializado logger diario: /home/u727114368/domains/mercourier.com/public_html/wp-content/merc_logs/merc-debug-2026-05-19.log
[19-May-2026 23:37:08 UTC] 🔔 [MERC_LOG] Inicializado logger diario: /home/u727114368/domains/mercourier.com/public_html/wp-content/merc_logs/merc-debug-2026-05-19.log
[19-May-2026 23:44:38 UTC] 🔔 [MERC_LOG] Inicializado logger diario: /home/u727114368/domains/mercourier.com/public_html/wp-content/merc_logs/merc-debug-2026-05-19.log
[19-May-2026 23:44:38 UTC] 🔔 [MERC_LOG] Inicializado logger diario: /home/u727114368/domains/mercourier.com/public_html/wp-content/merc_logs/merc-debug-2026-05-19.log
[19-May-2026 23:45:49 UTC] 🔔 [MERC_LOG] Inicializado logger diario: /home/u727114368/domains/mercourier.com/public_html/wp-content/merc_logs/merc-debug-2026-05-19.log
[19-May-2026 23:45:49 UTC] 🔔 [MERC_LOG] Inicializado logger diario: /home/u727114368/domains/mercourier.com/public_html/wp-content/merc_logs/merc-debug-2026-05-19.log
[19-May-2026 23:46:37 UTC] 🔔 [MERC_LOG] Inicializado logger diario: /home/u727114368/domains/mercourier.com/public_html/wp-content/merc_logs/merc-debug-2026-05-19.log
[19-May-2026 23:46:38 UTC] 🔔 [MERC_LOG] Inicializado logger diario: /home/u727114368/domains/mercourier.com/public_html/wp-content/merc_logs/merc-debug-2026-05-19.log
[19-May-2026 23:46:38 UTC] 🔔 [MERC_LOG] Inicializado logger diario: /home/u727114368/domains/mercourier.com/public_html/wp-content/merc_logs/merc-debug-2026-05-19.log
[19-May-2026 23:46:45 UTC] 🔔 [MERC_LOG] Inicializado logger diario: /home/u727114368/domains/mercourier.com/public_html/wp-content/merc_logs/merc-debug-2026-05-19.log
[19-May-2026 23:46:48 UTC] 🔔 [MERC_LOG] Inicializado logger diario: /home/u727114368/domains/mercourier.com/public_html/wp-content/merc_logs/merc-debug-2026-05-19.log
[19-May-2026 23:46:49 UTC] 🔔 [MERC_LOG] Inicializado logger diario: /home/u727114368/domains/mercourier.com/public_html/wp-content/merc_logs/merc-debug-2026-05-19.log
[19-May-2026 23:46:52 UTC] 🔔 [MERC_LOG] Inicializado logger diario: /home/u727114368/domains/mercourier.com/public_html/wp-content/merc_logs/merc-debug-2026-05-19.log
[19-May-2026 23:46:55 UTC] 🔔 [MERC_LOG] Inicializado logger diario: /home/u727114368/domains/mercourier.com/public_html/wp-content/merc_logs/merc-debug-2026-05-19.log
[19-May-2026 23:46:55 UTC] 🔔 [MERC_LOG] Inicializado logger diario: /home/u727114368/domains/mercourier.com/public_html/wp-content/merc_logs/merc-debug-2026-05-19.log
[19-May-2026 23:46:56 UTC] 🔔 [MERC_LOG] Inicializado logger diario: /home/u727114368/domains/mercourier.com/public_html/wp-content/merc_logs/merc-debug-2026-05-19.log
[19-May-2026 23:46:56 UTC] 🔔 [MERC_LOG] Inicializado logger diario: /home/u727114368/domains/mercourier.com/public_html/wp-content/merc_logs/merc-debug-2026-05-19.log
[19-May-2026 23:47:09 UTC] 🔔 [MERC_LOG] Inicializado logger diario: /home/u727114368/domains/mercourier.com/public_html/wp-content/merc_logs/merc-debug-2026-05-19.log
[19-May-2026 23:47:09 UTC] 🔔 [MERC_LOG] Inicializado logger diario: /home/u727114368/domains/mercourier.com/public_html/wp-content/merc_logs/merc-debug-2026-05-19.log
[19-May-2026 23:47:56 UTC] 🔔 [MERC_LOG] Inicializado logger diario: /home/u727114368/domains/mercourier.com/public_html/wp-content/merc_logs/merc-debug-2026-05-19.log
[19-May-2026 23:47:56 UTC] 🔔 [MERC_LOG] Inicializado logger diario: /home/u727114368/domains/mercourier.com/public_html/wp-content/merc_logs/merc-debug-2026-05-19.log
[19-May-2026 23:48:09 UTC] 🔔 [MERC_LOG] Inicializado logger diario: /home/u727114368/domains/mercourier.com/public_html/wp-content/merc_logs/merc-debug-2026-05-19.log
[19-May-2026 23:48:56 UTC] 🔔 [MERC_LOG] Inicializado logger diario: /home/u727114368/domains/mercourier.com/public_html/wp-content/merc_logs/merc-debug-2026-05-19.log
[19-May-2026 23:48:56 UTC] 🔔 [MERC_LOG] Inicializado logger diario: /home/u727114368/domains/mercourier.com/public_html/wp-content/merc_logs/merc-debug-2026-05-19.log
[19-May-2026 23:49:19 UTC] 🔔 [MERC_LOG] Inicializado logger diario: /home/u727114368/domains/mercourier.com/public_html/wp-content/merc_logs/merc-debug-2026-05-19.log
[19-May-2026 23:49:56 UTC] 🔔 [MERC_LOG] Inicializado logger diario: /home/u727114368/domains/mercourier.com/public_html/wp-content/merc_logs/merc-debug-2026-05-19.log
[19-May-2026 23:49:56 UTC] 🔔 [MERC_LOG] Inicializado logger diario: /home/u727114368/domains/mercourier.com/public_html/wp-content/merc_logs/merc-debug-2026-05-19.log
[19-May-2026 23:50:07 UTC] 🔔 [MERC_LOG] Inicializado logger diario: /home/u727114368/domains/mercourier.com/public_html/wp-content/merc_logs/merc-debug-2026-05-19.log
[19-May-2026 23:50:56 UTC] 🔔 [MERC_LOG] Inicializado logger diario: /home/u727114368/domains/mercourier.com/public_html/wp-content/merc_logs/merc-debug-2026-05-19.log
[19-May-2026 23:50:56 UTC] 🔔 [MERC_LOG] Inicializado logger diario: /home/u727114368/domains/mercourier.com/public_html/wp-content/merc_logs/merc-debug-2026-05-19.log
[19-May-2026 23:51:56 UTC] 🔔 [MERC_LOG] Inicializado logger diario: /home/u727114368/domains/mercourier.com/public_html/wp-content/merc_logs/merc-debug-2026-05-19.log
[19-May-2026 23:51:57 UTC] 🔔 [MERC_LOG] Inicializado logger diario: /home/u727114368/domains/mercourier.com/public_html/wp-content/merc_logs/merc-debug-2026-05-19.log
[19-May-2026 23:52:22 UTC] 🔔 [MERC_LOG] Inicializado logger diario: /home/u727114368/domains/mercourier.com/public_html/wp-content/merc_logs/merc-debug-2026-05-19.log
[19-May-2026 23:52:22 UTC] 🔔 [MERC_LOG] Inicializado logger diario: /home/u727114368/domains/mercourier.com/public_html/wp-content/merc_logs/merc-debug-2026-05-19.log
