[26-Mar-2026 04:30:20 UTC] 🔔 [MERC_LOG] Inicializado logger diario: /home/u727114368/domains/mercourier.com/public_html/wp-content/merc_logs/merc-debug-2026-03-26.log
[26-Mar-2026 04:30:20 UTC] 🌅 [RESETEO DIARIO AUTOMÁTICO] Ejecutado para 2026-03-25
[26-Mar-2026 15:39:02 UTC] 🔔 [MERC_LOG] Inicializado logger diario: /home/u727114368/domains/mercourier.com/public_html/wp-content/merc_logs/merc-debug-2026-03-26.log
[26-Mar-2026 15:39:03 UTC] 🌅 [RESETEO DIARIO AUTOMÁTICO] Ejecutado para 2026-03-26
[26-Mar-2026 15:39:03 UTC] 🔔 [MERC_LOG] Inicializado logger diario: /home/u727114368/domains/mercourier.com/public_html/wp-content/merc_logs/merc-debug-2026-03-26.log
[26-Mar-2026 15:39:05 UTC] [merc_handle_shipment_deleted] limpiando referencias para envio 6475
[26-Mar-2026 15:39:05 UTC] [merc_handle_shipment_deleted] limpiando referencias para envio 6475
[26-Mar-2026 15:39:05 UTC] [merc_handle_shipment_deleted] limpiando referencias para envio 6476
[26-Mar-2026 15:39:05 UTC] [merc_handle_shipment_deleted] limpiando referencias para envio 6476
[26-Mar-2026 15:39:05 UTC] [merc_handle_shipment_deleted] limpiando referencias para envio 6477
[26-Mar-2026 15:39:05 UTC] [merc_handle_shipment_deleted] limpiando referencias para envio 6477
[26-Mar-2026 15:39:05 UTC] [merc_handle_shipment_deleted] limpiando referencias para envio 6474
[26-Mar-2026 15:39:05 UTC] [merc_handle_shipment_deleted] limpiando referencias para envio 6474
[26-Mar-2026 15:39:05 UTC] [merc_handle_shipment_deleted] limpiando referencias para envio 6470
[26-Mar-2026 15:39:05 UTC] [merc_handle_shipment_deleted] limpiando referencias para envio 6470
[26-Mar-2026 15:39:05 UTC] [merc_handle_shipment_deleted] limpiando referencias para envio 6471
[26-Mar-2026 15:39:05 UTC] [merc_handle_shipment_deleted] limpiando referencias para envio 6471
[26-Mar-2026 15:39:05 UTC] [merc_handle_shipment_deleted] limpiando referencias para envio 6472
[26-Mar-2026 15:39:05 UTC] [merc_handle_shipment_deleted] limpiando referencias para envio 6472
[26-Mar-2026 15:39:05 UTC] [merc_handle_shipment_deleted] limpiando referencias para envio 6473
[26-Mar-2026 15:39:05 UTC] [merc_handle_shipment_deleted] limpiando referencias para envio 6473
[26-Mar-2026 15:39:05 UTC] [merc_handle_shipment_deleted] limpiando referencias para envio 6466
[26-Mar-2026 15:39:05 UTC] [merc_handle_shipment_deleted] limpiando referencias para envio 6466
[26-Mar-2026 15:39:05 UTC] [merc_handle_shipment_deleted] limpiando referencias para envio 6467
[26-Mar-2026 15:39:05 UTC] [merc_handle_shipment_deleted] limpiando referencias para envio 6467
[26-Mar-2026 15:39:05 UTC] [merc_handle_shipment_deleted] limpiando referencias para envio 6468
[26-Mar-2026 15:39:05 UTC] [merc_handle_shipment_deleted] limpiando referencias para envio 6468
[26-Mar-2026 15:39:05 UTC] [merc_handle_shipment_deleted] limpiando referencias para envio 6469
[26-Mar-2026 15:39:05 UTC] [merc_handle_shipment_deleted] limpiando referencias para envio 6469
[26-Mar-2026 15:39:05 UTC] [merc_handle_shipment_deleted] limpiando referencias para envio 6462
[26-Mar-2026 15:39:05 UTC] [merc_handle_shipment_deleted] limpiando referencias para envio 6462
[26-Mar-2026 15:39:05 UTC] [merc_handle_shipment_deleted] limpiando referencias para envio 6463
[26-Mar-2026 15:39:05 UTC] [merc_handle_shipment_deleted] limpiando referencias para envio 6463
[26-Mar-2026 15:39:05 UTC] [merc_handle_shipment_deleted] limpiando referencias para envio 6464
[26-Mar-2026 15:39:06 UTC] [merc_handle_shipment_deleted] limpiando referencias para envio 6464
[26-Mar-2026 15:39:06 UTC] [merc_handle_shipment_deleted] limpiando referencias para envio 6465
[26-Mar-2026 15:39:06 UTC] [merc_handle_shipment_deleted] limpiando referencias para envio 6465
[26-Mar-2026 15:39:06 UTC] [merc_handle_shipment_deleted] limpiando referencias para envio 6522
[26-Mar-2026 15:39:06 UTC] [merc_handle_shipment_deleted] limpiando referencias para envio 6522
[26-Mar-2026 15:39:06 UTC] [merc_handle_shipment_deleted] limpiando referencias para envio 6519
[26-Mar-2026 15:39:06 UTC] [merc_handle_shipment_deleted] limpiando referencias para envio 6519
[26-Mar-2026 15:39:06 UTC] [merc_handle_shipment_deleted] limpiando referencias para envio 6517
[26-Mar-2026 15:39:06 UTC] [merc_handle_shipment_deleted] limpiando referencias para envio 6517
[26-Mar-2026 15:39:06 UTC] [merc_handle_shipment_deleted] limpiando referencias para envio 6534
[26-Mar-2026 15:39:06 UTC] [merc_handle_shipment_deleted] limpiando referencias para envio 6534
[26-Mar-2026 15:39:06 UTC] [merc_handle_shipment_deleted] limpiando referencias para envio 6533
[26-Mar-2026 15:39:06 UTC] [merc_handle_shipment_deleted] limpiando referencias para envio 6533
[26-Mar-2026 15:39:06 UTC] [merc_handle_shipment_deleted] limpiando referencias para envio 6529
[26-Mar-2026 15:39:06 UTC] [merc_handle_shipment_deleted] limpiando referencias para envio 6529
[26-Mar-2026 15:39:06 UTC] [merc_handle_shipment_deleted] limpiando referencias para envio 6541
[26-Mar-2026 15:39:06 UTC] [merc_handle_shipment_deleted] limpiando referencias para envio 6541
[26-Mar-2026 15:39:06 UTC] [merc_handle_shipment_deleted] limpiando referencias para envio 6542
[26-Mar-2026 15:39:06 UTC] [merc_handle_shipment_deleted] limpiando referencias para envio 6542
[26-Mar-2026 15:39:06 UTC] [merc_handle_shipment_deleted] limpiando referencias para envio 6543
[26-Mar-2026 15:39:06 UTC] [merc_handle_shipment_deleted] limpiando referencias para envio 6543
[26-Mar-2026 15:39:06 UTC] [merc_handle_shipment_deleted] limpiando referencias para envio 6544
[26-Mar-2026 15:39:06 UTC] [merc_handle_shipment_deleted] limpiando referencias para envio 6544
[26-Mar-2026 15:39:06 UTC] [merc_handle_shipment_deleted] limpiando referencias para envio 6545
[26-Mar-2026 15:39:06 UTC] [merc_handle_shipment_deleted] limpiando referencias para envio 6545
[26-Mar-2026 15:39:06 UTC] [merc_handle_shipment_deleted] limpiando referencias para envio 6550
[26-Mar-2026 15:39:06 UTC] [merc_handle_shipment_deleted] limpiando referencias para envio 6550
[26-Mar-2026 15:39:06 UTC] [merc_handle_shipment_deleted] limpiando referencias para envio 6551
[26-Mar-2026 15:39:06 UTC] [merc_handle_shipment_deleted] limpiando referencias para envio 6551
[26-Mar-2026 15:39:06 UTC] [merc_handle_shipment_deleted] limpiando referencias para envio 6552
[26-Mar-2026 15:39:06 UTC] [merc_handle_shipment_deleted] limpiando referencias para envio 6552
[26-Mar-2026 15:39:06 UTC] [merc_handle_shipment_deleted] limpiando referencias para envio 6553
[26-Mar-2026 15:39:06 UTC] [merc_handle_shipment_deleted] limpiando referencias para envio 6553
[26-Mar-2026 15:39:06 UTC] [merc_handle_shipment_deleted] limpiando referencias para envio 6549
[26-Mar-2026 15:39:06 UTC] [merc_handle_shipment_deleted] limpiando referencias para envio 6549
[26-Mar-2026 15:39:06 UTC] [merc_handle_shipment_deleted] limpiando referencias para envio 6546
[26-Mar-2026 15:39:06 UTC] [merc_handle_shipment_deleted] limpiando referencias para envio 6546
[26-Mar-2026 15:39:06 UTC] [merc_handle_shipment_deleted] limpiando referencias para envio 6547
[26-Mar-2026 15:39:06 UTC] [merc_handle_shipment_deleted] limpiando referencias para envio 6547
[26-Mar-2026 15:39:06 UTC] [merc_handle_shipment_deleted] limpiando referencias para envio 6548
[26-Mar-2026 15:39:06 UTC] [merc_handle_shipment_deleted] limpiando referencias para envio 6548
[26-Mar-2026 15:39:06 UTC] [merc_handle_shipment_deleted] limpiando referencias para envio 6581
[26-Mar-2026 15:39:06 UTC] [merc_handle_shipment_deleted] limpiando referencias para envio 6581
[26-Mar-2026 15:39:06 UTC] [merc_handle_shipment_deleted] limpiando referencias para envio 6597
[26-Mar-2026 15:39:06 UTC] [merc_handle_shipment_deleted] limpiando referencias para envio 6597
[26-Mar-2026 15:39:06 UTC] [merc_handle_shipment_deleted] limpiando referencias para envio 6598
[26-Mar-2026 15:39:06 UTC] [merc_handle_shipment_deleted] limpiando referencias para envio 6598
[26-Mar-2026 15:39:06 UTC] [merc_handle_shipment_deleted] limpiando referencias para envio 6599
[26-Mar-2026 15:39:06 UTC] [merc_handle_shipment_deleted] limpiando referencias para envio 6599
[26-Mar-2026 15:39:06 UTC] [merc_handle_shipment_deleted] limpiando referencias para envio 6600
[26-Mar-2026 15:39:06 UTC] [merc_handle_shipment_deleted] limpiando referencias para envio 6600
[26-Mar-2026 15:39:06 UTC] [merc_handle_shipment_deleted] limpiando referencias para envio 6596
[26-Mar-2026 15:39:06 UTC] [merc_handle_shipment_deleted] limpiando referencias para envio 6596
[26-Mar-2026 15:39:06 UTC] [merc_handle_shipment_deleted] limpiando referencias para envio 6588
[26-Mar-2026 15:39:06 UTC] [merc_handle_shipment_deleted] limpiando referencias para envio 6588
[26-Mar-2026 15:39:06 UTC] [merc_handle_shipment_deleted] limpiando referencias para envio 6605
[26-Mar-2026 15:39:06 UTC] [merc_handle_shipment_deleted] limpiando referencias para envio 6605
[26-Mar-2026 15:39:06 UTC] [merc_handle_shipment_deleted] limpiando referencias para envio 6623
[26-Mar-2026 15:39:06 UTC] [merc_handle_shipment_deleted] limpiando referencias para envio 6623
[26-Mar-2026 15:39:06 UTC] [merc_handle_shipment_deleted] limpiando referencias para envio 6624
[26-Mar-2026 15:39:06 UTC] [merc_handle_shipment_deleted] limpiando referencias para envio 6624
[26-Mar-2026 15:39:06 UTC] [merc_handle_shipment_deleted] limpiando referencias para envio 6625
[26-Mar-2026 15:39:06 UTC] [merc_handle_shipment_deleted] limpiando referencias para envio 6625
[26-Mar-2026 15:39:06 UTC] [merc_handle_shipment_deleted] limpiando referencias para envio 6626
[26-Mar-2026 15:39:06 UTC] [merc_handle_shipment_deleted] limpiando referencias para envio 6626
[26-Mar-2026 15:39:08 UTC] 
════════════════════════════════════════════════════════════
[26-Mar-2026 15:39:08 UTC] 🧹 [LIMPIEZA DIARIA] Eliminando merc_motorizo_recojo_default de todos los usuarios
[26-Mar-2026 15:39:08 UTC] ════════════════════════════════════════════════════════════
[26-Mar-2026 15:39:08 UTC] 📊 Usuarios con motorizado_recojo_default: 0
[26-Mar-2026 15:39:08 UTC] 🔄 Total usuarios limpios: 0
[26-Mar-2026 15:39:08 UTC] ✅ [LIMPIEZA DIARIA COMPLETADA] Próxima ejecución en 24 horas
[26-Mar-2026 15:39:08 UTC] ════════════════════════════════════════════════════════════

[26-Mar-2026 15:39:12 UTC] 🔔 [MERC_LOG] Inicializado logger diario: /home/u727114368/domains/mercourier.com/public_html/wp-content/merc_logs/merc-debug-2026-03-26.log
