[31-May-2026 16:39:38 UTC] 🔔 [MERC_LOG] Inicializado logger diario: /var/www/html/wp-content/merc_logs/merc-debug-2026-05-31.log
[31-May-2026 16:39:39 UTC] 🌅 [RESETEO DIARIO AUTOMÁTICO] Ejecutado para 2026-05-31
[31-May-2026 16:39:51 UTC] 🔔 [MERC_LOG] Inicializado logger diario: /var/www/html/wp-content/merc_logs/merc-debug-2026-05-31.log
[31-May-2026 16:39:52 UTC] 🔔 [MERC_LOG] Inicializado logger diario: /var/www/html/wp-content/merc_logs/merc-debug-2026-05-31.log
[31-May-2026 16:40:06 UTC] 🔔 [MERC_LOG] Inicializado logger diario: /var/www/html/wp-content/merc_logs/merc-debug-2026-05-31.log
[31-May-2026 16:40:07 UTC] 🔔 [MERC_LOG] Inicializado logger diario: /var/www/html/wp-content/merc_logs/merc-debug-2026-05-31.log
[31-May-2026 16:40:07 UTC] PHP Notice:  La función as_next_scheduled_action ha sido llamada <strong>de forma incorrecta</strong>. as_next_scheduled_action() was called before the Action Scheduler data store was initialized Por favor, ve <a href="https://developer.wordpress.org/advanced-administration/debug/debug-wordpress/">depuración en WordPress</a> para más información. (Este mensaje fue añadido en la versión 3.1.6). in /var/www/html/wp-includes/functions.php on line 6121
[31-May-2026 16:40:10 UTC] 🔵 [FILTER] filter_shipment_by_date_and_tiendaname llamado
[31-May-2026 16:40:10 UTC] 🔵 [FILTER] Usuario actual: 109
[31-May-2026 16:40:10 UTC] 🔵 [FILTER] Args iniciales: {"post_type":"wpcargo_shipment","post_status":"publish","posts_per_page":"500","paged":1,"s":"","meta_query":{"relation":"AND","0":[]},"date_query":[{"after":"2026-04-01","before":"2026-05-31","inclusive":true}]}
[31-May-2026 16:40:10 UTC] 🔵 [FILTER] GET params: Array
(
)

[31-May-2026 16:40:10 UTC] 🔵 [FILTER] Sin parámetros de fecha, aplicando HOY por defecto: 2026-05-31
[31-May-2026 16:40:10 UTC] 🔵 [FILTER] Fecha desde: '2026-05-31' | Fecha hasta: '2026-05-31'
[31-May-2026 16:40:10 UTC] 🔵 [FILTER] has_from: true | has_to: true
[31-May-2026 16:40:10 UTC] 🔵 [FILTER] REMOVIENDO date_query para evitar conflicto
[31-May-2026 16:40:10 UTC] 🔵 [FILTER] SQL Query: 
            SELECT DISTINCT p.ID 
            FROM wp_posts p
            INNER JOIN wp_postmeta pm ON p.ID = pm.post_id
            WHERE p.post_type = 'wpcargo_shipment'
            AND pm.meta_key IN ('wpcargo_pickup_date_picker', 'wpcargo_pickup_date', 'calendarenvio', 'wpcargo_fecha_envio')
            AND (STR_TO_DATE(pm.meta_value, '%d/%m/%Y') >= STR_TO_DATE('2026-05-31', '%Y-%m-%d') AND STR_TO_DATE(pm.meta_value, '%d/%m/%Y') <= STR_TO_DATE('2026-05-31', '%Y-%m-%d'))
        
[31-May-2026 16:40:10 UTC] 🔵 [FILTER] IDs encontrados por fecha: 0
[31-May-2026 16:40:10 UTC] 🔵 [FILTER] Sin resultados de fecha, forzando búsqueda vacía
[31-May-2026 16:40:10 UTC] 🔵 [FILTER] Args finales: {"post_type":"wpcargo_shipment","post_status":"publish","posts_per_page":"500","paged":1,"s":"","meta_query":{"relation":"AND","0":[]},"post__in":[0]}
[31-May-2026 16:40:14 UTC] 🔔 [MERC_LOG] Inicializado logger diario: /var/www/html/wp-content/merc_logs/merc-debug-2026-05-31.log
[31-May-2026 16:40:14 UTC] 🔔 [MERC_LOG] Inicializado logger diario: /var/www/html/wp-content/merc_logs/merc-debug-2026-05-31.log
[31-May-2026 16:40:16 UTC] PHP Warning:  Undefined variable $tipo_vista in /var/www/html/wp-content/themes/blocksy-child/functions.php on line 7944
[31-May-2026 16:40:16 UTC] MERC_ADMIN_RESUMEN - date_query="AND ( 
        EXISTS( 
            SELECT 1 FROM wp_postmeta pm_pickup 
            WHERE pm_pickup.post_id = p.ID 
              AND pm_pickup.meta_key IN ('wpcargo_pickup_date_picker','wpcargo_pickup_date','calendarenvio','wpcargo_fecha_envio')
              AND (
                    (STR_TO_DATE(pm_pickup.meta_value, '%%d/%%m/%%Y') >= STR_TO_DATE('2026-05-31', '%%Y-%%m-%%d') AND STR_TO_DATE(pm_pickup.meta_value, '%%d/%%m/%%Y') <= STR_TO_DATE('2026-05-31', '%%Y-%%m-%%d'))
                 OR (STR_TO_DATE(pm_pickup.meta_value, '%%Y-%%m-%%d') >= STR_TO_DATE('2026-05-31', '%%Y-%%m-%%d') AND STR_TO_DATE(pm_pickup.meta_value, '%%Y-%%m-%%d') <= STR_TO_DATE('2026-05-31', '%%Y-%%m-%%d'))
                 OR (pm_pickup.meta_value BETWEEN '2026-05-31' AND '2026-05-31')
                 OR (pm_pickup.meta_value LIKE '2026-05-31%')
              )
        )
        OR (p.post_date BETWEEN '2026-05-31 00:00:00' AND '2026-05-31 23:59:59')
    )"
[31-May-2026 16:40:16 UTC] MERC_ADMIN_RESUMEN - NO SHIPMENTS returned for date_query, attempting fallback by pickup meta
[31-May-2026 16:40:17 UTC] MERC_ADMIN_RESUMEN - fallback also returned NO shipments; attempting fallback by post_date range
[31-May-2026 16:40:17 UTC] MERC_ADMIN_RESUMEN_SAMPLE - id=31835 post_date=2026-05-24 11:34:58 metas={"wpcargo_pickup_date_picker":"24\/05\/2026","wpcargo_pickup_date":"","calendarenvio":"","wpcargo_fecha_envio":"","post_date":"2026-05-24 11:34:58"}
[31-May-2026 16:40:17 UTC] MERC_ADMIN_RESUMEN_SAMPLE - id=31834 post_date=2026-05-07 07:40:18 metas={"wpcargo_pickup_date_picker":"07\/05\/2026","wpcargo_pickup_date":"","calendarenvio":"","wpcargo_fecha_envio":"","post_date":"2026-05-07 07:40:18"}
[31-May-2026 16:40:17 UTC] MERC_ADMIN_RESUMEN_SAMPLE - id=31833 post_date=2026-05-07 07:37:10 metas={"wpcargo_pickup_date_picker":"07\/05\/2026","wpcargo_pickup_date":"","calendarenvio":"","wpcargo_fecha_envio":"","post_date":"2026-05-07 07:37:10"}
[31-May-2026 16:40:17 UTC] MERC_ADMIN_RESUMEN_SAMPLE - id=31832 post_date=2026-05-07 07:30:18 metas={"wpcargo_pickup_date_picker":"07\/05\/2026","wpcargo_pickup_date":"","calendarenvio":"","wpcargo_fecha_envio":"","post_date":"2026-05-07 07:30:18"}
[31-May-2026 16:40:17 UTC] MERC_ADMIN_RESUMEN_SAMPLE - id=31831 post_date=2026-05-07 07:19:40 metas={"wpcargo_pickup_date_picker":"07\/05\/2026","wpcargo_pickup_date":"","calendarenvio":"","wpcargo_fecha_envio":"","post_date":"2026-05-07 07:19:40"}
[31-May-2026 16:40:17 UTC] MERC_ADMIN_RESUMEN_SAMPLE - id=31830 post_date=2026-05-07 07:15:00 metas={"wpcargo_pickup_date_picker":"07\/05\/2026","wpcargo_pickup_date":"","calendarenvio":"","wpcargo_fecha_envio":"","post_date":"2026-05-07 07:15:00"}
[31-May-2026 16:40:17 UTC] MERC_ADMIN_RESUMEN_SAMPLE - id=31829 post_date=2026-05-07 07:14:15 metas={"wpcargo_pickup_date_picker":"07\/05\/2026","wpcargo_pickup_date":"","calendarenvio":"","wpcargo_fecha_envio":"","post_date":"2026-05-07 07:14:15"}
[31-May-2026 16:40:17 UTC] MERC_ADMIN_RESUMEN_SAMPLE - id=31828 post_date=2026-05-07 07:12:28 metas={"wpcargo_pickup_date_picker":"07\/05\/2026","wpcargo_pickup_date":"","calendarenvio":"","wpcargo_fecha_envio":"","post_date":"2026-05-07 07:12:28"}
[31-May-2026 16:40:17 UTC] MERC_ADMIN_RESUMEN_SAMPLE - id=31827 post_date=2026-05-07 07:10:08 metas={"wpcargo_pickup_date_picker":"07\/05\/2026","wpcargo_pickup_date":"","calendarenvio":"","wpcargo_fecha_envio":"","post_date":"2026-05-07 07:10:08"}
[31-May-2026 16:40:17 UTC] MERC_ADMIN_RESUMEN_SAMPLE - id=31826 post_date=2026-05-07 07:09:01 metas={"wpcargo_pickup_date_picker":"07\/05\/2026","wpcargo_pickup_date":"","calendarenvio":"","wpcargo_fecha_envio":"","post_date":"2026-05-07 07:09:01"}
[31-May-2026 16:40:17 UTC] MERC_ADMIN_RESUMEN_SAMPLE - id=31825 post_date=2026-05-07 07:08:04 metas={"wpcargo_pickup_date_picker":"07\/05\/2026","wpcargo_pickup_date":"","calendarenvio":"","wpcargo_fecha_envio":"","post_date":"2026-05-07 07:08:04"}
[31-May-2026 16:40:17 UTC] MERC_ADMIN_RESUMEN_SAMPLE - id=31824 post_date=2026-05-07 07:05:37 metas={"wpcargo_pickup_date_picker":"07\/05\/2026","wpcargo_pickup_date":"","calendarenvio":"","wpcargo_fecha_envio":"","post_date":"2026-05-07 07:05:37"}
[31-May-2026 16:40:17 UTC] MERC_ADMIN_RESUMEN_SAMPLE - id=31823 post_date=2026-05-07 07:04:42 metas={"wpcargo_pickup_date_picker":"07\/05\/2026","wpcargo_pickup_date":"","calendarenvio":"","wpcargo_fecha_envio":"","post_date":"2026-05-07 07:04:42"}
[31-May-2026 16:40:17 UTC] MERC_ADMIN_RESUMEN_SAMPLE - id=31822 post_date=2026-05-07 07:03:50 metas={"wpcargo_pickup_date_picker":"07\/05\/2026","wpcargo_pickup_date":"","calendarenvio":"","wpcargo_fecha_envio":"","post_date":"2026-05-07 07:03:50"}
[31-May-2026 16:40:17 UTC] MERC_ADMIN_RESUMEN_SAMPLE - id=31821 post_date=2026-05-07 06:20:16 metas={"wpcargo_pickup_date_picker":"07\/05\/2026","wpcargo_pickup_date":"","calendarenvio":"","wpcargo_fecha_envio":"","post_date":"2026-05-07 06:20:16"}
[31-May-2026 16:40:17 UTC] MERC_ADMIN_RESUMEN_SAMPLE - id=31820 post_date=2026-05-07 06:17:05 metas={"wpcargo_pickup_date_picker":"07\/05\/2026","wpcargo_pickup_date":"","calendarenvio":"","wpcargo_fecha_envio":"","post_date":"2026-05-07 06:17:05"}
[31-May-2026 16:40:17 UTC] MERC_ADMIN_RESUMEN_SAMPLE - id=31819 post_date=2026-05-07 03:45:00 metas={"wpcargo_pickup_date_picker":"07\/05\/2026","wpcargo_pickup_date":"","calendarenvio":"","wpcargo_fecha_envio":"","post_date":"2026-05-07 03:45:00"}
[31-May-2026 16:40:17 UTC] MERC_ADMIN_RESUMEN_SAMPLE - id=31818 post_date=2026-05-07 02:24:51 metas={"wpcargo_pickup_date_picker":"07\/05\/2026","wpcargo_pickup_date":"","calendarenvio":"","wpcargo_fecha_envio":"","post_date":"2026-05-07 02:24:51"}
[31-May-2026 16:40:17 UTC] MERC_ADMIN_RESUMEN_SAMPLE - id=31817 post_date=2026-05-07 02:23:53 metas={"wpcargo_pickup_date_picker":"07\/05\/2026","wpcargo_pickup_date":"","calendarenvio":"","wpcargo_fecha_envio":"","post_date":"2026-05-07 02:23:53"}
[31-May-2026 16:40:17 UTC] MERC_ADMIN_RESUMEN_SAMPLE - id=31816 post_date=2026-05-07 02:23:07 metas={"wpcargo_pickup_date_picker":"07\/05\/2026","wpcargo_pickup_date":"","calendarenvio":"","wpcargo_fecha_envio":"","post_date":"2026-05-07 02:23:07"}
[31-May-2026 16:40:17 UTC] MERC_ADMIN_RESUMEN - trying post_date fallback with start=2026-05-31 00:00:00 end=2026-05-31 23:59:59
[31-May-2026 16:40:17 UTC] 🔍 [MERC_ADMIN_CARDS] drivers_sql: SELECT pm_entrega.meta_value AS driver_id, COUNT(DISTINCT p.ID) AS total_entregas FROM wp_posts p LEFT JOIN wp_postmeta pm_entrega ON p.ID = pm_entrega.post_id AND pm_entrega.meta_key = 'wpcargo_motorizo_entrega' WHERE p.post_type = 'wpcargo_shipment' AND p.post_status = 'publish' AND pm_entrega.meta_value IS NOT NULL AND EXISTS( SELECT 1 FROM wp_postmeta pm_pickup WHERE pm_pickup.post_id = p.ID AND pm_pickup.meta_key = 'wpcargo_pickup_date_picker' AND ( STR_TO_DATE(pm_pickup.meta_value, '%d/%m/%Y') >= STR_TO_DATE('2026-05-31', '%Y-%m-%d') AND STR_TO_DATE(pm_pickup.meta_value, '%d/%m/%Y') <= STR_TO_DATE('2026-05-31', '%Y-%m-%d') ) ) GROUP BY pm_entrega.meta_value ORDER BY total_entregas DESC
[31-May-2026 16:40:17 UTC] 🔍 [MERC_ADMIN_CARDS] sample_ids_count: 0
[31-May-2026 16:40:17 UTC] 🔍 [MERC_ADMIN_CARDS] sample_ids EMPTY for date_query
[31-May-2026 16:40:17 UTC] 🔍 [MERC_ADMIN_CARDS] drivers_count: 0
[31-May-2026 16:40:22 UTC] 🔔 [MERC_LOG] Inicializado logger diario: /var/www/html/wp-content/merc_logs/merc-debug-2026-05-31.log
[31-May-2026 16:40:22 UTC] 🔔 [MERC_LOG] Inicializado logger diario: /var/www/html/wp-content/merc_logs/merc-debug-2026-05-31.log
[31-May-2026 16:40:28 UTC] 🔔 [MERC_LOG] Inicializado logger diario: /var/www/html/wp-content/merc_logs/merc-debug-2026-05-31.log
[31-May-2026 16:40:36 UTC] 🔔 [MERC_LOG] Inicializado logger diario: /var/www/html/wp-content/merc_logs/merc-debug-2026-05-31.log
[31-May-2026 16:40:36 UTC] 🔔 [MERC_LOG] Inicializado logger diario: /var/www/html/wp-content/merc_logs/merc-debug-2026-05-31.log
[31-May-2026 16:40:39 UTC] 🔵 [FILTER] filter_shipment_by_date_and_tiendaname llamado
[31-May-2026 16:40:39 UTC] 🔵 [FILTER] Usuario actual: 120
[31-May-2026 16:40:39 UTC] 🔵 [FILTER] Args iniciales: {"post_type":"wpcargo_shipment","post_status":"publish","posts_per_page":10,"paged":1,"s":"","meta_query":{"relation":"AND","0":{"__assignment":{"key":"wpcargo_driver","value":120,"compare":"="}}},"date_query":[{"after":"2026-05-31","before":"2026-05-31","inclusive":true}]}
[31-May-2026 16:40:39 UTC] 🔵 [FILTER] GET params: Array
(
)

[31-May-2026 16:40:39 UTC] 🔵 [FILTER] Sin parámetros de fecha, aplicando HOY por defecto: 2026-05-31
[31-May-2026 16:40:39 UTC] 🔵 [FILTER] Fecha desde: '2026-05-31' | Fecha hasta: '2026-05-31'
[31-May-2026 16:40:39 UTC] 🔵 [FILTER] has_from: true | has_to: true
[31-May-2026 16:40:39 UTC] 🔵 [FILTER] REMOVIENDO date_query para evitar conflicto
[31-May-2026 16:40:39 UTC] 🔵 [FILTER] SQL Query: 
            SELECT DISTINCT p.ID 
            FROM wp_posts p
            INNER JOIN wp_postmeta pm ON p.ID = pm.post_id
            WHERE p.post_type = 'wpcargo_shipment'
            AND pm.meta_key IN ('wpcargo_pickup_date_picker', 'wpcargo_pickup_date', 'calendarenvio', 'wpcargo_fecha_envio')
            AND (STR_TO_DATE(pm.meta_value, '%d/%m/%Y') >= STR_TO_DATE('2026-05-31', '%Y-%m-%d') AND STR_TO_DATE(pm.meta_value, '%d/%m/%Y') <= STR_TO_DATE('2026-05-31', '%Y-%m-%d'))
        
[31-May-2026 16:40:39 UTC] 🔵 [FILTER] IDs encontrados por fecha: 0
[31-May-2026 16:40:39 UTC] 🔵 [FILTER] Sin resultados de fecha, forzando búsqueda vacía
[31-May-2026 16:40:39 UTC] 🔵 [FILTER] Args finales: {"post_type":"wpcargo_shipment","post_status":"publish","posts_per_page":10,"paged":1,"s":"","meta_query":{"relation":"AND","0":{"__assignment":{"key":"wpcargo_driver","value":120,"compare":"="}}},"post__in":[0]}
[31-May-2026 16:40:45 UTC] 🔔 [MERC_LOG] Inicializado logger diario: /var/www/html/wp-content/merc_logs/merc-debug-2026-05-31.log
[31-May-2026 16:40:45 UTC] 🔔 [MERC_LOG] Inicializado logger diario: /var/www/html/wp-content/merc_logs/merc-debug-2026-05-31.log
[31-May-2026 16:41:13 UTC] 🔔 [MERC_LOG] Inicializado logger diario: /var/www/html/wp-content/merc_logs/merc-debug-2026-05-31.log
[31-May-2026 16:41:18 UTC] 🔔 [MERC_LOG] Inicializado logger diario: /var/www/html/wp-content/merc_logs/merc-debug-2026-05-31.log
[31-May-2026 16:41:18 UTC] 🔔 [MERC_LOG] Inicializado logger diario: /var/www/html/wp-content/merc_logs/merc-debug-2026-05-31.log
[31-May-2026 16:41:20 UTC] =====================================
[31-May-2026 16:41:20 UTC] 🔍 VERIFICANDO BLOQUEO - Cliente: #118 | Fecha: 2026-05-31
[31-May-2026 16:41:20 UTC] URL actual: /dashboard/
[31-May-2026 16:41:20 UTC] =====================================
[31-May-2026 16:41:20 UTC] 🔎 SQL Query: 
        SELECT 
            p.ID, 
            p.post_date,
            pm_status.meta_value as estado,
            pm_pago.meta_value as estado_pago,
            pm_fecha_reprog.meta_value as fecha_reprogramada
        FROM wp_posts p
        LEFT JOIN wp_postmeta pm_shipper 
            ON p.ID = pm_shipper.post_id 
            AND pm_shipper.meta_key = 'registered_shipper'
        LEFT JOIN wp_postmeta pm_status 
            ON p.ID = pm_status.post_id 
            AND pm_status.meta_key = 'wpcargo_status'
        LEFT JOIN wp_postmeta pm_pago 
            ON p.ID = pm_pago.post_id 
            AND pm_pago.meta_key = 'wpcargo_estado_pago_remitente'
        LEFT JOIN wp_postmeta pm_fecha_reprog 
            ON p.ID = pm_fecha_reprog.post_id 
            AND pm_fecha_reprog.meta_key = 'wpcargo_pickup_date_picker'
        WHERE p.post_type = 'wpcargo_shipment'
        AND p.post_status = 'publish'
        AND pm_shipper.meta_value = '118'
    
[31-May-2026 16:41:20 UTC] 📊 Total envíos del cliente (sin filtrar): 39
[31-May-2026 16:41:20 UTC]    📅 Envío #20270: post_date_raw='2026-04-10 10:33:55' | fecha_reprog_raw='10/04/2026' | fecha_efectiva='2026-04-10' | hoy='2026-05-31'
[31-May-2026 16:41:20 UTC]       ❌ NO incluido (fecha no coincide)
[31-May-2026 16:41:20 UTC]    📅 Envío #20300: post_date_raw='2026-04-10 11:15:29' | fecha_reprog_raw='10/04/2026' | fecha_efectiva='2026-04-10' | hoy='2026-05-31'
[31-May-2026 16:41:20 UTC]       ❌ NO incluido (fecha no coincide)
[31-May-2026 16:41:20 UTC]    📅 Envío #20449: post_date_raw='2026-04-10 14:13:03' | fecha_reprog_raw='10/04/2026' | fecha_efectiva='2026-04-10' | hoy='2026-05-31'
[31-May-2026 16:41:20 UTC]       ❌ NO incluido (fecha no coincide)
[31-May-2026 16:41:20 UTC]    📅 Envío #20510: post_date_raw='2026-04-10 16:42:46' | fecha_reprog_raw='10/04/2026' | fecha_efectiva='2026-04-10' | hoy='2026-05-31'
[31-May-2026 16:41:20 UTC]       ❌ NO incluido (fecha no coincide)
[31-May-2026 16:41:20 UTC]    📅 Envío #21218: post_date_raw='2026-04-13 00:45:25' | fecha_reprog_raw='13/04/2026' | fecha_efectiva='2026-04-13' | hoy='2026-05-31'
[31-May-2026 16:41:20 UTC]       ❌ NO incluido (fecha no coincide)
[31-May-2026 16:41:20 UTC]    📅 Envío #21219: post_date_raw='2026-04-13 00:45:56' | fecha_reprog_raw='13/04/2026' | fecha_efectiva='2026-04-13' | hoy='2026-05-31'
[31-May-2026 16:41:20 UTC]       ❌ NO incluido (fecha no coincide)
[31-May-2026 16:41:20 UTC]    📅 Envío #22212: post_date_raw='2026-04-14 18:55:48' | fecha_reprog_raw='14/04/2026' | fecha_efectiva='2026-04-14' | hoy='2026-05-31'
[31-May-2026 16:41:20 UTC]       ❌ NO incluido (fecha no coincide)
[31-May-2026 16:41:20 UTC]    📅 Envío #22227: post_date_raw='2026-04-14 19:07:40' | fecha_reprog_raw='14/04/2026' | fecha_efectiva='2026-04-14' | hoy='2026-05-31'
[31-May-2026 16:41:20 UTC]       ❌ NO incluido (fecha no coincide)
[31-May-2026 16:41:20 UTC]    📅 Envío #22239: post_date_raw='2026-04-14 19:50:56' | fecha_reprog_raw='14/04/2026' | fecha_efectiva='2026-04-14' | hoy='2026-05-31'
[31-May-2026 16:41:20 UTC]       ❌ NO incluido (fecha no coincide)
[31-May-2026 16:41:20 UTC]    📅 Envío #22246: post_date_raw='2026-04-14 21:12:02' | fecha_reprog_raw='14/04/2026' | fecha_efectiva='2026-04-14' | hoy='2026-05-31'
[31-May-2026 16:41:20 UTC]       ❌ NO incluido (fecha no coincide)
[31-May-2026 16:41:20 UTC]    📅 Envío #22249: post_date_raw='2026-04-14 21:35:30' | fecha_reprog_raw='14/04/2026' | fecha_efectiva='2026-04-14' | hoy='2026-05-31'
[31-May-2026 16:41:20 UTC]       ❌ NO incluido (fecha no coincide)
[31-May-2026 16:41:20 UTC]    📅 Envío #22288: post_date_raw='2026-04-15 05:36:25' | fecha_reprog_raw='15/04/2026' | fecha_efectiva='2026-04-15' | hoy='2026-05-31'
[31-May-2026 16:41:20 UTC]       ❌ NO incluido (fecha no coincide)
[31-May-2026 16:41:20 UTC]    📅 Envío #22296: post_date_raw='2026-04-15 08:07:21' | fecha_reprog_raw='15/04/2026' | fecha_efectiva='2026-04-15' | hoy='2026-05-31'
[31-May-2026 16:41:20 UTC]       ❌ NO incluido (fecha no coincide)
[31-May-2026 16:41:20 UTC]    📅 Envío #22299: post_date_raw='2026-04-15 08:20:34' | fecha_reprog_raw='15/04/2026' | fecha_efectiva='2026-04-15' | hoy='2026-05-31'
[31-May-2026 16:41:20 UTC]       ❌ NO incluido (fecha no coincide)
[31-May-2026 16:41:20 UTC]    📅 Envío #22553: post_date_raw='2026-04-15 14:28:43' | fecha_reprog_raw='15/04/2026' | fecha_efectiva='2026-04-15' | hoy='2026-05-31'
[31-May-2026 16:41:20 UTC]       ❌ NO incluido (fecha no coincide)
[31-May-2026 16:41:20 UTC]    📅 Envío #22862: post_date_raw='2026-04-16 06:00:39' | fecha_reprog_raw='16/04/2026' | fecha_efectiva='2026-04-16' | hoy='2026-05-31'
[31-May-2026 16:41:20 UTC]       ❌ NO incluido (fecha no coincide)
[31-May-2026 16:41:20 UTC]    📅 Envío #25028: post_date_raw='2026-04-22 08:18:20' | fecha_reprog_raw='22/04/2026' | fecha_efectiva='2026-04-22' | hoy='2026-05-31'
[31-May-2026 16:41:20 UTC]       ❌ NO incluido (fecha no coincide)
[31-May-2026 16:41:20 UTC]    📅 Envío #25878: post_date_raw='2026-04-23 18:40:25' | fecha_reprog_raw='23/04/2026' | fecha_efectiva='2026-04-23' | hoy='2026-05-31'
[31-May-2026 16:41:20 UTC]       ❌ NO incluido (fecha no coincide)
[31-May-2026 16:41:20 UTC]    📅 Envío #25915: post_date_raw='2026-04-23 19:20:30' | fecha_reprog_raw='23/04/2026' | fecha_efectiva='2026-04-23' | hoy='2026-05-31'
[31-May-2026 16:41:20 UTC]       ❌ NO incluido (fecha no coincide)
[31-May-2026 16:41:20 UTC]    📅 Envío #26416: post_date_raw='2026-04-24 16:48:56' | fecha_reprog_raw='25/04/2026' | fecha_efectiva='2026-04-25' | hoy='2026-05-31'
[31-May-2026 16:41:20 UTC]       ❌ NO incluido (fecha no coincide)
[31-May-2026 16:41:20 UTC]    📅 Envío #26879: post_date_raw='2026-04-25 15:14:16' | fecha_reprog_raw='25/04/2026' | fecha_efectiva='2026-04-25' | hoy='2026-05-31'
[31-May-2026 16:41:20 UTC]       ❌ NO incluido (fecha no coincide)
[31-May-2026 16:41:20 UTC]    📅 Envío #27468: post_date_raw='2026-04-27 13:19:10' | fecha_reprog_raw='27/04/2026' | fecha_efectiva='2026-04-27' | hoy='2026-05-31'
[31-May-2026 16:41:20 UTC]       ❌ NO incluido (fecha no coincide)
[31-May-2026 16:41:20 UTC]    📅 Envío #27541: post_date_raw='2026-04-27 15:59:10' | fecha_reprog_raw='27/04/2026' | fecha_efectiva='2026-04-27' | hoy='2026-05-31'
[31-May-2026 16:41:20 UTC]       ❌ NO incluido (fecha no coincide)
[31-May-2026 16:41:20 UTC]    📅 Envío #27622: post_date_raw='2026-04-27 17:53:17' | fecha_reprog_raw='' | fecha_efectiva='2026-04-27' | hoy='2026-05-31'
[31-May-2026 16:41:20 UTC]       ❌ NO incluido (fecha no coincide)
[31-May-2026 16:41:20 UTC]    📅 Envío #27623: post_date_raw='2026-04-27 17:54:39' | fecha_reprog_raw='27/04/2026' | fecha_efectiva='2026-04-27' | hoy='2026-05-31'
[31-May-2026 16:41:20 UTC]       ❌ NO incluido (fecha no coincide)
[31-May-2026 16:41:20 UTC]    📅 Envío #27636: post_date_raw='2026-04-27 18:03:01' | fecha_reprog_raw='27/04/2026' | fecha_efectiva='2026-04-27' | hoy='2026-05-31'
[31-May-2026 16:41:20 UTC]       ❌ NO incluido (fecha no coincide)
[31-May-2026 16:41:20 UTC]    📅 Envío #27652: post_date_raw='2026-04-27 18:12:58' | fecha_reprog_raw='27/04/2026' | fecha_efectiva='2026-04-27' | hoy='2026-05-31'
[31-May-2026 16:41:20 UTC]       ❌ NO incluido (fecha no coincide)
[31-May-2026 16:41:20 UTC]    📅 Envío #27679: post_date_raw='2026-04-27 18:49:54' | fecha_reprog_raw='27/04/2026' | fecha_efectiva='2026-04-27' | hoy='2026-05-31'
[31-May-2026 16:41:20 UTC]       ❌ NO incluido (fecha no coincide)
[31-May-2026 16:41:20 UTC]    📅 Envío #27684: post_date_raw='2026-04-27 18:53:53' | fecha_reprog_raw='27/04/2026' | fecha_efectiva='2026-04-27' | hoy='2026-05-31'
[31-May-2026 16:41:20 UTC]       ❌ NO incluido (fecha no coincide)
[31-May-2026 16:41:20 UTC]    📅 Envío #27700: post_date_raw='2026-04-27 18:59:23' | fecha_reprog_raw='27/04/2026' | fecha_efectiva='2026-04-27' | hoy='2026-05-31'
[31-May-2026 16:41:20 UTC]       ❌ NO incluido (fecha no coincide)
[31-May-2026 16:41:20 UTC]    📅 Envío #27886: post_date_raw='2026-04-28 01:01:30' | fecha_reprog_raw='28/04/2026' | fecha_efectiva='2026-04-28' | hoy='2026-05-31'
[31-May-2026 16:41:20 UTC]       ❌ NO incluido (fecha no coincide)
[31-May-2026 16:41:20 UTC]    📅 Envío #27887: post_date_raw='2026-04-28 01:12:16' | fecha_reprog_raw='28/04/2026' | fecha_efectiva='2026-04-28' | hoy='2026-05-31'
[31-May-2026 16:41:20 UTC]       ❌ NO incluido (fecha no coincide)
[31-May-2026 16:41:20 UTC]    📅 Envío #28120: post_date_raw='2026-04-28 13:19:24' | fecha_reprog_raw='28/04/2026' | fecha_efectiva='2026-04-28' | hoy='2026-05-31'
[31-May-2026 16:41:20 UTC]       ❌ NO incluido (fecha no coincide)
[31-May-2026 16:41:20 UTC]    📅 Envío #28121: post_date_raw='2026-04-28 13:19:24' | fecha_reprog_raw='28/04/2026' | fecha_efectiva='2026-04-28' | hoy='2026-05-31'
[31-May-2026 16:41:20 UTC]       ❌ NO incluido (fecha no coincide)
[31-May-2026 16:41:20 UTC]    📅 Envío #30055: post_date_raw='2026-05-02 11:50:41' | fecha_reprog_raw='02/05/2026' | fecha_efectiva='2026-05-02' | hoy='2026-05-31'
[31-May-2026 16:41:20 UTC]       ❌ NO incluido (fecha no coincide)
[31-May-2026 16:41:20 UTC]    📅 Envío #30725: post_date_raw='2026-05-04 20:13:18' | fecha_reprog_raw='04/05/2026' | fecha_efectiva='2026-05-04' | hoy='2026-05-31'
[31-May-2026 16:41:20 UTC]       ❌ NO incluido (fecha no coincide)
[31-May-2026 16:41:20 UTC]    📅 Envío #31057: post_date_raw='2026-05-05 23:49:33' | fecha_reprog_raw='05/05/2026' | fecha_efectiva='2026-05-05' | hoy='2026-05-31'
[31-May-2026 16:41:20 UTC]       ❌ NO incluido (fecha no coincide)
[31-May-2026 16:41:20 UTC]    📅 Envío #31058: post_date_raw='2026-05-05 23:50:31' | fecha_reprog_raw='05/05/2026' | fecha_efectiva='2026-05-05' | hoy='2026-05-31'
[31-May-2026 16:41:20 UTC]       ❌ NO incluido (fecha no coincide)
[31-May-2026 16:41:20 UTC]    📅 Envío #31059: post_date_raw='2026-05-05 23:51:20' | fecha_reprog_raw='05/05/2026' | fecha_efectiva='2026-05-05' | hoy='2026-05-31'
[31-May-2026 16:41:20 UTC]       ❌ NO incluido (fecha no coincide)
[31-May-2026 16:41:20 UTC] 📦 Total envíos encontrados para HOY: 0
[31-May-2026 16:41:20 UTC] ✅ PERMITIDO: Cliente #118 sin envíos hoy - Puede crear
[31-May-2026 16:41:20 UTC] =====================================
[31-May-2026 16:41:20 UTC] =====================================
[31-May-2026 16:41:20 UTC] 🔍 VERIFICANDO BLOQUEO - Cliente: #118 | Fecha: 2026-05-31
[31-May-2026 16:41:20 UTC] URL actual: /dashboard/
[31-May-2026 16:41:20 UTC] =====================================
[31-May-2026 16:41:20 UTC] 🔎 SQL Query: 
        SELECT 
            p.ID, 
            p.post_date,
            pm_status.meta_value as estado,
            pm_pago.meta_value as estado_pago,
            pm_fecha_reprog.meta_value as fecha_reprogramada
        FROM wp_posts p
        LEFT JOIN wp_postmeta pm_shipper 
            ON p.ID = pm_shipper.post_id 
            AND pm_shipper.meta_key = 'registered_shipper'
        LEFT JOIN wp_postmeta pm_status 
            ON p.ID = pm_status.post_id 
            AND pm_status.meta_key = 'wpcargo_status'
        LEFT JOIN wp_postmeta pm_pago 
            ON p.ID = pm_pago.post_id 
            AND pm_pago.meta_key = 'wpcargo_estado_pago_remitente'
        LEFT JOIN wp_postmeta pm_fecha_reprog 
            ON p.ID = pm_fecha_reprog.post_id 
            AND pm_fecha_reprog.meta_key = 'wpcargo_pickup_date_picker'
        WHERE p.post_type = 'wpcargo_shipment'
        AND p.post_status = 'publish'
        AND pm_shipper.meta_value = '118'
    
[31-May-2026 16:41:20 UTC] 📊 Total envíos del cliente (sin filtrar): 39
[31-May-2026 16:41:20 UTC]    📅 Envío #20270: post_date_raw='2026-04-10 10:33:55' | fecha_reprog_raw='10/04/2026' | fecha_efectiva='2026-04-10' | hoy='2026-05-31'
[31-May-2026 16:41:20 UTC]       ❌ NO incluido (fecha no coincide)
[31-May-2026 16:41:20 UTC]    📅 Envío #20300: post_date_raw='2026-04-10 11:15:29' | fecha_reprog_raw='10/04/2026' | fecha_efectiva='2026-04-10' | hoy='2026-05-31'
[31-May-2026 16:41:20 UTC]       ❌ NO incluido (fecha no coincide)
[31-May-2026 16:41:20 UTC]    📅 Envío #20449: post_date_raw='2026-04-10 14:13:03' | fecha_reprog_raw='10/04/2026' | fecha_efectiva='2026-04-10' | hoy='2026-05-31'
[31-May-2026 16:41:20 UTC]       ❌ NO incluido (fecha no coincide)
[31-May-2026 16:41:20 UTC]    📅 Envío #20510: post_date_raw='2026-04-10 16:42:46' | fecha_reprog_raw='10/04/2026' | fecha_efectiva='2026-04-10' | hoy='2026-05-31'
[31-May-2026 16:41:20 UTC]       ❌ NO incluido (fecha no coincide)
[31-May-2026 16:41:20 UTC]    📅 Envío #21218: post_date_raw='2026-04-13 00:45:25' | fecha_reprog_raw='13/04/2026' | fecha_efectiva='2026-04-13' | hoy='2026-05-31'
[31-May-2026 16:41:20 UTC]       ❌ NO incluido (fecha no coincide)
[31-May-2026 16:41:20 UTC]    📅 Envío #21219: post_date_raw='2026-04-13 00:45:56' | fecha_reprog_raw='13/04/2026' | fecha_efectiva='2026-04-13' | hoy='2026-05-31'
[31-May-2026 16:41:20 UTC]       ❌ NO incluido (fecha no coincide)
[31-May-2026 16:41:20 UTC]    📅 Envío #22212: post_date_raw='2026-04-14 18:55:48' | fecha_reprog_raw='14/04/2026' | fecha_efectiva='2026-04-14' | hoy='2026-05-31'
[31-May-2026 16:41:20 UTC]       ❌ NO incluido (fecha no coincide)
[31-May-2026 16:41:20 UTC]    📅 Envío #22227: post_date_raw='2026-04-14 19:07:40' | fecha_reprog_raw='14/04/2026' | fecha_efectiva='2026-04-14' | hoy='2026-05-31'
[31-May-2026 16:41:20 UTC]       ❌ NO incluido (fecha no coincide)
[31-May-2026 16:41:20 UTC]    📅 Envío #22239: post_date_raw='2026-04-14 19:50:56' | fecha_reprog_raw='14/04/2026' | fecha_efectiva='2026-04-14' | hoy='2026-05-31'
[31-May-2026 16:41:20 UTC]       ❌ NO incluido (fecha no coincide)
[31-May-2026 16:41:20 UTC]    📅 Envío #22246: post_date_raw='2026-04-14 21:12:02' | fecha_reprog_raw='14/04/2026' | fecha_efectiva='2026-04-14' | hoy='2026-05-31'
[31-May-2026 16:41:20 UTC]       ❌ NO incluido (fecha no coincide)
[31-May-2026 16:41:20 UTC]    📅 Envío #22249: post_date_raw='2026-04-14 21:35:30' | fecha_reprog_raw='14/04/2026' | fecha_efectiva='2026-04-14' | hoy='2026-05-31'
[31-May-2026 16:41:20 UTC]       ❌ NO incluido (fecha no coincide)
[31-May-2026 16:41:20 UTC]    📅 Envío #22288: post_date_raw='2026-04-15 05:36:25' | fecha_reprog_raw='15/04/2026' | fecha_efectiva='2026-04-15' | hoy='2026-05-31'
[31-May-2026 16:41:20 UTC]       ❌ NO incluido (fecha no coincide)
[31-May-2026 16:41:20 UTC]    📅 Envío #22296: post_date_raw='2026-04-15 08:07:21' | fecha_reprog_raw='15/04/2026' | fecha_efectiva='2026-04-15' | hoy='2026-05-31'
[31-May-2026 16:41:20 UTC]       ❌ NO incluido (fecha no coincide)
[31-May-2026 16:41:20 UTC]    📅 Envío #22299: post_date_raw='2026-04-15 08:20:34' | fecha_reprog_raw='15/04/2026' | fecha_efectiva='2026-04-15' | hoy='2026-05-31'
[31-May-2026 16:41:20 UTC]       ❌ NO incluido (fecha no coincide)
[31-May-2026 16:41:20 UTC]    📅 Envío #22553: post_date_raw='2026-04-15 14:28:43' | fecha_reprog_raw='15/04/2026' | fecha_efectiva='2026-04-15' | hoy='2026-05-31'
[31-May-2026 16:41:20 UTC]       ❌ NO incluido (fecha no coincide)
[31-May-2026 16:41:20 UTC]    📅 Envío #22862: post_date_raw='2026-04-16 06:00:39' | fecha_reprog_raw='16/04/2026' | fecha_efectiva='2026-04-16' | hoy='2026-05-31'
[31-May-2026 16:41:20 UTC]       ❌ NO incluido (fecha no coincide)
[31-May-2026 16:41:20 UTC]    📅 Envío #25028: post_date_raw='2026-04-22 08:18:20' | fecha_reprog_raw='22/04/2026' | fecha_efectiva='2026-04-22' | hoy='2026-05-31'
[31-May-2026 16:41:20 UTC]       ❌ NO incluido (fecha no coincide)
[31-May-2026 16:41:20 UTC]    📅 Envío #25878: post_date_raw='2026-04-23 18:40:25' | fecha_reprog_raw='23/04/2026' | fecha_efectiva='2026-04-23' | hoy='2026-05-31'
[31-May-2026 16:41:20 UTC]       ❌ NO incluido (fecha no coincide)
[31-May-2026 16:41:20 UTC]    📅 Envío #25915: post_date_raw='2026-04-23 19:20:30' | fecha_reprog_raw='23/04/2026' | fecha_efectiva='2026-04-23' | hoy='2026-05-31'
[31-May-2026 16:41:20 UTC]       ❌ NO incluido (fecha no coincide)
[31-May-2026 16:41:20 UTC]    📅 Envío #26416: post_date_raw='2026-04-24 16:48:56' | fecha_reprog_raw='25/04/2026' | fecha_efectiva='2026-04-25' | hoy='2026-05-31'
[31-May-2026 16:41:20 UTC]       ❌ NO incluido (fecha no coincide)
[31-May-2026 16:41:20 UTC]    📅 Envío #26879: post_date_raw='2026-04-25 15:14:16' | fecha_reprog_raw='25/04/2026' | fecha_efectiva='2026-04-25' | hoy='2026-05-31'
[31-May-2026 16:41:20 UTC]       ❌ NO incluido (fecha no coincide)
[31-May-2026 16:41:20 UTC]    📅 Envío #27468: post_date_raw='2026-04-27 13:19:10' | fecha_reprog_raw='27/04/2026' | fecha_efectiva='2026-04-27' | hoy='2026-05-31'
[31-May-2026 16:41:20 UTC]       ❌ NO incluido (fecha no coincide)
[31-May-2026 16:41:20 UTC]    📅 Envío #27541: post_date_raw='2026-04-27 15:59:10' | fecha_reprog_raw='27/04/2026' | fecha_efectiva='2026-04-27' | hoy='2026-05-31'
[31-May-2026 16:41:20 UTC]       ❌ NO incluido (fecha no coincide)
[31-May-2026 16:41:20 UTC]    📅 Envío #27622: post_date_raw='2026-04-27 17:53:17' | fecha_reprog_raw='' | fecha_efectiva='2026-04-27' | hoy='2026-05-31'
[31-May-2026 16:41:20 UTC]       ❌ NO incluido (fecha no coincide)
[31-May-2026 16:41:20 UTC]    📅 Envío #27623: post_date_raw='2026-04-27 17:54:39' | fecha_reprog_raw='27/04/2026' | fecha_efectiva='2026-04-27' | hoy='2026-05-31'
[31-May-2026 16:41:20 UTC]       ❌ NO incluido (fecha no coincide)
[31-May-2026 16:41:20 UTC]    📅 Envío #27636: post_date_raw='2026-04-27 18:03:01' | fecha_reprog_raw='27/04/2026' | fecha_efectiva='2026-04-27' | hoy='2026-05-31'
[31-May-2026 16:41:20 UTC]       ❌ NO incluido (fecha no coincide)
[31-May-2026 16:41:20 UTC]    📅 Envío #27652: post_date_raw='2026-04-27 18:12:58' | fecha_reprog_raw='27/04/2026' | fecha_efectiva='2026-04-27' | hoy='2026-05-31'
[31-May-2026 16:41:20 UTC]       ❌ NO incluido (fecha no coincide)
[31-May-2026 16:41:20 UTC]    📅 Envío #27679: post_date_raw='2026-04-27 18:49:54' | fecha_reprog_raw='27/04/2026' | fecha_efectiva='2026-04-27' | hoy='2026-05-31'
[31-May-2026 16:41:20 UTC]       ❌ NO incluido (fecha no coincide)
[31-May-2026 16:41:20 UTC]    📅 Envío #27684: post_date_raw='2026-04-27 18:53:53' | fecha_reprog_raw='27/04/2026' | fecha_efectiva='2026-04-27' | hoy='2026-05-31'
[31-May-2026 16:41:20 UTC]       ❌ NO incluido (fecha no coincide)
[31-May-2026 16:41:20 UTC]    📅 Envío #27700: post_date_raw='2026-04-27 18:59:23' | fecha_reprog_raw='27/04/2026' | fecha_efectiva='2026-04-27' | hoy='2026-05-31'
[31-May-2026 16:41:20 UTC]       ❌ NO incluido (fecha no coincide)
[31-May-2026 16:41:20 UTC]    📅 Envío #27886: post_date_raw='2026-04-28 01:01:30' | fecha_reprog_raw='28/04/2026' | fecha_efectiva='2026-04-28' | hoy='2026-05-31'
[31-May-2026 16:41:20 UTC]       ❌ NO incluido (fecha no coincide)
[31-May-2026 16:41:20 UTC]    📅 Envío #27887: post_date_raw='2026-04-28 01:12:16' | fecha_reprog_raw='28/04/2026' | fecha_efectiva='2026-04-28' | hoy='2026-05-31'
[31-May-2026 16:41:20 UTC]       ❌ NO incluido (fecha no coincide)
[31-May-2026 16:41:20 UTC]    📅 Envío #28120: post_date_raw='2026-04-28 13:19:24' | fecha_reprog_raw='28/04/2026' | fecha_efectiva='2026-04-28' | hoy='2026-05-31'
[31-May-2026 16:41:20 UTC]       ❌ NO incluido (fecha no coincide)
[31-May-2026 16:41:20 UTC]    📅 Envío #28121: post_date_raw='2026-04-28 13:19:24' | fecha_reprog_raw='28/04/2026' | fecha_efectiva='2026-04-28' | hoy='2026-05-31'
[31-May-2026 16:41:20 UTC]       ❌ NO incluido (fecha no coincide)
[31-May-2026 16:41:20 UTC]    📅 Envío #30055: post_date_raw='2026-05-02 11:50:41' | fecha_reprog_raw='02/05/2026' | fecha_efectiva='2026-05-02' | hoy='2026-05-31'
[31-May-2026 16:41:20 UTC]       ❌ NO incluido (fecha no coincide)
[31-May-2026 16:41:20 UTC]    📅 Envío #30725: post_date_raw='2026-05-04 20:13:18' | fecha_reprog_raw='04/05/2026' | fecha_efectiva='2026-05-04' | hoy='2026-05-31'
[31-May-2026 16:41:20 UTC]       ❌ NO incluido (fecha no coincide)
[31-May-2026 16:41:20 UTC]    📅 Envío #31057: post_date_raw='2026-05-05 23:49:33' | fecha_reprog_raw='05/05/2026' | fecha_efectiva='2026-05-05' | hoy='2026-05-31'
[31-May-2026 16:41:20 UTC]       ❌ NO incluido (fecha no coincide)
[31-May-2026 16:41:20 UTC]    📅 Envío #31058: post_date_raw='2026-05-05 23:50:31' | fecha_reprog_raw='05/05/2026' | fecha_efectiva='2026-05-05' | hoy='2026-05-31'
[31-May-2026 16:41:20 UTC]       ❌ NO incluido (fecha no coincide)
[31-May-2026 16:41:20 UTC]    📅 Envío #31059: post_date_raw='2026-05-05 23:51:20' | fecha_reprog_raw='05/05/2026' | fecha_efectiva='2026-05-05' | hoy='2026-05-31'
[31-May-2026 16:41:20 UTC]       ❌ NO incluido (fecha no coincide)
[31-May-2026 16:41:20 UTC] 📦 Total envíos encontrados para HOY: 0
[31-May-2026 16:41:20 UTC] ✅ PERMITIDO: Cliente #118 sin envíos hoy - Puede crear
[31-May-2026 16:41:20 UTC] =====================================
[31-May-2026 16:41:20 UTC] =====================================
[31-May-2026 16:41:20 UTC] 🔍 VERIFICANDO BLOQUEO - Cliente: #118 | Fecha: 2026-05-31
[31-May-2026 16:41:20 UTC] URL actual: /dashboard/
[31-May-2026 16:41:20 UTC] =====================================
[31-May-2026 16:41:20 UTC] 🔎 SQL Query: 
        SELECT 
            p.ID, 
            p.post_date,
            pm_status.meta_value as estado,
            pm_pago.meta_value as estado_pago,
            pm_fecha_reprog.meta_value as fecha_reprogramada
        FROM wp_posts p
        LEFT JOIN wp_postmeta pm_shipper 
            ON p.ID = pm_shipper.post_id 
            AND pm_shipper.meta_key = 'registered_shipper'
        LEFT JOIN wp_postmeta pm_status 
            ON p.ID = pm_status.post_id 
            AND pm_status.meta_key = 'wpcargo_status'
        LEFT JOIN wp_postmeta pm_pago 
            ON p.ID = pm_pago.post_id 
            AND pm_pago.meta_key = 'wpcargo_estado_pago_remitente'
        LEFT JOIN wp_postmeta pm_fecha_reprog 
            ON p.ID = pm_fecha_reprog.post_id 
            AND pm_fecha_reprog.meta_key = 'wpcargo_pickup_date_picker'
        WHERE p.post_type = 'wpcargo_shipment'
        AND p.post_status = 'publish'
        AND pm_shipper.meta_value = '118'
    
[31-May-2026 16:41:20 UTC] 📊 Total envíos del cliente (sin filtrar): 39
[31-May-2026 16:41:20 UTC]    📅 Envío #20270: post_date_raw='2026-04-10 10:33:55' | fecha_reprog_raw='10/04/2026' | fecha_efectiva='2026-04-10' | hoy='2026-05-31'
[31-May-2026 16:41:20 UTC]       ❌ NO incluido (fecha no coincide)
[31-May-2026 16:41:20 UTC]    📅 Envío #20300: post_date_raw='2026-04-10 11:15:29' | fecha_reprog_raw='10/04/2026' | fecha_efectiva='2026-04-10' | hoy='2026-05-31'
[31-May-2026 16:41:20 UTC]       ❌ NO incluido (fecha no coincide)
[31-May-2026 16:41:20 UTC]    📅 Envío #20449: post_date_raw='2026-04-10 14:13:03' | fecha_reprog_raw='10/04/2026' | fecha_efectiva='2026-04-10' | hoy='2026-05-31'
[31-May-2026 16:41:20 UTC]       ❌ NO incluido (fecha no coincide)
[31-May-2026 16:41:20 UTC]    📅 Envío #20510: post_date_raw='2026-04-10 16:42:46' | fecha_reprog_raw='10/04/2026' | fecha_efectiva='2026-04-10' | hoy='2026-05-31'
[31-May-2026 16:41:20 UTC]       ❌ NO incluido (fecha no coincide)
[31-May-2026 16:41:20 UTC]    📅 Envío #21218: post_date_raw='2026-04-13 00:45:25' | fecha_reprog_raw='13/04/2026' | fecha_efectiva='2026-04-13' | hoy='2026-05-31'
[31-May-2026 16:41:20 UTC]       ❌ NO incluido (fecha no coincide)
[31-May-2026 16:41:20 UTC]    📅 Envío #21219: post_date_raw='2026-04-13 00:45:56' | fecha_reprog_raw='13/04/2026' | fecha_efectiva='2026-04-13' | hoy='2026-05-31'
[31-May-2026 16:41:20 UTC]       ❌ NO incluido (fecha no coincide)
[31-May-2026 16:41:20 UTC]    📅 Envío #22212: post_date_raw='2026-04-14 18:55:48' | fecha_reprog_raw='14/04/2026' | fecha_efectiva='2026-04-14' | hoy='2026-05-31'
[31-May-2026 16:41:20 UTC]       ❌ NO incluido (fecha no coincide)
[31-May-2026 16:41:20 UTC]    📅 Envío #22227: post_date_raw='2026-04-14 19:07:40' | fecha_reprog_raw='14/04/2026' | fecha_efectiva='2026-04-14' | hoy='2026-05-31'
[31-May-2026 16:41:20 UTC]       ❌ NO incluido (fecha no coincide)
[31-May-2026 16:41:20 UTC]    📅 Envío #22239: post_date_raw='2026-04-14 19:50:56' | fecha_reprog_raw='14/04/2026' | fecha_efectiva='2026-04-14' | hoy='2026-05-31'
[31-May-2026 16:41:20 UTC]       ❌ NO incluido (fecha no coincide)
[31-May-2026 16:41:20 UTC]    📅 Envío #22246: post_date_raw='2026-04-14 21:12:02' | fecha_reprog_raw='14/04/2026' | fecha_efectiva='2026-04-14' | hoy='2026-05-31'
[31-May-2026 16:41:20 UTC]       ❌ NO incluido (fecha no coincide)
[31-May-2026 16:41:20 UTC]    📅 Envío #22249: post_date_raw='2026-04-14 21:35:30' | fecha_reprog_raw='14/04/2026' | fecha_efectiva='2026-04-14' | hoy='2026-05-31'
[31-May-2026 16:41:20 UTC]       ❌ NO incluido (fecha no coincide)
[31-May-2026 16:41:20 UTC]    📅 Envío #22288: post_date_raw='2026-04-15 05:36:25' | fecha_reprog_raw='15/04/2026' | fecha_efectiva='2026-04-15' | hoy='2026-05-31'
[31-May-2026 16:41:20 UTC]       ❌ NO incluido (fecha no coincide)
[31-May-2026 16:41:20 UTC]    📅 Envío #22296: post_date_raw='2026-04-15 08:07:21' | fecha_reprog_raw='15/04/2026' | fecha_efectiva='2026-04-15' | hoy='2026-05-31'
[31-May-2026 16:41:20 UTC]       ❌ NO incluido (fecha no coincide)
[31-May-2026 16:41:20 UTC]    📅 Envío #22299: post_date_raw='2026-04-15 08:20:34' | fecha_reprog_raw='15/04/2026' | fecha_efectiva='2026-04-15' | hoy='2026-05-31'
[31-May-2026 16:41:20 UTC]       ❌ NO incluido (fecha no coincide)
[31-May-2026 16:41:20 UTC]    📅 Envío #22553: post_date_raw='2026-04-15 14:28:43' | fecha_reprog_raw='15/04/2026' | fecha_efectiva='2026-04-15' | hoy='2026-05-31'
[31-May-2026 16:41:20 UTC]       ❌ NO incluido (fecha no coincide)
[31-May-2026 16:41:20 UTC]    📅 Envío #22862: post_date_raw='2026-04-16 06:00:39' | fecha_reprog_raw='16/04/2026' | fecha_efectiva='2026-04-16' | hoy='2026-05-31'
[31-May-2026 16:41:20 UTC]       ❌ NO incluido (fecha no coincide)
[31-May-2026 16:41:20 UTC]    📅 Envío #25028: post_date_raw='2026-04-22 08:18:20' | fecha_reprog_raw='22/04/2026' | fecha_efectiva='2026-04-22' | hoy='2026-05-31'
[31-May-2026 16:41:20 UTC]       ❌ NO incluido (fecha no coincide)
[31-May-2026 16:41:20 UTC]    📅 Envío #25878: post_date_raw='2026-04-23 18:40:25' | fecha_reprog_raw='23/04/2026' | fecha_efectiva='2026-04-23' | hoy='2026-05-31'
[31-May-2026 16:41:20 UTC]       ❌ NO incluido (fecha no coincide)
[31-May-2026 16:41:20 UTC]    📅 Envío #25915: post_date_raw='2026-04-23 19:20:30' | fecha_reprog_raw='23/04/2026' | fecha_efectiva='2026-04-23' | hoy='2026-05-31'
[31-May-2026 16:41:20 UTC]       ❌ NO incluido (fecha no coincide)
[31-May-2026 16:41:20 UTC]    📅 Envío #26416: post_date_raw='2026-04-24 16:48:56' | fecha_reprog_raw='25/04/2026' | fecha_efectiva='2026-04-25' | hoy='2026-05-31'
[31-May-2026 16:41:20 UTC]       ❌ NO incluido (fecha no coincide)
[31-May-2026 16:41:20 UTC]    📅 Envío #26879: post_date_raw='2026-04-25 15:14:16' | fecha_reprog_raw='25/04/2026' | fecha_efectiva='2026-04-25' | hoy='2026-05-31'
[31-May-2026 16:41:20 UTC]       ❌ NO incluido (fecha no coincide)
[31-May-2026 16:41:20 UTC]    📅 Envío #27468: post_date_raw='2026-04-27 13:19:10' | fecha_reprog_raw='27/04/2026' | fecha_efectiva='2026-04-27' | hoy='2026-05-31'
[31-May-2026 16:41:20 UTC]       ❌ NO incluido (fecha no coincide)
[31-May-2026 16:41:20 UTC]    📅 Envío #27541: post_date_raw='2026-04-27 15:59:10' | fecha_reprog_raw='27/04/2026' | fecha_efectiva='2026-04-27' | hoy='2026-05-31'
[31-May-2026 16:41:20 UTC]       ❌ NO incluido (fecha no coincide)
[31-May-2026 16:41:20 UTC]    📅 Envío #27622: post_date_raw='2026-04-27 17:53:17' | fecha_reprog_raw='' | fecha_efectiva='2026-04-27' | hoy='2026-05-31'
[31-May-2026 16:41:20 UTC]       ❌ NO incluido (fecha no coincide)
[31-May-2026 16:41:20 UTC]    📅 Envío #27623: post_date_raw='2026-04-27 17:54:39' | fecha_reprog_raw='27/04/2026' | fecha_efectiva='2026-04-27' | hoy='2026-05-31'
[31-May-2026 16:41:20 UTC]       ❌ NO incluido (fecha no coincide)
[31-May-2026 16:41:20 UTC]    📅 Envío #27636: post_date_raw='2026-04-27 18:03:01' | fecha_reprog_raw='27/04/2026' | fecha_efectiva='2026-04-27' | hoy='2026-05-31'
[31-May-2026 16:41:20 UTC]       ❌ NO incluido (fecha no coincide)
[31-May-2026 16:41:20 UTC]    📅 Envío #27652: post_date_raw='2026-04-27 18:12:58' | fecha_reprog_raw='27/04/2026' | fecha_efectiva='2026-04-27' | hoy='2026-05-31'
[31-May-2026 16:41:20 UTC]       ❌ NO incluido (fecha no coincide)
[31-May-2026 16:41:20 UTC]    📅 Envío #27679: post_date_raw='2026-04-27 18:49:54' | fecha_reprog_raw='27/04/2026' | fecha_efectiva='2026-04-27' | hoy='2026-05-31'
[31-May-2026 16:41:20 UTC]       ❌ NO incluido (fecha no coincide)
[31-May-2026 16:41:20 UTC]    📅 Envío #27684: post_date_raw='2026-04-27 18:53:53' | fecha_reprog_raw='27/04/2026' | fecha_efectiva='2026-04-27' | hoy='2026-05-31'
[31-May-2026 16:41:20 UTC]       ❌ NO incluido (fecha no coincide)
[31-May-2026 16:41:20 UTC]    📅 Envío #27700: post_date_raw='2026-04-27 18:59:23' | fecha_reprog_raw='27/04/2026' | fecha_efectiva='2026-04-27' | hoy='2026-05-31'
[31-May-2026 16:41:20 UTC]       ❌ NO incluido (fecha no coincide)
[31-May-2026 16:41:20 UTC]    📅 Envío #27886: post_date_raw='2026-04-28 01:01:30' | fecha_reprog_raw='28/04/2026' | fecha_efectiva='2026-04-28' | hoy='2026-05-31'
[31-May-2026 16:41:20 UTC]       ❌ NO incluido (fecha no coincide)
[31-May-2026 16:41:20 UTC]    📅 Envío #27887: post_date_raw='2026-04-28 01:12:16' | fecha_reprog_raw='28/04/2026' | fecha_efectiva='2026-04-28' | hoy='2026-05-31'
[31-May-2026 16:41:20 UTC]       ❌ NO incluido (fecha no coincide)
[31-May-2026 16:41:20 UTC]    📅 Envío #28120: post_date_raw='2026-04-28 13:19:24' | fecha_reprog_raw='28/04/2026' | fecha_efectiva='2026-04-28' | hoy='2026-05-31'
[31-May-2026 16:41:20 UTC]       ❌ NO incluido (fecha no coincide)
[31-May-2026 16:41:20 UTC]    📅 Envío #28121: post_date_raw='2026-04-28 13:19:24' | fecha_reprog_raw='28/04/2026' | fecha_efectiva='2026-04-28' | hoy='2026-05-31'
[31-May-2026 16:41:20 UTC]       ❌ NO incluido (fecha no coincide)
[31-May-2026 16:41:20 UTC]    📅 Envío #30055: post_date_raw='2026-05-02 11:50:41' | fecha_reprog_raw='02/05/2026' | fecha_efectiva='2026-05-02' | hoy='2026-05-31'
[31-May-2026 16:41:20 UTC]       ❌ NO incluido (fecha no coincide)
[31-May-2026 16:41:20 UTC]    📅 Envío #30725: post_date_raw='2026-05-04 20:13:18' | fecha_reprog_raw='04/05/2026' | fecha_efectiva='2026-05-04' | hoy='2026-05-31'
[31-May-2026 16:41:20 UTC]       ❌ NO incluido (fecha no coincide)
[31-May-2026 16:41:20 UTC]    📅 Envío #31057: post_date_raw='2026-05-05 23:49:33' | fecha_reprog_raw='05/05/2026' | fecha_efectiva='2026-05-05' | hoy='2026-05-31'
[31-May-2026 16:41:20 UTC]       ❌ NO incluido (fecha no coincide)
[31-May-2026 16:41:20 UTC]    📅 Envío #31058: post_date_raw='2026-05-05 23:50:31' | fecha_reprog_raw='05/05/2026' | fecha_efectiva='2026-05-05' | hoy='2026-05-31'
[31-May-2026 16:41:20 UTC]       ❌ NO incluido (fecha no coincide)
[31-May-2026 16:41:20 UTC]    📅 Envío #31059: post_date_raw='2026-05-05 23:51:20' | fecha_reprog_raw='05/05/2026' | fecha_efectiva='2026-05-05' | hoy='2026-05-31'
[31-May-2026 16:41:20 UTC]       ❌ NO incluido (fecha no coincide)
[31-May-2026 16:41:20 UTC] 📦 Total envíos encontrados para HOY: 0
[31-May-2026 16:41:20 UTC] ✅ PERMITIDO: Cliente #118 sin envíos hoy - Puede crear
[31-May-2026 16:41:20 UTC] =====================================
[31-May-2026 16:41:20 UTC] =====================================
[31-May-2026 16:41:20 UTC] 🔍 VERIFICANDO BLOQUEO - Cliente: #118 | Fecha: 2026-05-31
[31-May-2026 16:41:20 UTC] URL actual: /dashboard/
[31-May-2026 16:41:20 UTC] =====================================
[31-May-2026 16:41:20 UTC] 🔎 SQL Query: 
        SELECT 
            p.ID, 
            p.post_date,
            pm_status.meta_value as estado,
            pm_pago.meta_value as estado_pago,
            pm_fecha_reprog.meta_value as fecha_reprogramada
        FROM wp_posts p
        LEFT JOIN wp_postmeta pm_shipper 
            ON p.ID = pm_shipper.post_id 
            AND pm_shipper.meta_key = 'registered_shipper'
        LEFT JOIN wp_postmeta pm_status 
            ON p.ID = pm_status.post_id 
            AND pm_status.meta_key = 'wpcargo_status'
        LEFT JOIN wp_postmeta pm_pago 
            ON p.ID = pm_pago.post_id 
            AND pm_pago.meta_key = 'wpcargo_estado_pago_remitente'
        LEFT JOIN wp_postmeta pm_fecha_reprog 
            ON p.ID = pm_fecha_reprog.post_id 
            AND pm_fecha_reprog.meta_key = 'wpcargo_pickup_date_picker'
        WHERE p.post_type = 'wpcargo_shipment'
        AND p.post_status = 'publish'
        AND pm_shipper.meta_value = '118'
    
[31-May-2026 16:41:20 UTC] 📊 Total envíos del cliente (sin filtrar): 39
[31-May-2026 16:41:20 UTC]    📅 Envío #20270: post_date_raw='2026-04-10 10:33:55' | fecha_reprog_raw='10/04/2026' | fecha_efectiva='2026-04-10' | hoy='2026-05-31'
[31-May-2026 16:41:20 UTC]       ❌ NO incluido (fecha no coincide)
[31-May-2026 16:41:20 UTC]    📅 Envío #20300: post_date_raw='2026-04-10 11:15:29' | fecha_reprog_raw='10/04/2026' | fecha_efectiva='2026-04-10' | hoy='2026-05-31'
[31-May-2026 16:41:20 UTC]       ❌ NO incluido (fecha no coincide)
[31-May-2026 16:41:20 UTC]    📅 Envío #20449: post_date_raw='2026-04-10 14:13:03' | fecha_reprog_raw='10/04/2026' | fecha_efectiva='2026-04-10' | hoy='2026-05-31'
[31-May-2026 16:41:20 UTC]       ❌ NO incluido (fecha no coincide)
[31-May-2026 16:41:20 UTC]    📅 Envío #20510: post_date_raw='2026-04-10 16:42:46' | fecha_reprog_raw='10/04/2026' | fecha_efectiva='2026-04-10' | hoy='2026-05-31'
[31-May-2026 16:41:20 UTC]       ❌ NO incluido (fecha no coincide)
[31-May-2026 16:41:20 UTC]    📅 Envío #21218: post_date_raw='2026-04-13 00:45:25' | fecha_reprog_raw='13/04/2026' | fecha_efectiva='2026-04-13' | hoy='2026-05-31'
[31-May-2026 16:41:20 UTC]       ❌ NO incluido (fecha no coincide)
[31-May-2026 16:41:20 UTC]    📅 Envío #21219: post_date_raw='2026-04-13 00:45:56' | fecha_reprog_raw='13/04/2026' | fecha_efectiva='2026-04-13' | hoy='2026-05-31'
[31-May-2026 16:41:20 UTC]       ❌ NO incluido (fecha no coincide)
[31-May-2026 16:41:20 UTC]    📅 Envío #22212: post_date_raw='2026-04-14 18:55:48' | fecha_reprog_raw='14/04/2026' | fecha_efectiva='2026-04-14' | hoy='2026-05-31'
[31-May-2026 16:41:20 UTC]       ❌ NO incluido (fecha no coincide)
[31-May-2026 16:41:20 UTC]    📅 Envío #22227: post_date_raw='2026-04-14 19:07:40' | fecha_reprog_raw='14/04/2026' | fecha_efectiva='2026-04-14' | hoy='2026-05-31'
[31-May-2026 16:41:20 UTC]       ❌ NO incluido (fecha no coincide)
[31-May-2026 16:41:20 UTC]    📅 Envío #22239: post_date_raw='2026-04-14 19:50:56' | fecha_reprog_raw='14/04/2026' | fecha_efectiva='2026-04-14' | hoy='2026-05-31'
[31-May-2026 16:41:20 UTC]       ❌ NO incluido (fecha no coincide)
[31-May-2026 16:41:20 UTC]    📅 Envío #22246: post_date_raw='2026-04-14 21:12:02' | fecha_reprog_raw='14/04/2026' | fecha_efectiva='2026-04-14' | hoy='2026-05-31'
[31-May-2026 16:41:20 UTC]       ❌ NO incluido (fecha no coincide)
[31-May-2026 16:41:20 UTC]    📅 Envío #22249: post_date_raw='2026-04-14 21:35:30' | fecha_reprog_raw='14/04/2026' | fecha_efectiva='2026-04-14' | hoy='2026-05-31'
[31-May-2026 16:41:20 UTC]       ❌ NO incluido (fecha no coincide)
[31-May-2026 16:41:20 UTC]    📅 Envío #22288: post_date_raw='2026-04-15 05:36:25' | fecha_reprog_raw='15/04/2026' | fecha_efectiva='2026-04-15' | hoy='2026-05-31'
[31-May-2026 16:41:20 UTC]       ❌ NO incluido (fecha no coincide)
[31-May-2026 16:41:20 UTC]    📅 Envío #22296: post_date_raw='2026-04-15 08:07:21' | fecha_reprog_raw='15/04/2026' | fecha_efectiva='2026-04-15' | hoy='2026-05-31'
[31-May-2026 16:41:20 UTC]       ❌ NO incluido (fecha no coincide)
[31-May-2026 16:41:20 UTC]    📅 Envío #22299: post_date_raw='2026-04-15 08:20:34' | fecha_reprog_raw='15/04/2026' | fecha_efectiva='2026-04-15' | hoy='2026-05-31'
[31-May-2026 16:41:20 UTC]       ❌ NO incluido (fecha no coincide)
[31-May-2026 16:41:20 UTC]    📅 Envío #22553: post_date_raw='2026-04-15 14:28:43' | fecha_reprog_raw='15/04/2026' | fecha_efectiva='2026-04-15' | hoy='2026-05-31'
[31-May-2026 16:41:20 UTC]       ❌ NO incluido (fecha no coincide)
[31-May-2026 16:41:20 UTC]    📅 Envío #22862: post_date_raw='2026-04-16 06:00:39' | fecha_reprog_raw='16/04/2026' | fecha_efectiva='2026-04-16' | hoy='2026-05-31'
[31-May-2026 16:41:20 UTC]       ❌ NO incluido (fecha no coincide)
[31-May-2026 16:41:20 UTC]    📅 Envío #25028: post_date_raw='2026-04-22 08:18:20' | fecha_reprog_raw='22/04/2026' | fecha_efectiva='2026-04-22' | hoy='2026-05-31'
[31-May-2026 16:41:20 UTC]       ❌ NO incluido (fecha no coincide)
[31-May-2026 16:41:20 UTC]    📅 Envío #25878: post_date_raw='2026-04-23 18:40:25' | fecha_reprog_raw='23/04/2026' | fecha_efectiva='2026-04-23' | hoy='2026-05-31'
[31-May-2026 16:41:20 UTC]       ❌ NO incluido (fecha no coincide)
[31-May-2026 16:41:20 UTC]    📅 Envío #25915: post_date_raw='2026-04-23 19:20:30' | fecha_reprog_raw='23/04/2026' | fecha_efectiva='2026-04-23' | hoy='2026-05-31'
[31-May-2026 16:41:20 UTC]       ❌ NO incluido (fecha no coincide)
[31-May-2026 16:41:20 UTC]    📅 Envío #26416: post_date_raw='2026-04-24 16:48:56' | fecha_reprog_raw='25/04/2026' | fecha_efectiva='2026-04-25' | hoy='2026-05-31'
[31-May-2026 16:41:20 UTC]       ❌ NO incluido (fecha no coincide)
[31-May-2026 16:41:20 UTC]    📅 Envío #26879: post_date_raw='2026-04-25 15:14:16' | fecha_reprog_raw='25/04/2026' | fecha_efectiva='2026-04-25' | hoy='2026-05-31'
[31-May-2026 16:41:20 UTC]       ❌ NO incluido (fecha no coincide)
[31-May-2026 16:41:20 UTC]    📅 Envío #27468: post_date_raw='2026-04-27 13:19:10' | fecha_reprog_raw='27/04/2026' | fecha_efectiva='2026-04-27' | hoy='2026-05-31'
[31-May-2026 16:41:20 UTC]       ❌ NO incluido (fecha no coincide)
[31-May-2026 16:41:20 UTC]    📅 Envío #27541: post_date_raw='2026-04-27 15:59:10' | fecha_reprog_raw='27/04/2026' | fecha_efectiva='2026-04-27' | hoy='2026-05-31'
[31-May-2026 16:41:20 UTC]       ❌ NO incluido (fecha no coincide)
[31-May-2026 16:41:20 UTC]    📅 Envío #27622: post_date_raw='2026-04-27 17:53:17' | fecha_reprog_raw='' | fecha_efectiva='2026-04-27' | hoy='2026-05-31'
[31-May-2026 16:41:20 UTC]       ❌ NO incluido (fecha no coincide)
[31-May-2026 16:41:20 UTC]    📅 Envío #27623: post_date_raw='2026-04-27 17:54:39' | fecha_reprog_raw='27/04/2026' | fecha_efectiva='2026-04-27' | hoy='2026-05-31'
[31-May-2026 16:41:20 UTC]       ❌ NO incluido (fecha no coincide)
[31-May-2026 16:41:20 UTC]    📅 Envío #27636: post_date_raw='2026-04-27 18:03:01' | fecha_reprog_raw='27/04/2026' | fecha_efectiva='2026-04-27' | hoy='2026-05-31'
[31-May-2026 16:41:20 UTC]       ❌ NO incluido (fecha no coincide)
[31-May-2026 16:41:20 UTC]    📅 Envío #27652: post_date_raw='2026-04-27 18:12:58' | fecha_reprog_raw='27/04/2026' | fecha_efectiva='2026-04-27' | hoy='2026-05-31'
[31-May-2026 16:41:20 UTC]       ❌ NO incluido (fecha no coincide)
[31-May-2026 16:41:20 UTC]    📅 Envío #27679: post_date_raw='2026-04-27 18:49:54' | fecha_reprog_raw='27/04/2026' | fecha_efectiva='2026-04-27' | hoy='2026-05-31'
[31-May-2026 16:41:20 UTC]       ❌ NO incluido (fecha no coincide)
[31-May-2026 16:41:20 UTC]    📅 Envío #27684: post_date_raw='2026-04-27 18:53:53' | fecha_reprog_raw='27/04/2026' | fecha_efectiva='2026-04-27' | hoy='2026-05-31'
[31-May-2026 16:41:20 UTC]       ❌ NO incluido (fecha no coincide)
[31-May-2026 16:41:20 UTC]    📅 Envío #27700: post_date_raw='2026-04-27 18:59:23' | fecha_reprog_raw='27/04/2026' | fecha_efectiva='2026-04-27' | hoy='2026-05-31'
[31-May-2026 16:41:20 UTC]       ❌ NO incluido (fecha no coincide)
[31-May-2026 16:41:20 UTC]    📅 Envío #27886: post_date_raw='2026-04-28 01:01:30' | fecha_reprog_raw='28/04/2026' | fecha_efectiva='2026-04-28' | hoy='2026-05-31'
[31-May-2026 16:41:20 UTC]       ❌ NO incluido (fecha no coincide)
[31-May-2026 16:41:20 UTC]    📅 Envío #27887: post_date_raw='2026-04-28 01:12:16' | fecha_reprog_raw='28/04/2026' | fecha_efectiva='2026-04-28' | hoy='2026-05-31'
[31-May-2026 16:41:20 UTC]       ❌ NO incluido (fecha no coincide)
[31-May-2026 16:41:20 UTC]    📅 Envío #28120: post_date_raw='2026-04-28 13:19:24' | fecha_reprog_raw='28/04/2026' | fecha_efectiva='2026-04-28' | hoy='2026-05-31'
[31-May-2026 16:41:20 UTC]       ❌ NO incluido (fecha no coincide)
[31-May-2026 16:41:20 UTC]    📅 Envío #28121: post_date_raw='2026-04-28 13:19:24' | fecha_reprog_raw='28/04/2026' | fecha_efectiva='2026-04-28' | hoy='2026-05-31'
[31-May-2026 16:41:20 UTC]       ❌ NO incluido (fecha no coincide)
[31-May-2026 16:41:20 UTC]    📅 Envío #30055: post_date_raw='2026-05-02 11:50:41' | fecha_reprog_raw='02/05/2026' | fecha_efectiva='2026-05-02' | hoy='2026-05-31'
[31-May-2026 16:41:20 UTC]       ❌ NO incluido (fecha no coincide)
[31-May-2026 16:41:20 UTC]    📅 Envío #30725: post_date_raw='2026-05-04 20:13:18' | fecha_reprog_raw='04/05/2026' | fecha_efectiva='2026-05-04' | hoy='2026-05-31'
[31-May-2026 16:41:20 UTC]       ❌ NO incluido (fecha no coincide)
[31-May-2026 16:41:20 UTC]    📅 Envío #31057: post_date_raw='2026-05-05 23:49:33' | fecha_reprog_raw='05/05/2026' | fecha_efectiva='2026-05-05' | hoy='2026-05-31'
[31-May-2026 16:41:20 UTC]       ❌ NO incluido (fecha no coincide)
[31-May-2026 16:41:20 UTC]    📅 Envío #31058: post_date_raw='2026-05-05 23:50:31' | fecha_reprog_raw='05/05/2026' | fecha_efectiva='2026-05-05' | hoy='2026-05-31'
[31-May-2026 16:41:20 UTC]       ❌ NO incluido (fecha no coincide)
[31-May-2026 16:41:20 UTC]    📅 Envío #31059: post_date_raw='2026-05-05 23:51:20' | fecha_reprog_raw='05/05/2026' | fecha_efectiva='2026-05-05' | hoy='2026-05-31'
[31-May-2026 16:41:20 UTC]       ❌ NO incluido (fecha no coincide)
[31-May-2026 16:41:20 UTC] 📦 Total envíos encontrados para HOY: 0
[31-May-2026 16:41:20 UTC] ✅ PERMITIDO: Cliente #118 sin envíos hoy - Puede crear
[31-May-2026 16:41:20 UTC] =====================================
[31-May-2026 16:41:20 UTC] 🔵 [FILTER] filter_shipment_by_date_and_tiendaname llamado
[31-May-2026 16:41:20 UTC] 🔵 [FILTER] Usuario actual: 118
[31-May-2026 16:41:20 UTC] 🔵 [FILTER] Args iniciales: {"post_type":"wpcargo_shipment","post_status":"publish","posts_per_page":"100","paged":1,"s":"","meta_query":{"relation":"AND","0":{"__assignment":{"key":"registered_shipper","value":118,"compare":"="}}},"date_query":[{"after":"2026-05-31","before":"2026-05-31","inclusive":true}]}
[31-May-2026 16:41:20 UTC] 🔵 [FILTER] GET params: Array
(
)

[31-May-2026 16:41:20 UTC] 🔵 [FILTER] Sin parámetros de fecha, aplicando HOY por defecto: 2026-05-31
[31-May-2026 16:41:20 UTC] 🔵 [FILTER] Fecha desde: '2026-05-31' | Fecha hasta: '2026-05-31'
[31-May-2026 16:41:20 UTC] 🔵 [FILTER] has_from: true | has_to: true
[31-May-2026 16:41:20 UTC] 🔵 [FILTER] REMOVIENDO date_query para evitar conflicto
[31-May-2026 16:41:20 UTC] 🔵 [FILTER] SQL Query: 
            SELECT DISTINCT p.ID 
            FROM wp_posts p
            INNER JOIN wp_postmeta pm ON p.ID = pm.post_id
            WHERE p.post_type = 'wpcargo_shipment'
            AND pm.meta_key IN ('wpcargo_pickup_date_picker', 'wpcargo_pickup_date', 'calendarenvio', 'wpcargo_fecha_envio')
            AND (STR_TO_DATE(pm.meta_value, '%d/%m/%Y') >= STR_TO_DATE('2026-05-31', '%Y-%m-%d') AND STR_TO_DATE(pm.meta_value, '%d/%m/%Y') <= STR_TO_DATE('2026-05-31', '%Y-%m-%d'))
        
[31-May-2026 16:41:20 UTC] 🔵 [FILTER] IDs encontrados por fecha: 0
[31-May-2026 16:41:20 UTC] 🔵 [FILTER] Sin resultados de fecha, forzando búsqueda vacía
[31-May-2026 16:41:20 UTC] 🔵 [FILTER] Args finales: {"post_type":"wpcargo_shipment","post_status":"publish","posts_per_page":"100","paged":1,"s":"","meta_query":{"relation":"AND","0":{"__assignment":{"key":"registered_shipper","value":118,"compare":"="}}},"post__in":[0]}
[31-May-2026 16:41:24 UTC] 🔔 [MERC_LOG] Inicializado logger diario: /var/www/html/wp-content/merc_logs/merc-debug-2026-05-31.log
[31-May-2026 16:41:24 UTC] 🔔 [MERC_LOG] Inicializado logger diario: /var/www/html/wp-content/merc_logs/merc-debug-2026-05-31.log
[31-May-2026 16:41:37 UTC] 🔔 [MERC_LOG] Inicializado logger diario: /var/www/html/wp-content/merc_logs/merc-debug-2026-05-31.log
[31-May-2026 16:41:45 UTC] 🔔 [MERC_LOG] Inicializado logger diario: /var/www/html/wp-content/merc_logs/merc-debug-2026-05-31.log
[31-May-2026 16:41:46 UTC] 🔔 [MERC_LOG] Inicializado logger diario: /var/www/html/wp-content/merc_logs/merc-debug-2026-05-31.log
[31-May-2026 16:41:57 UTC] 🔔 [MERC_LOG] Inicializado logger diario: /var/www/html/wp-content/merc_logs/merc-debug-2026-05-31.log
[31-May-2026 16:41:57 UTC] 🔔 [MERC_LOG] Inicializado logger diario: /var/www/html/wp-content/merc_logs/merc-debug-2026-05-31.log
[31-May-2026 16:42:01 UTC] 🔔 [MERC_LOG] Inicializado logger diario: /var/www/html/wp-content/merc_logs/merc-debug-2026-05-31.log
[31-May-2026 16:42:03 UTC] 🔵 [FILTER] filter_shipment_by_date_and_tiendaname llamado
[31-May-2026 16:42:03 UTC] 🔵 [FILTER] Usuario actual: 109
[31-May-2026 16:42:03 UTC] 🔵 [FILTER] Args iniciales: {"post_type":"wpcargo_shipment","post_status":"publish","posts_per_page":"500","paged":1,"s":"","meta_query":{"relation":"AND","0":[]},"date_query":[{"after":"2026-04-01","before":"2026-05-31","inclusive":true}]}
[31-May-2026 16:42:03 UTC] 🔵 [FILTER] GET params: Array
(
)

[31-May-2026 16:42:03 UTC] 🔵 [FILTER] Sin parámetros de fecha, aplicando HOY por defecto: 2026-05-31
[31-May-2026 16:42:03 UTC] 🔵 [FILTER] Fecha desde: '2026-05-31' | Fecha hasta: '2026-05-31'
[31-May-2026 16:42:03 UTC] 🔵 [FILTER] has_from: true | has_to: true
[31-May-2026 16:42:03 UTC] 🔵 [FILTER] REMOVIENDO date_query para evitar conflicto
[31-May-2026 16:42:03 UTC] 🔵 [FILTER] SQL Query: 
            SELECT DISTINCT p.ID 
            FROM wp_posts p
            INNER JOIN wp_postmeta pm ON p.ID = pm.post_id
            WHERE p.post_type = 'wpcargo_shipment'
            AND pm.meta_key IN ('wpcargo_pickup_date_picker', 'wpcargo_pickup_date', 'calendarenvio', 'wpcargo_fecha_envio')
            AND (STR_TO_DATE(pm.meta_value, '%d/%m/%Y') >= STR_TO_DATE('2026-05-31', '%Y-%m-%d') AND STR_TO_DATE(pm.meta_value, '%d/%m/%Y') <= STR_TO_DATE('2026-05-31', '%Y-%m-%d'))
        
[31-May-2026 16:42:03 UTC] 🔵 [FILTER] IDs encontrados por fecha: 0
[31-May-2026 16:42:03 UTC] 🔵 [FILTER] Sin resultados de fecha, forzando búsqueda vacía
[31-May-2026 16:42:03 UTC] 🔵 [FILTER] Args finales: {"post_type":"wpcargo_shipment","post_status":"publish","posts_per_page":"500","paged":1,"s":"","meta_query":{"relation":"AND","0":[]},"post__in":[0]}
[31-May-2026 16:42:11 UTC] 🔔 [MERC_LOG] Inicializado logger diario: /var/www/html/wp-content/merc_logs/merc-debug-2026-05-31.log
[31-May-2026 16:42:12 UTC] 🔔 [MERC_LOG] Inicializado logger diario: /var/www/html/wp-content/merc_logs/merc-debug-2026-05-31.log
[31-May-2026 16:42:13 UTC] PHP Warning:  Undefined variable $tipo_vista in /var/www/html/wp-content/themes/blocksy-child/functions.php on line 7944
[31-May-2026 16:42:14 UTC] MERC_ADMIN_RESUMEN - date_query="AND ( 
        EXISTS( 
            SELECT 1 FROM wp_postmeta pm_pickup 
            WHERE pm_pickup.post_id = p.ID 
              AND pm_pickup.meta_key IN ('wpcargo_pickup_date_picker','wpcargo_pickup_date','calendarenvio','wpcargo_fecha_envio')
              AND (
                    (STR_TO_DATE(pm_pickup.meta_value, '%%d/%%m/%%Y') >= STR_TO_DATE('2026-05-31', '%%Y-%%m-%%d') AND STR_TO_DATE(pm_pickup.meta_value, '%%d/%%m/%%Y') <= STR_TO_DATE('2026-05-31', '%%Y-%%m-%%d'))
                 OR (STR_TO_DATE(pm_pickup.meta_value, '%%Y-%%m-%%d') >= STR_TO_DATE('2026-05-31', '%%Y-%%m-%%d') AND STR_TO_DATE(pm_pickup.meta_value, '%%Y-%%m-%%d') <= STR_TO_DATE('2026-05-31', '%%Y-%%m-%%d'))
                 OR (pm_pickup.meta_value BETWEEN '2026-05-31' AND '2026-05-31')
                 OR (pm_pickup.meta_value LIKE '2026-05-31%')
              )
        )
        OR (p.post_date BETWEEN '2026-05-31 00:00:00' AND '2026-05-31 23:59:59')
    )"
[31-May-2026 16:42:14 UTC] MERC_ADMIN_RESUMEN - NO SHIPMENTS returned for date_query, attempting fallback by pickup meta
[31-May-2026 16:42:14 UTC] MERC_ADMIN_RESUMEN - fallback also returned NO shipments; attempting fallback by post_date range
[31-May-2026 16:42:14 UTC] MERC_ADMIN_RESUMEN_SAMPLE - id=31835 post_date=2026-05-24 11:34:58 metas={"wpcargo_pickup_date_picker":"24\/05\/2026","wpcargo_pickup_date":"","calendarenvio":"","wpcargo_fecha_envio":"","post_date":"2026-05-24 11:34:58"}
[31-May-2026 16:42:14 UTC] MERC_ADMIN_RESUMEN_SAMPLE - id=31834 post_date=2026-05-07 07:40:18 metas={"wpcargo_pickup_date_picker":"07\/05\/2026","wpcargo_pickup_date":"","calendarenvio":"","wpcargo_fecha_envio":"","post_date":"2026-05-07 07:40:18"}
[31-May-2026 16:42:14 UTC] MERC_ADMIN_RESUMEN_SAMPLE - id=31833 post_date=2026-05-07 07:37:10 metas={"wpcargo_pickup_date_picker":"07\/05\/2026","wpcargo_pickup_date":"","calendarenvio":"","wpcargo_fecha_envio":"","post_date":"2026-05-07 07:37:10"}
[31-May-2026 16:42:14 UTC] MERC_ADMIN_RESUMEN_SAMPLE - id=31832 post_date=2026-05-07 07:30:18 metas={"wpcargo_pickup_date_picker":"07\/05\/2026","wpcargo_pickup_date":"","calendarenvio":"","wpcargo_fecha_envio":"","post_date":"2026-05-07 07:30:18"}
[31-May-2026 16:42:14 UTC] MERC_ADMIN_RESUMEN_SAMPLE - id=31831 post_date=2026-05-07 07:19:40 metas={"wpcargo_pickup_date_picker":"07\/05\/2026","wpcargo_pickup_date":"","calendarenvio":"","wpcargo_fecha_envio":"","post_date":"2026-05-07 07:19:40"}
[31-May-2026 16:42:14 UTC] MERC_ADMIN_RESUMEN_SAMPLE - id=31830 post_date=2026-05-07 07:15:00 metas={"wpcargo_pickup_date_picker":"07\/05\/2026","wpcargo_pickup_date":"","calendarenvio":"","wpcargo_fecha_envio":"","post_date":"2026-05-07 07:15:00"}
[31-May-2026 16:42:14 UTC] MERC_ADMIN_RESUMEN_SAMPLE - id=31829 post_date=2026-05-07 07:14:15 metas={"wpcargo_pickup_date_picker":"07\/05\/2026","wpcargo_pickup_date":"","calendarenvio":"","wpcargo_fecha_envio":"","post_date":"2026-05-07 07:14:15"}
[31-May-2026 16:42:14 UTC] MERC_ADMIN_RESUMEN_SAMPLE - id=31828 post_date=2026-05-07 07:12:28 metas={"wpcargo_pickup_date_picker":"07\/05\/2026","wpcargo_pickup_date":"","calendarenvio":"","wpcargo_fecha_envio":"","post_date":"2026-05-07 07:12:28"}
[31-May-2026 16:42:14 UTC] MERC_ADMIN_RESUMEN_SAMPLE - id=31827 post_date=2026-05-07 07:10:08 metas={"wpcargo_pickup_date_picker":"07\/05\/2026","wpcargo_pickup_date":"","calendarenvio":"","wpcargo_fecha_envio":"","post_date":"2026-05-07 07:10:08"}
[31-May-2026 16:42:14 UTC] MERC_ADMIN_RESUMEN_SAMPLE - id=31826 post_date=2026-05-07 07:09:01 metas={"wpcargo_pickup_date_picker":"07\/05\/2026","wpcargo_pickup_date":"","calendarenvio":"","wpcargo_fecha_envio":"","post_date":"2026-05-07 07:09:01"}
[31-May-2026 16:42:14 UTC] MERC_ADMIN_RESUMEN_SAMPLE - id=31825 post_date=2026-05-07 07:08:04 metas={"wpcargo_pickup_date_picker":"07\/05\/2026","wpcargo_pickup_date":"","calendarenvio":"","wpcargo_fecha_envio":"","post_date":"2026-05-07 07:08:04"}
[31-May-2026 16:42:14 UTC] MERC_ADMIN_RESUMEN_SAMPLE - id=31824 post_date=2026-05-07 07:05:37 metas={"wpcargo_pickup_date_picker":"07\/05\/2026","wpcargo_pickup_date":"","calendarenvio":"","wpcargo_fecha_envio":"","post_date":"2026-05-07 07:05:37"}
[31-May-2026 16:42:14 UTC] MERC_ADMIN_RESUMEN_SAMPLE - id=31823 post_date=2026-05-07 07:04:42 metas={"wpcargo_pickup_date_picker":"07\/05\/2026","wpcargo_pickup_date":"","calendarenvio":"","wpcargo_fecha_envio":"","post_date":"2026-05-07 07:04:42"}
[31-May-2026 16:42:14 UTC] MERC_ADMIN_RESUMEN_SAMPLE - id=31822 post_date=2026-05-07 07:03:50 metas={"wpcargo_pickup_date_picker":"07\/05\/2026","wpcargo_pickup_date":"","calendarenvio":"","wpcargo_fecha_envio":"","post_date":"2026-05-07 07:03:50"}
[31-May-2026 16:42:14 UTC] MERC_ADMIN_RESUMEN_SAMPLE - id=31821 post_date=2026-05-07 06:20:16 metas={"wpcargo_pickup_date_picker":"07\/05\/2026","wpcargo_pickup_date":"","calendarenvio":"","wpcargo_fecha_envio":"","post_date":"2026-05-07 06:20:16"}
[31-May-2026 16:42:14 UTC] MERC_ADMIN_RESUMEN_SAMPLE - id=31820 post_date=2026-05-07 06:17:05 metas={"wpcargo_pickup_date_picker":"07\/05\/2026","wpcargo_pickup_date":"","calendarenvio":"","wpcargo_fecha_envio":"","post_date":"2026-05-07 06:17:05"}
[31-May-2026 16:42:14 UTC] MERC_ADMIN_RESUMEN_SAMPLE - id=31819 post_date=2026-05-07 03:45:00 metas={"wpcargo_pickup_date_picker":"07\/05\/2026","wpcargo_pickup_date":"","calendarenvio":"","wpcargo_fecha_envio":"","post_date":"2026-05-07 03:45:00"}
[31-May-2026 16:42:14 UTC] MERC_ADMIN_RESUMEN_SAMPLE - id=31818 post_date=2026-05-07 02:24:51 metas={"wpcargo_pickup_date_picker":"07\/05\/2026","wpcargo_pickup_date":"","calendarenvio":"","wpcargo_fecha_envio":"","post_date":"2026-05-07 02:24:51"}
[31-May-2026 16:42:14 UTC] MERC_ADMIN_RESUMEN_SAMPLE - id=31817 post_date=2026-05-07 02:23:53 metas={"wpcargo_pickup_date_picker":"07\/05\/2026","wpcargo_pickup_date":"","calendarenvio":"","wpcargo_fecha_envio":"","post_date":"2026-05-07 02:23:53"}
[31-May-2026 16:42:14 UTC] MERC_ADMIN_RESUMEN_SAMPLE - id=31816 post_date=2026-05-07 02:23:07 metas={"wpcargo_pickup_date_picker":"07\/05\/2026","wpcargo_pickup_date":"","calendarenvio":"","wpcargo_fecha_envio":"","post_date":"2026-05-07 02:23:07"}
[31-May-2026 16:42:14 UTC] MERC_ADMIN_RESUMEN - trying post_date fallback with start=2026-05-31 00:00:00 end=2026-05-31 23:59:59
[31-May-2026 16:42:14 UTC] 🔍 [MERC_ADMIN_CARDS] drivers_sql: SELECT pm_entrega.meta_value AS driver_id, COUNT(DISTINCT p.ID) AS total_entregas FROM wp_posts p LEFT JOIN wp_postmeta pm_entrega ON p.ID = pm_entrega.post_id AND pm_entrega.meta_key = 'wpcargo_motorizo_entrega' WHERE p.post_type = 'wpcargo_shipment' AND p.post_status = 'publish' AND pm_entrega.meta_value IS NOT NULL AND EXISTS( SELECT 1 FROM wp_postmeta pm_pickup WHERE pm_pickup.post_id = p.ID AND pm_pickup.meta_key = 'wpcargo_pickup_date_picker' AND ( STR_TO_DATE(pm_pickup.meta_value, '%d/%m/%Y') >= STR_TO_DATE('2026-05-31', '%Y-%m-%d') AND STR_TO_DATE(pm_pickup.meta_value, '%d/%m/%Y') <= STR_TO_DATE('2026-05-31', '%Y-%m-%d') ) ) GROUP BY pm_entrega.meta_value ORDER BY total_entregas DESC
[31-May-2026 16:42:14 UTC] 🔍 [MERC_ADMIN_CARDS] sample_ids_count: 0
[31-May-2026 16:42:14 UTC] 🔍 [MERC_ADMIN_CARDS] sample_ids EMPTY for date_query
[31-May-2026 16:42:14 UTC] 🔍 [MERC_ADMIN_CARDS] drivers_count: 0
